cfb_console.c:322:13:video_drawchars	40	static
cfb_console.c:523:13:video_invertchar	20	static
cfb_console.c:672:13:console_cursor_fix	0	static
cfb_console.c:708:13:console_cursor_set_position	0	static
cfb_console.c:724:13:console_swap_colors	0	static
cfb_console.c:577:13:console_clear_line	20	static
cfb_console.c:743:13:console_newline	24	static
cfb_console.c:316:12:board_cfb_skip	0	static
cfb_console.c:538:6:console_cursor	32	static
cfb_console.c:516:13:video_set_cursor	8	static
cfb_console.c:760:13:parse_putc	32	static
cfb_console.c:809:13:cfb_video_putc	32	static
cfb_console.c:1023:13:cfb_video_puts	24	static
cfb_console.c:1045:13:video_set_lut	0	static
cfb_console.c:1728:13:plot_logo_or_black	40	static
cfb_console.c:1713:12:do_clrlogo	8	static
cfb_console.c:2003:6:video_clear	0	static
cfb_console.c:2131:12:board_video_skip	0	static
cfb_console.c:2137:5:drv_video_init	168	static
cfb_console.c:2192:6:video_position_cursor	8	static
cfb_console.c:2198:5:video_get_pixel_width	0	static
cfb_console.c:2203:5:video_get_pixel_height	0	static
cfb_console.c:2208:5:video_get_screen_rows	0	static
cfb_console.c:2213:5:video_get_screen_columns	0	static
