00020000 t _monitor_vectors
00020020 t _secure_monitor
000200a0 T _do_nonsec_entry
000200b4 T _nonsec_init
00020140 T _psci_vectors
00020164 W default_psci_vector
00020168 W psci_affinity_info
00020168 W psci_cpu_default_suspend
00020168 W psci_cpu_freeze
00020168 W psci_cpu_suspend
00020168 W psci_features
00020168 W psci_migrate
00020168 W psci_migrate_info_type
00020168 W psci_migrate_info_up_cpu
00020168 W psci_node_hw_state
00020168 W psci_set_suspend_mode
00020168 W psci_stat_count
00020168 W psci_system_off
00020168 W psci_system_reset
00020168 W psci_system_suspend
00020168 W psci_version
00020168 W psi_stat_residency
00020170 t _psci_table
00020228 t _smc_psci
00020270 W psci_get_cpu_id
0002027c T psci_v7_flush_dcache_all
00020298 t flush_levels
000202dc t loop1
000202e0 t loop2
000202fc t skip
00020308 t finished
00020320 W psci_disable_smp
00020338 W psci_enable_smp
0002034c T psci_cpu_off_common
00020380 t psci_get_cpu_stack_top
00020390 T psci_stack_setup
000203b0 W psci_arch_cpu_entry
000203b4 T psci_cpu_entry
000203ec T psci_save
00020404 T psci_get_target_pc
00020410 T psci_get_context_id
00020420 t __mdelay
0002044c T sunxi_cpu_power_off
000204c8 T psci_fiq_enter
00020518 T psci_cpu_on
000205c4 T psci_cpu_off
000205e4 T psci_arch_init
00020630 t __memcpy_veneer
00020640 t __psci_fiq_enter_from_arm
00020650 d psci_target_pc
00020660 d psci_context_id
00021650 B __secure_stack_start
00023000 B __secure_stack_end
4a000000 T __image_copy_start
4a000000 T _start
4a000020 T _undefined_instruction
4a000024 T _software_interrupt
4a000028 T _prefetch_abort
4a00002c T _data_abort
4a000030 T _not_used
4a000034 T _irq
4a000038 T _fiq
4a000040 T IRQ_STACK_START_IN
4a000060 t undefined_instruction
4a0000c0 t software_interrupt
4a000120 t prefetch_abort
4a000180 t data_abort
4a0001e0 t not_used
4a000240 t irq
4a0002a0 t fiq
4a0002e8 T reset
4a0002ec T save_boot_params_ret
4a0002fc T switch_to_hypervisor_ret
4a000338 T c_runtime_cpu_setup
4a000348 W save_boot_params
4a00034c W switch_to_hypervisor
4a000350 T cpu_init_cp15
4a0003b0 T cpu_init_crit
4a0003bc T __efi_runtime_start
4a0003c0 W efi_reset_system
4a0003c2 W efi_get_time
4a0003cc W efi_set_time
4a0003d4 t efi_unimplemented
4a0003dc t efi_set_virtual_address_map_runtime
4a0003e4 t efi_convert_pointer_runtime
4a0003ec T efi_update_capsule
4a0003f4 T efi_query_capsule_caps
4a0003fc t efi_convert_pointer
4a000498 T efi_update_table_header_crc32
4a0004ac t efi_get_variable_runtime
4a0004b4 t efi_get_next_variable_name_runtime
4a0004bc t efi_set_variable_runtime
4a0004c4 T efi_query_variable_info
4a0004cc T crc32_no_comp
4a000558 T crc32
4a000564 T efi_runtime_detach
4a000588 T efi_runtime_relocate
4a0006d0 T efi_events
4a0006d8 T systab
4a000720 t firmware_vendor
4a000738 t efi_virtmap
4a00073c t efi_descriptor_count
4a000740 t efi_descriptor_size
4a000748 T efi_runtime_services
4a000798 t crc_table
4a000b98 T efi_runtime_mmio
4a000ba0 T __efi_runtime_stop
4a000ba0 T __v7_flush_dcache_all
4a000bb4 t start_flush_levels
4a000bb8 t flush_levels
4a000bf4 t loop1
4a000bf8 t loop2
4a000c1c t skip
4a000c28 t finished
4a000c3c T v7_flush_dcache_all
4a000c4c T __v7_invalidate_dcache_all
4a000c64 t inval_levels
4a000ca0 t inval_loop1
4a000ca4 t inval_loop2
4a000cc8 t inval_skip
4a000cd4 t inval_finished
4a000ce8 T v7_invalidate_dcache_all
4a000cf8 T allow_unaligned
4a000d08 T invalidate_icache_all
4a000d1c W v7_outer_cache_enable
4a000d1e W v7_outer_cache_disable
4a000d20 W v7_outer_cache_flush_all
4a000d22 T flush_dcache_all
4a000d30 W v7_outer_cache_inval_all
4a000d32 T invalidate_dcache_all
4a000d40 T arm_init_before_mmu
4a000d62 W v7_outer_cache_flush_range
4a000d64 T flush_dcache_range
4a000d9c W v7_outer_cache_inval_range
4a000d9e T invalidate_dcache_range
4a000de0 W cpu_cache_initialization
4a000de2 T cleanup_before_linux_select
4a000e20 T cleanup_before_linux
4a000e26 t entry_non_secure
4a000e3c T switch_to_non_secure_mode
4a000e88 W lowlevel_init
4a000eac t get_gicd_base_address
4a000ed8 W protect_secure_section
4a000eda W psci_board_init
4a000edc T armv7_init_nonsec
4a000f7c T armv7_apply_memory_carveout
4a000f80 T psci_update_dt
4a000f98 t get_timer_masked
4a000ff0 T timer_init
4a00100c T get_timer
4a001018 T __udelay
4a00104c T get_ticks
4a001056 T get_tbclk
4a001060 T _main
4a0010ac t here
4a001100 T memset
4a0011a0 T memcpy
4a001484 T setjmp
4a001494 T longjmp
4a0014b0 W relocate_vectors
4a0014bc T relocate_code
4a0014cc t copy_loop
4a0014e4 t fixloop
4a001504 t fixnext
4a00150c t relocate_done
4a001520 T arch_fixup_fdt
4a001558 t setup_initrd_tag.isra.1
4a001584 T arch_lmb_reserve
4a0015b8 W board_quiesce_devices
4a0015ba W setup_board_tags
4a0015bc W board_prep_linux
4a0015c0 t boot_prep_linux
4a001700 W armv7_boot_nonsec_default
4a001704 T armv7_boot_nonsec
4a001744 t boot_jump_linux
4a0017f8 T do_bootm_linux
4a001834 T boot_prep_vxworks
4a001868 T boot_jump_vxworks
4a001874 T bootz_setup
4a0018ec T arch_reserve_stacks
4a001904 T interrupt_init
4a001918 T enable_interrupts
4a00191a T disable_interrupts
4a001920 T bad_mode
4a00192c T show_regs
4a001aac T do_undefined_instruction
4a001ad4 T do_software_interrupt
4a001afc T do_prefetch_abort
4a001b24 T do_data_abort
4a001b4c T do_not_used
4a001b74 T do_fiq
4a001b9c T do_irq
4a001bc4 W reset_misc
4a001bc8 T do_reset
4a001bf0 W flush_cache
4a001bf8 T check_cache_range
4a001c1c t cache_disable
4a001c7e W arm_init_domains
4a001c80 T set_section_dcache
4a001c9a W dram_bank_mmu_setup
4a001cc8 t cache_enable
4a001de8 T icache_enable
4a001df0 T icache_disable
4a001df8 T dcache_enable
4a001dfe T dcache_disable
4a001e04 T dcache_status
4a001e20 T fdt_psci
4a001fd4 T s_init
4a002010 T sunxi_get_boot_device
4a002068 T reset_cpu
4a002088 T enable_caches
4a00208c W clock_init_sec
4a00208e T clock_init
4a00209c T print_cpuinfo
4a0020ac T sunxi_get_sid
4a0020e8 T sunxi_gpio_set_cfgbank
4a00210c T sunxi_gpio_set_cfgpin
4a002134 T sunxi_gpio_get_cfgbank
4a002150 T sunxi_gpio_set_drv
4a002194 T sunxi_gpio_set_pull
4a0021d8 T pmic_bus_write
4a0021f4 T clock_init_uart
4a002214 T clock_twi_onoff
4a002234 T clock_set_pll3
4a002260 T clock_get_pll5p
4a002288 T clock_get_pll6
4a0022ac T clock_set_de_mod_clock
4a0022dc t get_spl_header
4a00230c t setup_environment
4a0023e4 t mmc_pinmux_setup.constprop.1
4a002408 T i2c_init_board
4a002440 T board_init
4a0024b8 T dram_init
4a0024f4 T g_dnl_board_usb_cable_connected
4a00256c T get_board_serial
4a002590 T misc_init_r
4a00262c T ft_board_setup
4a002640 T eth_init_board
4a00267c W do_go_exec
4a002684 t do_go
4a0026d0 T do_bootm
4a002770 T do_bootd
4a002788 t image_info
4a002860 t do_iminfo
4a00289c T bootm_maybe_autostart
4a0028e8 t do_help
4a002914 t do_version
4a002944 T blk_common_cmd
4a002b44 T source
4a002c84 t do_source
4a002cd4 t print_num
4a002ce4 t do_bdinfo
4a002db8 t do_blkcache
4a002df4 t blkc_configure
4a002e34 t blkc_show
4a002e5c t efi_install_fdt
4a00309c t do_bootefi_exec
4a0031d0 t do_bootefi
4a003300 T efi_set_bootdev
4a003364 T do_bootz
4a003408 t do_coninfo
4a00348c t do_dm_dump_devres
4a003490 t do_dm
4a0034d4 t do_dm_dump_uclass
4a0034de t do_dm_dump_all
4a0034e8 t do_echo
4a00355c t load_elf_image_phdr
4a003628 T valid_elf_image
4a003658 T do_bootelf
4a00380c T do_bootvx
4a003a40 t do_exit
4a003a60 T do_ext4_size
4a003a6e T do_ext4_load
4a003a7c T do_ext4_ls
4a003a8a T do_ext2load
4a003a98 t do_ext2ls
4a003aa6 T do_fat_size
4a003ab4 T do_fat_fsload
4a003ac2 t do_fat_ls
4a003ad0 t do_fat_fswrite
4a003ba0 t do_fat_rm
4a003bae t do_fat_mkdir
4a003bbc t do_fat_fsinfo
4a003c10 t fdt_valid
4a003cbc t is_printable_string
4a003d04 t print_data
4a003e08 T set_working_fdt_addr
4a003e1c t do_fdt
4a0049f4 t do_size_wrapper
4a004a02 t do_load_wrapper
4a004a10 t do_save_wrapper
4a004a1e t do_ls_wrapper
4a004a2c t do_ln_wrapper
4a004a3a t do_fstype_wrapper
4a004a40 t gpio_get_description
4a004ac4 t do_gpio
4a004ce0 t do_i2c
4a004d1c t do_i2c_bus_speed
4a004d70 t do_i2c_reset
4a004d90 t do_i2c_probe
4a004dec t do_i2c_bus_num
4a004e6c T do_edid
4a004ed0 t do_i2c_show_bus
4a004f5c t get_alen.constprop.6
4a004f78 t do_i2c_crc
4a005030 t mod_i2c_mem.isra.4
4a005174 t do_i2c_nm
4a00517a t do_i2c_mm
4a005180 t do_i2c_md
4a0052c4 t do_i2c_mw
4a005368 t do_i2c_write
4a005440 t do_i2c_read
4a0054b8 t do_i2c_loop
4a005554 t evalexp
4a0055a0 t evalstr
4a0055dc t binary_test
4a005704 t do_itest
4a005750 t bin_data_init
4a00576c t k_data_save
4a0057a0 t k_data_restore
4a0057d4 t getcxmodem
4a0057ec t load_serial_ymodem
4a00587c t bin_data_char
4a005898 t chk1.constprop.2
4a0058b8 t s1_sendpacket.constprop.3
4a0058ec t load_serial
4a005a14 t do_load_serial
4a005aa4 t do_load_serial_bin
4a005fc8 t do_mem_mw
4a006044 t do_mem_loop
4a0060c8 t do_mem_md
4a006168 t do_mem_cmp
4a006254 t do_mem_base
4a00627c t do_mem_cp
4a0062ec t do_mem_crc
4a006318 t mod_mem.isra.0
4a006408 t do_mem_mm
4a00640e t do_mem_nm
4a006414 t do_random
4a0064b8 t extract_range
4a0064e8 t extract_range
4a006534 t dump_field
4a006570 t do_mii
4a006b10 t do_mdio
4a006f84 t do_sleep
4a00700c t do_mmcops
4a00708c t init_mmc_device
4a0070d4 t do_mmc_rescan
4a0070ec t do_mmc_hwpartition
4a007474 t do_mmc_list
4a007480 t do_mmc_dev
4a007548 t do_mmc_erase
4a0075ec t do_mmc_write
4a0076a4 t do_mmc_read
4a007740 t do_mmcinfo
4a0079f8 t do_mmc_setdsr
4a007a6c t do_mmc_part
4a007aa4 t netboot_common
4a007c74 t do_bootp
4a007c7c t do_dhcp
4a007c84 t do_nfs
4a007c8c T do_tftpb
4a007cb4 t do_ping
4a007cfc t do_part_list
4a007dec t do_part_info
4a007eb0 t do_part
4a007f6c t do_pxe
4a007fb4 t do_pxe_boot
4a008048 t do_get_tftp
4a008074 t do_pxe_get
4a008160 t eol_or_eof
4a008174 t label_print
4a008188 t label_destroy
4a0081d0 t get_string
4a008250 t get_token
4a0082f0 t parse_sliteral
4a008324 t parse_integer
4a008368 t get_relfile
4a008434 t get_relfile_envaddr
4a008468 T format_mac_pxe
4a0084d0 t label_boot
4a0088ec T get_pxe_file
4a008928 t handle_include
4a008990 t parse_pxefile_top
4a008cd0 T get_pxelinux_path
4a008d28 T destroy_pxe_menu
4a008d5e T parse_pxefile
4a008da0 T handle_pxe_menu
4a008e88 t do_scsiboot
4a008e94 t do_scsi
4a008eec T common_diskboot
4a0090d0 t substitute
4a009168 t get_arg
4a00919c t regex_sub.part.1
4a0093a0 t do_setexpr
4a009490 t do_sysboot
4a0095cc t do_get_any
4a0095f8 t do_get_fat
4a009620 t do_get_ext2
4a009648 t do_false
4a00964c t do_true
4a009650 t do_test
4a009858 t usb_get_class_desc
4a0098cc t usb_display_class_sub
4a0099c0 t usb_display_desc
4a009ab4 t usb_show_tree_graph
4a009c2c t usb_show_subtree
4a009c48 t usb_for_each_root_dev
4a009c84 t usb_display_string
4a009cb0 t usb_display_config
4a009e5c t usb_show_info
4a009ea6 t usb_find_device
4a009f0c t do_usbboot
4a009f18 t do_usb_start
4a009f38 T usb_show_tree
4a009f44 t do_usb
4a00a1dc t do_fastboot
4a00a308 t do_imgextract
4a00a578 t extract_val
4a00a5d4 t extract_env
4a00a674 t set_gpt_info.isra.0.constprop.1
4a00a9c4 t do_gpt
4a00abd8 t do_env_delete
4a00ac40 t do_env_exists
4a00ac80 t do_env_save
4a00ac90 t do_env
4a00accc t env_print
4a00ad44 t do_env_print
4a00adc0 t do_env_import
4a00af94 t do_env_default
4a00afec t _do_env_set.isra.0
4a00b104 t do_env_set
4a00b118 T env_get_id
4a00b124 T env_set
4a00b160 T env_set_ulong
4a00b178 T env_set_hex
4a00b198 t do_env_export
4a00b2f0 T env_match
4a00b338 T env_get_f
4a00b3d0 T env_get
4a00b420 T env_get_hex
4a00b442 T eth_env_get_enetaddr
4a00b478 T eth_env_set_enetaddr
4a00b4a8 T from_env
4a00b4c4 T env_get_ulong
4a00b4e0 t do_env_edit.part.3
4a00b550 t do_env_edit
4a00b56c T board_init_f_alloc_reserve
4a00b576 T board_init_f_init_reserve
4a00b58a W show_boot_progress
4a00b590 T main_loop
4a00b5e0 t mdelay
4a00b5ea t dummy
4a00b5ec T get_version
4a00b5f0 T jumptable_init
4a00b75c t hash_finish_crc32
4a00b778 t hash_finish_crc16_ccitt
4a00b794 t hash_update_crc32
4a00b7a8 t hash_init_crc32
4a00b7bc t hash_init_crc16_ccitt
4a00b7d0 t hash_update_crc16_ccitt
4a00b7e4 t hash_finish_sha256
4a00b806 t hash_update_sha256
4a00b816 t hash_init_sha256
4a00b82c t hash_finish_sha1
4a00b84e t hash_update_sha1
4a00b85e t hash_init_sha1
4a00b874 T hash_lookup_algo
4a00b8ac T hash_command
4a00b9d8 t b_reset
4a00b9e6 t static_get
4a00b9f8 t static_peek
4a00ba00 t mapset
4a00ba14 t syntax_err
4a00ba20 t free_pipe_list
4a00bab0 t xmalloc
4a00bac8 t new_pipe
4a00bae0 t xrealloc
4a00baf8 t done_command
4a00bb3a t done_pipe
4a00bb68 t done_word
4a00bd28 t is_assignment
4a00bd54 t file_get
4a00be94 t do_showvar
4a00bf30 t b_addchr
4a00bf74 t b_addqchr
4a00bfa4 t file_peek
4a00bfac T get_local_var
4a00c004 T set_local_var
4a00c110 t insert_var_value_sub
4a00c2d4 T parse_string_outer
4a00c364 t run_list_real
4a00c84c t parse_stream_outer
4a00cc78 T parse_file_outer
4a00cca4 T u_boot_hush_start
4a00ccd4 T bootdelay_process
4a00cd58 T autoboot_command
4a00cdfc t log_init
4a00ce00 t log_init
4a00ce04 t display_text_info
4a00ce08 t setup_mon_len
4a00ce20 W arch_cpu_init
4a00ce24 t reserve_round_4k
4a00ce38 W reserve_mmu
4a00ce66 t reserve_uboot
4a00ce96 t reserve_malloc
4a00ceac t setup_machine
4a00cebc t reserve_global_data
4a00ced2 t reserve_fdt
4a00cf1e W dram_init_banksize
4a00cf38 t setup_reloc
4a00cf5e t reloc_fdt
4a00cf8a t reserve_board
4a00cfb4 t announce_dram_init
4a00cfc4 t init_func_i2c
4a00cfe4 t init_baud_rate
4a00d000 t initf_dm
4a00d006 t initf_bootstage
4a00d012 W arch_cpu_init_dm
4a00d016 t setup_spl_handoff
4a00d01a W mach_cpu_init
4a00d01e t reserve_video
4a00d022 t reserve_trace
4a00d026 t reserve_bootstage
4a00d02a t reserve_bloblist
4a00d02e t display_new_sp
4a00d032 t reloc_bootstage
4a00d036 t reloc_bloblist
4a00d03a t initf_console_record
4a00d03e W reserve_arch
4a00d042 W coloured_LED_init
4a00d044 W red_led_on
4a00d046 W board_add_ram_info
4a00d048 t show_dram_config
4a00d070 t setup_dest_addr
4a00d0a0 t reserve_stacks
4a00d0bc T board_init_f
4a00d104 t initr_trace
4a00d108 t initr_reloc
4a00d11c t run_main_loop
4a00d124 t initr_net
4a00d138 t initr_ethaddr
4a00d150 t initr_enable_interrupts
4a00d15a t initr_jumptable
4a00d164 t initr_env
4a00d1ac t initr_mmc
4a00d1c4 t initr_serial
4a00d1ce t initr_dm
4a00d1e0 t initr_bootstage
4a00d1ec t initr_malloc
4a00d208 t initr_reloc_global_data
4a00d240 t initr_caches
4a00d24a t initr_announce
4a00d24e t initr_barrier
4a00d252 t initr_console_record
4a00d256 W power_init_board
4a00d25a W cpu_secondary_init_r
4a00d25c t initr_secondary_cpu
4a00d268 T board_init_r
4a00d2b0 W checkboard
4a00d2b4 W show_board_info
4a00d2e0 T bootm_find_images
4a00d368 T bootm_disable_interrupts
4a00d378 T do_bootm_states
4a00da48 t copy_args
4a00da80 t do_bootm_rtems
4a00dab0 T do_bootm_vxworks
4a00dc14 t do_bootm_plan9
4a00dc84 t do_bootm_standalone
4a00dcc4 t do_bootm_qnxelf
4a00dd14 t do_bootm_netbsd
4a00ddc0 W arch_preboot_os
4a00ddc2 W board_preboot_os
4a00ddc4 T boot_selected_os
4a00de04 T bootm_os_get_boot_func
4a00de10 t of_bus_default_map
4a00de90 t fdt_pack_reg
4a00df1e t of_bus_default_translate
4a00df88 T fdt_support_default_count_cells
4a00dfbc t __of_translate_address
4a00e12c T fdt_find_and_setprop
4a00e174 T fdt_find_or_add_subnode
4a00e1b4 T fdt_root
4a00e214 T fdt_initrd
4a00e348 T fdt_chosen
4a00e3d8 T do_fixup_by_path
4a00e40c T fdt_fixup_memory_banks
4a00e4f4 T fdt_fixup_memory
4a00e50c T fdt_fixup_ethernet
4a00e618 T fdt_shrink_to_minimum
4a00e6d4 T fdt_translate_address
4a00e6e0 T fdt_setup_simplefb_node
4a00e840 T fdt_overlay_apply_verbose
4a00e88c T miiphy_get_dev_by_name
4a00e8c0 T miiphy_init
4a00e8d8 T mdio_alloc
4a00e8f4 T mdio_free
4a00e8f8 T mdio_register
4a00e944 T mdio_unregister
4a00e968 T mdio_list_devices
4a00e9e0 T miiphy_set_current_dev
4a00ea08 t miiphy_get_active_dev
4a00ea38 T mdio_get_current_dev
4a00ea44 T mdio_phydev_for_ethname
4a00ea94 T miiphy_get_current_dev
4a00eaa4 T miiphy_read
4a00eacc T miiphy_write
4a00eaf0 T miiphy_listdev
4a00eb44 T miiphy_info
4a00eba0 T miiphy_is_1000base_x
4a00ebd0 T miiphy_speed
4a00ec88 T miiphy_duplex
4a00ed58 t usb_set_maxpacket_ep
4a00edae T usb_int_msg
4a00edbc T usb_control_msg
4a00ee28 t usb_get_descriptor
4a00ee60 t get_descriptor_len
4a00eec0 t usb_setup_descriptor
4a00ef44 t usb_get_string
4a00ef94 t usb_string_sub
4a00f024 T usb_bulk_msg
4a00f06e T usb_maxpacket
4a00f082 T usb_clear_halt
4a00f0e0 T usb_get_configuration_len
4a00f130 T usb_get_configuration_no
4a00f14c T usb_set_interface
4a00f1c4 T usb_set_protocol
4a00f1f2 T usb_set_idle
4a00f224 T usb_string
4a00f2c0 T usb_select_config
4a00f5d0 T usb_setup_device
4a00f674 W board_usb_init
4a00f678 W board_usb_cleanup
4a00f67c T usb_device_has_child_on_port
4a00f680 T usb_find_usb2_hub_address_port
4a00f6cc t usb_set_port_feature
4a00f6fa t usb_clear_port_feature
4a00f728 t usb_get_hub_descriptor
4a00f76a W usb_hub_reset_devices
4a00f76c T usb_hub_is_root_hub
4a00f77c T usb_get_port_status
4a00f7ec T usb_hub_port_connect_change
4a00f8e0 t usb_hub_configure
4a00fcd0 T usb_hub_scan
4a00fcde t usb_hub_post_probe
4a00fce2 t usb_stor_irq
4a00fcf4 t usb_stor_BBB_reset
4a00fd88 t usb_stor_CB_reset
4a00fe10 t usb_stor_BBB_clear_endpt_stall.isra.0
4a00fe3c t usb_stor_BBB_transport
4a00ffec t usb_stor_CB_comdat
4a010140 t usb_stor_CBI_get_status.isra.2
4a0101c4 t usb_stor_CB_transport
4a010318 t usb_request_sense.constprop.11
4a010364 t usb_stor_read
4a01046c t usb_stor_write
4a010574 T usb_stor_info
4a0105bc T usb_stor_reset
4a0105c8 T usb_stor_scan
4a0105f8 T usb_storage_probe
4a010770 T usb_stor_get_info
4a010994 t usb_mass_storage_probe
4a010a94 T iomux_doenv
4a010bb4 t snip
4a010bf0 T edid_check_info
4a010c20 T edid_check_checksum
4a010c40 T edid_print_info
4a0110e4 W menu_display_statusline
4a0110e6 T menu_default_set
4a011130 T menu_get_choice
4a011258 T menu_item_add
4a0112dc T menu_create
4a011330 T menu_destroy
4a011374 t usb_kbd_put_queue
4a011398 t usb_kbd_remove
4a01140c t usb_kbd_translate.part.0
4a0114dc t usb_kbd_probe
4a011620 t usb_kbd_irq_worker
4a01174c t usb_kbd_getc
4a0117d0 t usb_kbd_testc
4a011868 t usb_kbd_irq
4a011880 t delete_char.part.0
4a011908 t cread_add_char
4a011988 T cli_readline_into_buffer
4a011fe0 T cli_readline
4a011ff0 T cli_simple_process_macros
4a012114 t console_tstc
4a01216c t console_putc
4a0121a4 t console_puts
4a0121dc t pre_console_putc
4a0121f4 t on_console
4a012264 T serial_printf
4a012298 t console_getc.isra.0
4a0122b0 T putc
4a0122e8 T getc
4a01231c T tstc
4a012336 T puts
4a012384 t print_pre_console_buffer
4a012438 T fputs
4a012442 T fprintf
4a012478 T ctrlc
4a0124b0 T disable_ctrlc
4a0124c0 T had_ctrlc
4a0124cc T clear_ctrlc
4a0124d8 T search_device
4a0124f0 T console_assign
4a012574 T console_init_f
4a012588 T stdio_print_current_devices
4a012600 T console_init_r
4a012720 T sbrk
4a012760 T mem_malloc_init
4a01277c t malloc_trim
4a012800 t free
4a012964 t malloc
4a012d84 t calloc
4a012dfc t realloc
4a0130cc t memalign
4a0131e2 T initf_malloc
4a0131f6 t alloc_simple
4a013230 T malloc_simple
4a013236 T memalign_simple
4a013240 t on_loadaddr
4a013260 T image_check_hcrc
4a01328a T image_check_dcrc
4a0132ac T image_multi_count
4a0132be T image_multi_getimg
4a013308 T env_get_bootm_low
4a013328 T env_get_bootm_size
4a01336c T env_get_bootm_mapsize
4a01338c T memmove_wd
4a013398 T genimg_print_size
4a0133bc T get_table_entry
4a0133ce T get_table_entry_name
4a0133e0 T genimg_get_os_name
4a0133f4 T genimg_get_arch_name
4a013408 T genimg_get_type_name
4a01341c T image_decomp
4a0134b0 T genimg_get_comp_name
4a0134c4 T image_print_contents
4a0135d8 T get_table_entry_id
4a013600 T genimg_get_os_id
4a013614 T genimg_get_arch_id
4a013628 T genimg_get_type_id
4a01363c T genimg_get_comp_id
4a013650 T genimg_get_kernel_addr_fit
4a01368c T genimg_get_kernel_addr
4a0136a4 T genimg_get_format
4a0136d4 T genimg_has_config
4a0136e0 T boot_get_ramdisk
4a013964 T boot_ramdisk_high
4a013a28 T boot_get_setup
4a013a2c T boot_get_loadable
4a013b14 T image_setup_linux
4a013b54 T android_image_get_kernel
4a013ce4 T android_image_check_header
4a013cf4 T android_image_get_end
4a013ddc T android_image_get_kload
4a013e1c T android_image_get_kcomp
4a013e5c T android_image_get_ramdisk
4a013f20 T android_image_get_second
4a014008 T android_print_contents
4a014314 t fdt_error
4a014338 T boot_fdt_add_mem_rsv_regions
4a01442c T boot_relocate_fdt
4a014540 T boot_get_fdt
4a014814 W ft_verify_fdt
4a014818 T image_setup_libfdt
4a014904 t fit_image_get_address
4a014940 T fit_parse_conf
4a01497a T fit_parse_subimage
4a0149b4 T fit_get_desc
4a0149d4 T fit_image_get_node
4a0149f8 T fit_image_get_os
4a014a20 T fit_image_get_arch
4a014a48 T fit_image_get_type
4a014a70 T fit_image_get_comp
4a014a98 T fit_image_get_load
4a014aa4 T fit_image_get_entry
4a014ab0 T fit_image_get_data
4a014ad8 T fit_image_get_data_offset
4a014afc T fit_image_get_data_position
4a014b20 T fit_image_get_data_size
4a014b44 T fit_image_get_data_and_size
4a014bac T fit_image_hash_get_algo
4a014bcc T fit_image_hash_get_value
4a014bf4 t fit_image_print_data
4a014cf0 t fit_image_print_verification_data
4a014d50 T fit_image_print
4a014f50 T fit_print_contents
4a015218 T fit_get_end
4a015234 T calculate_hash
4a0152dc T fit_image_verify_with_data
4a015410 T fit_image_verify
4a015460 T fit_all_image_verify
4a015508 T fit_image_check_os
4a015528 T fit_image_check_arch
4a015554 T fit_image_check_type
4a015574 T fit_image_check_comp
4a015594 T fit_check_format
4a0155bc T fit_conf_get_node
4a015638 T fit_conf_get_prop_node_index
4a015658 T fit_conf_get_prop_node
4a01565e T fit_get_node_from_config
4a015688 T fit_image_load
4a015b00 T boot_get_setup_fit
4a015b40 T boot_get_fdt_fit
4a015d48 T get_ram_size
4a015ddc W get_effective_memsize
4a015de2 t nulldev_putc
4a015de4 t nulldev_puts
4a015de6 t nulldev_input
4a015dea t stdio_serial_tstc
4a015dee t stdio_serial_getc
4a015df2 t stdio_serial_puts
4a015df8 t stdio_serial_putc
4a015e00 T stdio_get_list
4a015e08 T stdio_get_by_name
4a015e38 T stdio_clone
4a015e5c T stdio_register_dev
4a015e90 T stdio_register
4a015e98 T stdio_deregister_dev
4a015f30 T stdio_init_tables
4a015f44 T stdio_add_devices
4a016010 T run_command
4a01601e T run_command_list
4a016064 T do_run
4a0160b0 T cli_process_fdt
4a0160e0 T cli_secure_boot_cmd
4a01612c T cli_loop
4a01613a T cli_init
4a01613e T find_cmd_tbl
4a0161a0 T find_cmd
4a0161bc T cmd_usage
4a0161f8 T _do_help
4a016300 T var_complete
4a016350 T complete_subcmdv
4a016454 T cmd_auto_complete
4a0166e4 T cmd_get_data_size
4a016718 T cmd_always_repeatable
4a016728 T cmd_never_repeatable
4a016738 T cmd_process
4a016810 T cmd_process_error
4a01682c t hex1_bin
4a016856 t hex2_bin
4a01687a T srec_decode
4a0169f4 t CYGACC_COMM_IF_GETC_TIMEOUT.isra.0
4a016a22 t xyzModem_flush
4a016a38 t xyzModem_get_hdr
4a016ba4 T xyzModem_stream_open
4a016d14 T xyzModem_stream_read
4a016ed0 T xyzModem_stream_close
4a016f10 T xyzModem_stream_terminate
4a016f78 T xyzModem_error
4a016f90 t part_driver_lookup_type
4a016fd4 T blk_get_dev
4a016ff0 T dev_print
4a017184 T part_init
4a0171bc T part_print
4a017274 T part_get_info
4a0172ac T part_get_info_whole_disk
4a0172ec T blk_get_device_by_str
4a0173a0 T blk_get_device_part_str
4a0175ec T part_get_info_by_name_type
4a017634 T part_get_info_by_name
4a01763c T part_set_generic_name
4a017670 t test_block_type
4a0176e8 t print_partition_extended
4a0178c8 T part_print_dos
4a0178f0 t part_test_dos
4a017954 t part_get_info_extended
4a017b80 T part_get_info_dos
4a017ba0 T is_valid_dos_buf
4a017bb0 T write_mbr_partition
4a017bfc T iso_dread
4a017c38 T part_get_info_iso_verb
4a017ed4 t part_test_iso
4a017ee8 t part_print_iso
4a017f50 t part_get_info_iso
4a017f58 t print_efiname
4a017f90 t part_test_efi
4a018010 t validate_gpt_entries
4a018090 t validate_gpt_header
4a018240 t is_gpt_valid
4a018490 t is_pte_valid
4a0184c8 t find_valid_gpt
4a01853c T part_print_efi
4a0186ec T part_get_info_efi
4a018860 T get_disk_guid
4a0188c8 T write_gpt_table
4a018cc8 T gpt_fill_pte
4a019008 T gpt_fill_header
4a0191d4 T gpt_restore
4a01929c T gpt_verify_headers
4a0192fc T gpt_verify_partitions
4a019480 T is_valid_gpt_buf
4a0194d8 T write_mbr_and_gpt_partitions
4a01984c T clk_request
4a019860 t clk_get_by_index_tail.isra.0.part.1
4a0198ac T clk_get_by_index
4a0198e0 T clk_get_by_name
4a01990c t clk_get_by_indexed_prop.isra.2
4a019938 T clk_free
4a01994a T clk_get_rate
4a019960 T clk_set_rate
4a019976 T clk_set_parent
4a01998c T clk_set_defaults
4a019ab8 T clk_uclass_post_probe
4a019ac4 T clk_enable
4a019ada T clk_enable_bulk
4a019b02 T clk_disable
4a019b18 T clk_release_all
4a019b54 T clk_get_bulk
4a019bc0 t clk_fixed_rate_get_rate
4a019bcc t clk_fixed_rate_ofdata_to_platdata
4a019bf8 t clk_fixed_factor_get_rate
4a019c1c t clk_fixed_factor_ofdata_to_platdata
4a019c58 t sunxi_set_gate
4a019cac t sunxi_clk_disable
4a019cb2 t sunxi_clk_enable
4a019cb8 T sunxi_clk_probe
4a019d10 t a10_clk_bind
4a019d18 t device_bind_common.isra.0
4a019f18 t alloc_priv
4a019f50 T device_bind_with_driver_data
4a019f66 T device_bind
4a019f7c T device_bind_by_name
4a019fc0 T device_probe
4a01a114 T dev_get_platdata
4a01a134 T dev_get_parent_platdata
4a01a154 T dev_get_uclass_platdata
4a01a174 T dev_get_priv
4a01a194 T dev_get_uclass_priv
4a01a1b4 T dev_get_parent_priv
4a01a1d4 T device_get_child
4a01a204 T device_find_first_child
4a01a216 T device_find_next_child
4a01a22c T dev_get_parent
4a01a230 T dev_get_driver_data
4a01a234 T device_get_uclass_id
4a01a23c T device_has_active_children
4a01a260 T device_is_last_sibling
4a01a274 T device_set_name_alloced
4a01a280 T devfdt_get_addr_index
4a01a2f4 T devfdt_get_addr_name
4a01a31c T devfdt_get_addr
4a01a322 T devfdt_get_addr_ptr
4a01a328 T devfdt_get_addr_pci
4a01a32c T lists_driver_lookup_name
4a01a358 T lists_uclass_lookup
4a01a378 T lists_bind_drivers
4a01a3d0 T device_bind_driver_to_node
4a01a3fc T device_bind_driver
4a01a410 T lists_bind_fdt
4a01a508 t dm_scan_fdt_node
4a01a59c t dm_scan_fdt_ofnode_path
4a01a5c0 T dm_root
4a01a5dc T dm_init
4a01a628 T dm_remove_devices_flags
4a01a63c T dm_scan_platdata
4a01a65c T dm_scan_fdt_dev
4a01a678 T dm_scan_fdt
4a01a68c T dm_extended_scan_fdt
4a01a6b8 W dm_scan_other
4a01a6bc T dm_init_and_scan
4a01a6e8 T uclass_find
4a01a716 T uclass_get
4a01a7c0 T dev_get_uclass_index
4a01a7f6 T uclass_find_device
4a01a838 T uclass_find_first_device
4a01a85a T uclass_find_next_device
4a01a872 T uclass_find_device_by_seq
4a01a8c6 T uclass_find_device_by_of_offset
4a01a906 T uclass_find_device_by_ofnode
4a01a948 T uclass_get_device_tail
4a01a95e T uclass_get_device
4a01a97a T uclass_get_device_by_seq
4a01a9ac T uclass_get_device_by_of_offset
4a01a9c8 T uclass_get_device_by_ofnode
4a01a9e4 T uclass_first_device
4a01aa02 T uclass_next_device
4a01aa26 T uclass_first_device_check
4a01aa44 T uclass_next_device_check
4a01aa5e T uclass_bind_device
4a01aa98 T uclass_unbind_device
4a01aabc T uclass_resolve_seq
4a01ab24 T uclass_pre_probe_device
4a01ab52 T uclass_post_probe_device
4a01ab80 T uclass_pre_remove_device
4a01ab8e T dm_warn
4a01aba8 T dm_ofnode_pre_reloc
4a01abe8 T device_unbind
4a01ac7e T device_chld_unbind
4a01acbc T device_free
4a01ad00 T device_remove
4a01ade0 T device_chld_remove
4a01ae20 t simple_bus_post_bind
4a01ae54 t show_devices
4a01af0c T dm_dump_all
4a01af3c T dm_dump_uclass
4a01afe0 T ofnode_read_u32
4a01b00e T ofnode_read_u32_default
4a01b024 T ofnode_read_string
4a01b058 T ofnode_find_subnode
4a01b06a T ofnode_read_u32_array
4a01b082 T ofnode_get_parent
4a01b092 T ofnode_get_name
4a01b0a6 T ofnode_read_size
4a01b0c6 T ofnode_stringlist_search
4a01b0ec T ofnode_parse_phandle_with_args
4a01b12a T ofnode_count_phandle_with_args
4a01b14e T ofnode_path
4a01b15e T ofnode_get_property
4a01b172 T ofnode_read_bool
4a01b182 T ofnode_read_u8_array_ptr
4a01b196 T ofnode_read_addr_cells
4a01b1a2 T ofnode_read_size_cells
4a01b1b0 T ofnode_get_addr_size_index
4a01b1f4 T ofnode_get_addr_index
4a01b202 T ofnode_get_addr
4a01b208 T input_tstc
4a01b230 T input_getc
4a01b264 T input_init
4a01b278 t keyboard_start
4a01b288 t keyboard_stop
4a01b298 t keyboard_pre_probe
4a01b2e0 t keyboard_tstc
4a01b30e t keyboard_getc
4a01b33c T generic_phy_get_by_index
4a01b3e4 T generic_phy_get_by_name
4a01b40c T generic_phy_init
4a01b41e T generic_phy_exit
4a01b430 T generic_phy_power_on
4a01b442 T generic_phy_power_off
4a01b454 t ahci_scsi_bus_reset
4a01b458 t ata_id_strcpy
4a01b474 t ahci_device_data_io.constprop.2
4a01b558 t ata_scsiop_inquiry
4a01b658 t ahci_start_ports
4a01b780 t ata_scsiop_read_write
4a01b958 t ahci_scsi_exec
4a01ba64 W ahci_port_base
4a01ba6c W ahci_link_up
4a01ba9c T ahci_reset
4a01bae8 t ahci_init_one
4a01beb4 T ahci_bind_scsi
4a01bed0 T ahci_probe_scsi
4a01bf20 T ata_id_n_sectors
4a01bf72 T ata_swap_buf_le16
4a01bf74 t sunxi_sata_probe
4a01c0a4 t sunxi_sata_bind
4a01c0b2 t get_desc
4a01c11c t blk_post_probe
4a01c12c T blk_get_if_type_name
4a01c138 T blk_get_devnum_by_typename
4a01c1bc T blk_list_part
4a01c1fa T blk_print_part_devnum
4a01c220 T blk_list_devices
4a01c25c T blk_print_device_num
4a01c284 T blk_show_device
4a01c2d8 T blk_select_hwpart
4a01c2ee T blk_dselect_hwpart
4a01c2f6 T blk_first_device
4a01c32c T blk_next_device
4a01c35a T blk_find_device
4a01c3aa T blk_get_device
4a01c3c0 T blk_get_devnum_by_type
4a01c3da T blk_select_hwpart_devnum
4a01c3f2 T blk_dread
4a01c47e T blk_read_devnum
4a01c4a8 T blk_dwrite
4a01c4f2 T blk_write_devnum
4a01c51c T blk_derase
4a01c55e T blk_find_max_devnum
4a01c5a4 T blk_next_free_devnum
4a01c5bc T blk_create_device
4a01c6a8 T blk_create_devicef
4a01c710 T blk_unbind_all
4a01c76c T blkcache_read
4a01c834 T blkcache_fill
4a01c924 T blkcache_invalidate
4a01c97c T blkcache_configure
4a01c9d8 T blkcache_stats
4a01c9f0 T fastboot_response
4a01ca30 T fastboot_fail
4a01ca44 T fastboot_okay
4a01ca60 W fastboot_set_reboot_flag
4a01ca68 T fastboot_boot
4a01cac8 T fastboot_init
4a01caf4 t getvar_downloadsize
4a01cb0c t getvar_is_userspace
4a01cb18 t getvar_current_slot
4a01cb24 t getvar_platform
4a01cb4c t getvar_product
4a01cb74 t getvar_version_baseband
4a01cb80 t getvar_serialno
4a01cba8 t getvar_version_bootloader
4a01cbb4 t getvar_version
4a01cbc0 t getvar_partition_type
4a01cbfc t getvar_partition_size
4a01cc28 t getvar_has_slot
4a01cc98 T fastboot_getvar
4a01cd24 t oem_format
4a01cd70 t okay
4a01cd78 t reboot_bootloader
4a01cd9c t erase
4a01cda0 t flash
4a01cdb8 t download
4a01ce28 t getvar
4a01ce2c T fastboot_handle_command
4a01ce94 T fastboot_data_remaining
4a01cea8 T fastboot_data_download
4a01cf14 T fastboot_data_complete
4a01cf54 t fb_mmc_sparse_reserve
4a01cf5c t part_get_info_by_name_or_alias
4a01cfa0 t fb_mmc_blk_write
4a01d050 t fb_mmc_sparse_write
4a01d058 T fastboot_mmc_get_part_info
4a01d0c0 T fastboot_mmc_flash_write
4a01d5c8 T fastboot_mmc_erase
4a01d6ec t mmc_send_ext_csd
4a01d71c t mmc_send_op_cond_iter
4a01d760 t mmc_go_idle
4a01d792 t mmc_set_capacity
4a01d808 t mmc_read_and_compare_ext_csd
4a01d880 T mmc_mode_name
4a01d898 T mmc_send_status
4a01d8d4 t __mmc_switch.constprop.11
4a01d98c t mmc_set_card_speed.constprop.10
4a01d9f4 T mmc_poll_for_busy
4a01da68 T mmc_set_blocklen
4a01daac T mmc_bread
4a01dbec T mmc_switch
4a01dbf0 t mmc_startup_v4
4a01de94 T mmc_switch_part
4a01deec T mmc_hwpart_config
4a01e1bc T mmc_set_clock
4a01e1dc t mmc_startup
4a01ea80 T mmc_dump_capabilities
4a01ea84 T mmc_get_op_cond
4a01ec0c T mmc_start_init
4a01ec48 T mmc_init
4a01ecee T mmc_set_dsr
4a01ecf4 T mmc_initialize
4a01ed70 t mmc_blk_probe
4a01ed84 T dm_mmc_set_ios
4a01ed94 T mmc_set_ios
4a01ed9c T dm_mmc_wait_dat0
4a01edac T mmc_wait_dat0
4a01edb4 T dm_mmc_get_wp
4a01edc4 T mmc_getwp
4a01edcc T dm_mmc_get_cd
4a01eddc T mmc_getcd
4a01ede4 T dm_mmc_host_power_cycle
4a01edf2 T mmc_host_power_cycle
4a01edfa T mmc_get_mmc_dev
4a01ee10 T dm_mmc_send_cmd
4a01ee36 T mmc_send_cmd
4a01ee3e t mmc_select_hwpart
4a01ee88 T find_mmc_device
4a01eeb8 T get_mmc_num
4a01eec8 T mmc_get_blk_desc
4a01eee2 T mmc_do_preinit
4a01ef1c T print_mmc_devices
4a01efb4 T mmc_bind
4a01f038 T mmc_berase
4a01f1f4 T mmc_bwrite
4a01f34c t sunxi_mmc_getcd
4a01f368 t sunxi_mmc_bind
4a01f380 t mmc_set_mod_clk
4a01f41c t sunxi_mmc_probe
4a01f574 t mmc_update_clk.isra.1
4a01f5c0 t sunxi_mmc_set_ios
4a01f660 t mmc_rint_wait.isra.5
4a01f69e t sunxi_mmc_send_cmd
4a01f8c0 t sun4i_usb_phy_write
4a01f960 t sun4i_usb_phy_passby
4a01f9b4 t sun4i_usb_phy_xlate
4a01f9f0 t sun4i_usb_phy_power_off
4a01fa1c t sun4i_usb_phy_power_on
4a01fa60 t sun4i_usb_phy_exit
4a01fad0 t sun4i_usb_phy_probe
4a01fc78 t sun4i_usb_phy_init
4a01fd5c T sun4i_usb_phy_vbus_detect
4a01fd9c T sun4i_usb_phy_id_detect
4a01fdc0 T sun4i_usb_phy_set_squelch_detect
4a01fdd0 T scsi_exec
4a01fde0 t scsi_ident_cpy
4a01fe18 t scsi_write
4a01ff50 T scsi_setup_read16
4a01ffa0 t scsi_read
4a020148 T scsi_scan_dev
4a02047c T scsi_scan
4a0204c8 t video_drawchars
4a0207c0 t video_invertchar
4a020808 t console_cursor_fix
4a020854 t console_cursor_set_position
4a020874 t console_swap_colors
4a020894 t console_clear_line
4a020908 t console_newline
4a020974 W board_cfb_skip
4a020978 T console_cursor
4a0209f8 t video_set_cursor
4a020a14 t parse_putc
4a020af0 t cfb_video_putc
4a020dc0 t cfb_video_puts
4a020e0c W video_set_lut
4a020e10 t plot_logo_or_black
4a020f28 t do_clrlogo
4a020f4c T video_clear
4a020f7c W board_video_skip
4a020f80 T drv_video_init
4a02116c t sunxi_is_composite
4a021184 t sunxi_composer_mode_set
4a02123c t sunxi_composer_enable
4a021258 t sunxi_ctfb_mode_to_display_timing
4a0212b4 t await_completion.constprop.5
4a0212ec t sunxi_hdmi_edid_get_block
4a0213e0 t sunxi_hdmi_edid_get_mode
4a021538 T board_get_usable_ram_top
4a021544 T video_hw_init
4a021cd4 T sunxi_simplefb_setup
4a021d98 T sunxi_simplefb_fdt_match
4a021de4 T lcdc_init
4a021e10 T lcdc_enable
4a021e1c T lcdc_tcon0_mode_set
4a021f68 T lcdc_tcon1_mode_set
4a022070 T lcdc_pll_set
4a02218c t video_get_param_len.constprop.1
4a0221a0 T video_get_video_mode
4a022270 T video_get_ctfb_res_modes
4a0222f8 T video_get_option_string
4a022364 T video_get_option_int
4a0223b8 T video_edid_dtd_to_ctfb_res_modes
4a022520 t reset_get_by_index_tail.isra.1.part.2
4a022564 T reset_get_by_index
4a022598 T reset_get_by_name
4a0225c4 T reset_free
4a0225ce T reset_assert
4a0225d8 T reset_deassert
4a0225e2 T reset_deassert_bulk
4a022604 T reset_release_all
4a022634 T reset_get_bulk
4a0226a0 t sunxi_reset_free
4a0226a4 t sunxi_reset_request
4a0226c0 t sunxi_set_reset
4a022714 t sunxi_reset_deassert
4a02271a t sunxi_reset_assert
4a022720 t sunxi_reset_probe
4a022738 T sunxi_reset_bind
4a022778 t gpio_post_bind
4a02277c t get_function
4a0227da t gpio_to_device
4a022824 t check_reserved
4a022870 t gpio_renumber
4a0228b6 t gpio_pre_remove
4a0228e6 t gpio_post_probe
4a02290c T dm_gpio_lookup_name
4a0229ac T gpio_lookup_name
4a0229e8 T gpio_xlate_offs_flags
4a022a0e T dm_gpio_request
4a022a6c t dm_gpio_requestf
4a022a96 T gpio_request
4a022aae T _dm_gpio_free
4a022af0 T gpio_free
4a022b08 T gpio_direction_input
4a022b34 T gpio_direction_output
4a022b60 T dm_gpio_get_value
4a022b8c T dm_gpio_set_value
4a022bc0 T dm_gpio_set_dir_flags
4a022c18 t gpio_request_tail
4a022ca4 T gpio_get_value
4a022cba T gpio_set_value
4a022cd2 T gpio_get_bank_info
4a022ce2 T gpio_get_function
4a022cea T gpio_get_raw_function
4a022cf4 T gpio_get_status
4a022dac T gpio_request_by_name
4a022e00 T gpio_get_number
4a022e14 t sunxi_gpio_set_value
4a022e3c t sunxi_gpio_get_value
4a022e58 t sunxi_gpio_get_function
4a022e74 t sunxi_gpio_direction_output
4a022ea8 t sunxi_gpio_direction_input
4a022ebe t gpio_sunxi_probe
4a022edc t gpio_sunxi_bind
4a022f64 t sunxi_gpio_xlate
4a022f84 T sunxi_name_to_gpio
4a022f9c T i2c_get_adapter
4a022fdc t i2c_init_bus
4a023040 T i2c_get_bus_num
4a023048 T i2c_set_bus_num
4a0230c8 T i2c_init_all
4a0230d8 T i2c_probe
4a0230f8 T i2c_read
4a02312c T i2c_write
4a023160 T i2c_set_bus_speed
4a0231a4 T i2c_get_bus_speed
4a0231b2 W i2c_init
4a0231c0 t __twsi_i2c_set_bus_speed
4a023220 t twsi_get_base.isra.0
4a023248 t twsi_i2c_set_bus_speed
4a02325c t twsi_stop.constprop.6
4a02329e t twsi_i2c_init
4a0232da t twsi_wait.constprop.10
4a023330 t i2c_begin.constprop.4
4a02336a t twsi_i2c_probe
4a0233ac t twsi_i2c_write
4a023454 t twsi_i2c_read
4a023526 t designware_eth_bind
4a02352a T designware_eth_free_pkt
4a023566 t dw_mdio_write
4a0235c8 t dw_mdio_read
4a023626 T designware_eth_recv
4a02367c T designware_eth_send
4a02374c T designware_eth_stop
4a023788 t dw_mdio_reset
4a0237e4 T designware_eth_probe
4a023984 T designware_eth_ofdata_to_platdata
4a023a24 t designware_eth_remove
4a023a4c T designware_eth_write_hwaddr
4a023a90 T designware_eth_init
4a023cb0 T designware_eth_enable
4a023cd6 t designware_eth_start
4a023cfc T genphy_shutdown
4a023d00 T genphy_restart_aneg
4a023d36 T genphy_config_aneg
4a023e88 T genphy_config
4a023f18 T genphy_update_link
4a023fec T genphy_parse_link
4a0240f0 T genphy_startup
4a024108 T phy_register
4a024120 T genphy_init
4a02412c T phy_init
4a024140 T phy_set_supported
4a02417c W get_phy_id
4a0241bc t get_phy_device_by_mask
4a0243c4 T phy_reset
4a024438 T phy_find_by_mask
4a02445c T phy_connect_dev
4a02448c T phy_connect
4a0244c8 T phy_startup
4a0244d4 W board_phy_config
4a0244e0 T phy_config
4a0244e4 T phy_shutdown
4a0244f4 T phy_get_interface_by_name
4a02451c t ksz90xx_startup
4a024560 t ksz90x1_of_config_group
4a024624 t ksz9021_config
4a0246b0 t ksz9031_config
4a024798 T ksz9021_phy_extended_write
4a0247cc t ksz9021_phy_extwrite
4a0247d6 T ksz9021_phy_extended_read
4a024802 t ksz9021_phy_extread
4a024808 T ksz9031_phy_extended_write
4a02486c t ksz9031_phy_extwrite
4a02487e T ksz9031_phy_extended_read
4a0248da t ksz9031_phy_extread
4a0248e8 T phy_micrel_ksz90x1_init
4a024904 t rtl8211f_phy_extread
4a024956 t rtl8211f_phy_extwrite
4a0249ac t rtl8211b_probe
4a0249b0 t rtl8211x_startup
4a024a78 t rtl8211f_startup
4a024b24 t rtl8211x_config
4a024bf8 t rtl8211f_config
4a024d92 t rtl8211e_startup
4a024da8 t rtl8211f_probe
4a024dac t rtl8211e_probe
4a024db0 T phy_realtek_init
4a024de0 T do_poweroff
4a024dec t _serial_putc
4a024e0e t __serial_getc
4a024e28 t __serial_tstc
4a024e38 t serial_stub_putc
4a024e3e t serial_stub_getc
4a024e44 t serial_stub_tstc
4a024e4a t serial_pre_remove
4a024e64 t serial_post_probe
4a024ed8 t serial_stub_puts
4a024ef0 T serial_init
4a024fd0 T serial_initialize
4a024fd4 T serial_putc
4a024fe6 T serial_puts
4a025004 T serial_getc
4a025014 T serial_tstc
4a025024 T serial_setbrg
4a025044 t on_baudrate
4a0250e0 T serial_stdio_init
4a0250e2 t ns16550_serial_getinfo
4a025104 T ns16550_serial_ofdata_to_platdata
4a0251b0 t ns16550_writeb.isra.0
4a0251c4 t ns16550_serial_setconfig
4a025204 t ns16550_readb.isra.1
4a025218 t NS16550_setbrg
4a02525a t ns16550_serial_setbrg
4a02527e t ns16550_serial_pending
4a0252a6 t ns16550_serial_putc
4a0252d0 t ns16550_serial_getc
4a0252f6 T NS16550_init
4a025342 T ns16550_serial_probe
4a025374 T usb_ep_autoconfig
4a025498 T usb_ep_autoconfig_reset
4a0254c0 T usb_descriptor_fillbuf
4a0254f6 T usb_gadget_config_buf
4a02554a T usb_gadget_get_string
4a02562c t count_configs
4a025674 t collect_langs
4a0256a6 t composite_setup_complete
4a0256a8 t composite_suspend
4a0256e8 t composite_resume
4a025728 t g_dnl_unbind
4a02573a t lookup_string
4a025764 t composite_unbind
4a025818 t composite_bind
4a0258c4 t g_dnl_do_config
4a0258f4 t reset_config.isra.0
4a025920 t composite_disconnect
4a025948 t composite_setup
4a025f68 T usb_add_function
4a025fdc T usb_interface_id
4a025ffc T usb_add_config
4a026078 T usb_string_id
4a026094 T usb_composite_register
4a0260d0 T usb_composite_unregister
4a0260f0 T g_dnl_set_serialnumber
4a026114 t on_serialno
4a026120 W g_dnl_bind_fixup
4a026124 W g_dnl_get_board_bcd_device_number
4a026128 t g_dnl_bind
4a026218 T g_dnl_detach
4a026224 T g_dnl_trigger_detach
4a026230 T g_dnl_clear_detach
4a02623c T g_dnl_register
4a026268 T g_dnl_unregister
4a026274 t fastboot_start_ep
4a0262b0 t fastboot_unbind
4a0262c0 t fastboot_add
4a026334 t fastboot_disable
4a02637c t fastboot_set_alt
4a026438 t fastboot_complete
4a026450 t compl_do_reset
4a02645c t do_exit_on_complete
4a026460 t do_bootm_on_complete
4a02646e t rx_bytes_expected
4a02649c t fastboot_tx_write_str
4a0264e8 t rx_handler_command
4a0265bc t rx_handler_dl_image
4a026638 t fastboot_bind
4a0266e0 t eth_setup_complete
4a0266e4 t tx_complete
4a026718 t eth_suspend
4a02671c t usb_eth_recv
4a026760 t rx_complete
4a0267e8 t usb_eth_send
4a0268c8 t rndis_command_complete
4a0268f0 t eth_unbind
4a02694c t rndis_control_ack_complete
4a026998 t rndis_control_ack
4a026a00 t nibble
4a026a2c t _usb_eth_halt
4a026aa0 t usb_eth_stop
4a026aae t eth_reset_config
4a026b1a t eth_disconnect
4a026b20 t set_ether_config.isra.6
4a026c58 t get_ether_addr.part.8
4a026cc0 t is_eth_addr_valid.part.9
4a026d2c t rx_submit.constprop.10
4a026d90 t usb_eth_free_pkt
4a026dac t eth_setup
4a0270a4 t rndis_response_complete
4a0270a6 t eth_resume
4a0270a8 t usb_eth_probe
4a0270e4 t eth_bind
4a027414 t usb_eth_start
4a0275a8 T usb_ether_init
4a0275ec t rndis_add_response
4a027624 T rndis_signal_connect
4a027678 T rndis_signal_disconnect
4a02768c T rndis_set_host_mac
4a02769c T rndis_get_state
4a0276b0 T rndis_msg_parser
4a027b18 T rndis_register
4a027b34 T rndis_deregister
4a027b4c T rndis_set_param_dev
4a027b6c T rndis_set_param_vendor
4a027b84 T rndis_set_param_medium
4a027b98 T rndis_add_hdr
4a027be8 T rndis_free_response
4a027c28 T rndis_get_next_response
4a027c64 T rndis_uninit
4a027c94 T rndis_rm_hdr
4a027cf4 T rndis_init
4a027d10 T rndis_exit
4a027d12 t usb_match_device
4a027d90 t usb_child_post_bind
4a027de0 t usb_match_one_id_intf.isra.0
4a027e30 t remove_inactive_children.isra.2
4a027e78 T usb_disable_asynch
4a027e8c T submit_int_msg
4a027eba T submit_control_msg
4a027f08 T submit_bulk_msg
4a027f2c T create_int_queue
4a027f56 T poll_int_queue
4a027f74 T destroy_int_queue
4a027f94 T usb_alloc_device
4a027fa8 T usb_reset_root_port
4a027fbe T usb_update_hub_device
4a027fd4 T usb_get_max_xfer_size
4a027fe8 T usb_stop
4a02804c T usb_get_bus
4a028064 T usb_scan_device
4a02822c t usb_scan_bus.isra.3
4a028278 T usb_init
4a028384 T usb_child_pre_probe
4a0283ca t ep_rev
4a0283ea t urb_free_priv
4a028410 t ohci_get_ohci_dev
4a028468 t td_fill.isra.2
4a028504 t ohci_destroy_int_queue
4a028534 t hc_reset
4a0285d4 t hc_interrupt
4a0289cc t ohci_poll_int_queue
4a028a04 T sohci_submit_job
4a028ff4 t ohci_create_int_queue
4a0290bc t submit_common_msg
4a0291c0 t ohci_submit_int_msg
4a0291f0 t ohci_submit_bulk_msg
4a02921c t ohci_submit_control_msg
4a02964c T ohci_register
4a029790 T ohci_deregister
4a0297b4 t ohci_shutdown_phy
4a0297f0 t ohci_usb_remove
4a029834 t ohci_usb_probe
4a029a5c t ehci_get_port_speed
4a029a62 t ehci_set_usbmode
4a029a7a t ehci_get_portsc_register
4a029a96 t ehci_get_max_xfer_size
4a029aa0 t ehci_powerup_fixup
4a029aa8 t handshake
4a029adc t ehci_td_buffer
4a029b34 t ehci_shutdown
4a029bd0 t _ehci_poll_int_queue
4a029c54 t ehci_poll_int_queue
4a029c5c t disable_periodic.isra.1
4a029c98 t enable_periodic.isra.2
4a029cdc t ehci_get_ctrl.isra.3
4a029cec t _ehci_destroy_int_queue
4a029d8c t ehci_destroy_int_queue
4a029d94 t ehci_update_endpt2_dev_n_port.isra.4
4a029dd8 t ehci_submit_async
4a02a1d8 t ehci_submit_bulk_msg
4a02a1fc t _ehci_create_int_queue.isra.5
4a02a480 t ehci_create_int_queue
4a02a494 t ehci_submit_int_msg
4a02a514 t ehci_submit_control_msg
4a02a924 T ehci_register
4a02aba8 T ehci_deregister
4a02abbc T ehci_setup_phy
4a02ac18 T ehci_shutdown_phy
4a02ac4c t ehci_usb_remove
4a02ac8c t ehci_usb_probe
4a02ae54 t musb_gadget_enable
4a02b006 t musb_gadget_fifo_status
4a02b030 t musb_gadget_fifo_flush
4a02b094 t musb_gadget_get_frame
4a02b0a2 t musb_gadget_wakeup
4a02b0a6 t musb_gadget_set_self_powered
4a02b0bc t musb_gadget_vbus_draw
4a02b0c0 t txstate
4a02b134 T musb_alloc_request
4a02b156 T musb_free_request
4a02b15c t musb_gadget_stop
4a02b16c t init_peripheral_ep
4a02b21c T musb_gadget_start
4a02b246 t musb_gadget_pullup
4a02b282 T musb_g_giveback
4a02b2b4 t rxstate
4a02b352 t musb_gadget_dequeue
4a02b394 t musb_gadget_disable
4a02b408 T musb_g_tx
4a02b4ec T musb_g_rx
4a02b562 T musb_ep_restart
4a02b582 t musb_gadget_set_halt
4a02b640 t musb_gadget_queue
4a02b6b4 T musb_gadget_setup
4a02b744 t musb_g_ep0_enable
4a02b74a t musb_g_ep0_disable
4a02b750 t musb_g_ep0_halt
4a02b7b6 t musb_g_ep0_dequeue
4a02b7bc t ep0_txstate
4a02b858 t musb_g_ep0_queue
4a02b910 T musb_g_ep0_irq
4a02bf30 t fifo_setup
4a02c034 T musb_write_fifo
4a02c0a4 T musb_read_fifo
4a02c114 T musb_load_testpacket
4a02c13c T musb_start
4a02c1ce T musb_stop
4a02c216 T musb_interrupt
4a02c2e0 T musb_init_controller
4a02c71c T usb_gadget_handle_interrupts
4a02c738 T usb_gadget_register_driver
4a02c7b0 T usb_gadget_unregister_driver
4a02c7d8 T musb_register
4a02c808 t musb_usb_remove
4a02c822 t sunxi_musb_post_root_reset_end
4a02c82e t sunxi_musb_pre_root_reset_end
4a02c83c t sunxi_musb_exit
4a02c87c t sunxi_musb_interrupt
4a02c8dc t musb_usb_probe
4a02c9a4 t sunxi_musb_disable
4a02c9fc t sunxi_musb_init
4a02caf8 t sunxi_musb_enable
4a02cb94 T env_get_yesno
4a02cbbe T env_get_default
4a02cbe8 T env_set_default
4a02cc54 T env_set_default_vars
4a02cc80 T env_import
4a02cd0c T env_export
4a02cd64 T env_relocate
4a02cd8c T env_complete
4a02cea0 W env_get_location
4a02ceb0 t env_driver_lookup
4a02cedc W env_get_char_spec
4a02cee4 T env_get_char
4a02cef8 T env_load
4a02cf68 T env_save
4a02cfc0 T env_init
4a02d018 t regex_callback
4a02d0f0 T env_attr_walk
4a02d1a4 T env_attr_lookup
4a02d1f0 t clear_callback
4a02d1f8 t find_env_callback
4a02d238 t on_callbacks
4a02d270 t set_callback
4a02d2c4 T env_callback_init
4a02d33c t skip_num
4a02d378 t clear_flags
4a02d380 t on_flags
4a02d3b8 T env_flags_parse_vartype
4a02d3e8 T env_flags_parse_varaccess
4a02d418 t set_flags
4a02d480 T eth_validate_ethaddr_str
4a02d4d4 T env_flags_init
4a02d564 T env_flags_validate
4a02d6ec t env_fat_save
4a02d790 t env_fat_load
4a02d830 t fs_probe_unsupported
4a02d844 t fs_ls_unsupported
4a02d84a t fs_exists_unsupported
4a02d84e t fs_size_unsupported
4a02d854 t fs_read_unsupported
4a02d85a t fs_close_unsupported
4a02d85c t fs_opendir_unsupported
4a02d864 t fs_get_info
4a02d888 t fs_write_unsupported
4a02d88e t fs_mkdir_unsupported
4a02d894 t fs_ln_unsupported
4a02d89a t fs_uuid_unsupported
4a02d8a0 t fs_unlink_unsupported
4a02d8a8 T fs_get_type
4a02d8b4 T fs_get_type_name
4a02d8c8 T fs_set_blk_dev
4a02d944 T fs_set_blk_dev_with_part
4a02d9ac T fs_close
4a02d9c4 T fs_ls
4a02d9e4 T fs_exists
4a02da04 T fs_size
4a02da28 T fs_read
4a02da68 T fs_write
4a02dac8 T fs_opendir
4a02db18 T fs_readdir
4a02db54 T fs_closedir
4a02db80 t fs_ls_generic
4a02dbf8 T fs_unlink
4a02dc18 T fs_mkdir
4a02dc38 T fs_ln
4a02dc70 T do_size
4a02dcb0 T do_load
4a02dee8 T do_ls
4a02df28 T file_exists
4a02df44 T do_save
4a02e03c T do_fs_type
4a02e08c T do_rm
4a02e0b8 T do_mkdir
4a02e0ec T do_ln
4a02e11c T get_fs
4a02e124 T ext4fs_free_node
4a02e140 T ext4fs_ls
4a02e19c T ext4fs_exists
4a02e1b0 T ext4fs_size
4a02e1b4 T ext4fs_probe
4a02e1d4 T ext4fs_uuid
4a02e1f4 T ext_cache_init
4a02e1fc T ext_cache_fini
4a02e210 T ext4fs_read_file
4a02e52c T ext4fs_read
4a02e564 T ext4_read_file
4a02e5b4 T ext_cache_read
4a02e618 T ext4fs_bg_get_inode_table_id
4a02e634 T ext4fs_read_inode
4a02e7a0 T read_allocated_block
4a02ee50 T ext4fs_reinit_global
4a02eec8 T ext4fs_close
4a02ef00 T ext4fs_iterate_dir
4a02f0f4 t ext4fs_find_file1
4a02f2a8 T ext4fs_find_file
4a02f2e8 T ext4fs_open
4a02f34c T ext4fs_mount
4a02f3dc T ext4fs_set_blk_dev
4a02f43c T ext4fs_devread
4a02f46c T ext4_read_superblock
4a02f498 t downcase
4a02f4bc t mkcksum
4a02f4f2 t fat_itr_child
4a02f530 t disk_read
4a02f56c t get_cluster
4a02f654 t read_bootsectandvi
4a02f710 t fat_itr_root
4a02f83c t split_filename
4a02f8c8 t disk_write
4a02f948 t flush_dirty_fat_buffer
4a02f9a0 t get_fatent
4a02fa98 t next_dent
4a02fb58 t set_fatent_value
4a02fcbc t determine_fatent
4a02fce0 t clear_fatent
4a02fd38 t set_name
4a02fe00 t set_sectors.isra.2
4a02feec t normalize_longname
4a02ff44 t fat_itr_next
4a0300e8 t fat_itr_resolve
4a0301e8 t flush_dir
4a030224 t new_dir_table
4a0302a4 t fill_dir_slot
4a030412 t find_directory_entry
4a030470 t set_contents
4a030ba0 T fat_set_blk_dev
4a030c2c T file_fat_detectfs
4a030d00 T fat_exists
4a030d44 T fat_size
4a030dc0 T file_fat_read_at
4a0310b4 T file_fat_read
4a0310d8 T fat_read_file
4a031108 T fat_opendir
4a031168 T fat_readdir
4a0311bc T fat_closedir
4a0311d2 T fat_close
4a0311d4 T file_fat_write_at
4a0313a8 T file_fat_write
4a0313c4 T fat_unlink
4a031590 T fat_mkdir
4a03180c T fs_devread
4a0319ec t efi_uc_destroy
4a0319fc t efi_uc_init
4a031a0c t check_node_type
4a031a60 t efi_uc_start
4a031af4 t efi_uc_supported
4a031b78 t disconnect_child
4a031bbc t efi_uc_stop
4a031c88 T efi_driver_init
4a031d40 t efi_bl_write
4a031d82 t efi_bl_read
4a031dc4 t efi_bl_bind
4a031e8c t get_var.constprop.0
4a031f08 T efi_deserialize_load_option
4a031f48 t try_load_entry
4a032070 T efi_bootmgr_load
4a032164 t efi_is_event
4a032188 T __efi_entry_check
4a0321b0 T __efi_exit_check
4a0321d0 t efi_process_event_queue
4a03222c t efi_queue_event
4a032284 t efi_set_mem
4a0322a0 t efi_copy_mem
4a0322bc t efi_calculate_crc32
4a0322ec t efi_set_watchdog_timer
4a032304 t efi_get_next_monotonic_count
4a032338 t efi_register_protocol_notify
4a032398 t efi_close_event
4a032448 t efi_free_pool_ext
4a032460 t efi_allocate_pool_ext
4a03247c t efi_get_memory_map_ext
4a0324a2 t efi_free_pages_ext
4a0324c2 t efi_allocate_pages_ext
4a0324e4 t efi_raise_tpl
4a032508 T efi_save_gd
4a032514 T efi_restore_gd
4a032524 T is_valid_tpl
4a032548 T efi_signal_event
4a0325b0 t efi_exit_boot_services
4a03268c t efi_signal_event_ext
4a0326b8 T efi_add_handle
4a0326d4 T efi_create_handle
4a0326f4 T efi_create_event
4a0327b0 T efi_create_event_ex
4a0327f4 t efi_create_event_ext
4a032820 T efi_timer_check
4a032890 t efi_stall
4a0328cc t efi_check_event
4a032920 t efi_wait_for_event
4a0329bc t efi_restore_tpl
4a0329e4 T efi_set_timer
4a032a84 t efi_set_timer_ext
4a032aa4 T efi_search_obj
4a032ac0 T efi_search_protocol
4a032b04 T efi_remove_protocol
4a032b3c t efi_locate_protocol
4a032be0 t efi_open_protocol_information
4a032c70 t efi_locate_handle
4a032d54 t efi_locate_handle_buffer
4a032dc8 t efi_locate_device_path
4a032e88 t efi_locate_handle_ext
4a032eb0 T efi_remove_all_protocols
4a032ee8 T efi_delete_handle
4a032f0c t efi_close_protocol
4a032f8c t efi_delete_image
4a033020 t efi_disconnect_controller
4a03319c t efi_disconnect_all_drivers
4a033298 t efi_open_protocol
4a033440 T efi_start_image
4a033500 t efi_handle_protocol
4a033520 t efi_exit
4a0335e8 t efi_bind_controller
4a03365c t efi_uninstall_protocol
4a0336e0 t efi_uninstall_protocol_interface
4a03371c T efi_unload_image
4a03379c t efi_protocols_per_handle
4a033814 t efi_connect_controller
4a033930 T efi_add_protocol
4a0339f8 t efi_install_protocol_interface
4a033a3c T efi_install_multiple_protocol_interfaces
4a033b00 t efi_uninstall_multiple_protocol_interfaces
4a033b94 t efi_reinstall_protocol_interface
4a033bdc T efi_install_configuration_table
4a033cc4 t efi_install_configuration_table_ext
4a033cdc T efi_setup_loaded_image
4a033d94 T efi_load_image
4a033f68 T efi_initialize_system_table
4a033fb8 t efi_cout_enable_cursor
4a033fe4 t efi_cout_set_cursor_position
4a034048 t efi_cout_clear_screen
4a03406c t efi_cout_set_attribute
4a0340b8 t efi_cout_test_string
4a0340c8 t efi_cout_reset
4a0340fc t efi_cin_set_state
4a034110 t efi_cout_output_string
4a0341f8 t efi_cin_unregister_key_notify
4a03423c t efi_cin_empty_buffer
4a034254 t efi_cin_reset
4a034274 t efi_cin_reset_ex
4a034294 t efi_cin_register_key_notify
4a0342f0 t term_get_char
4a03431c t efi_cout_set_mode
4a034368 t efi_cout_query_mode
4a0343b8 T set_shift_mask
4a0343f4 t analyze_modifiers.constprop.6
4a03444c t efi_cin_check
4a034678 t efi_cin_read_key_stroke
4a0346d0 t efi_console_timer_notify
4a0346e4 t efi_cin_read_key_stroke_ex
4a03477c t efi_key_notify
4a034790 T efi_console_register
4a034988 t dp_size
4a0349de t dp_alloc
4a034a02 t dp_part_size
4a034a32 t dp_part_node
4a034bb0 t dp_fill
4a034d34 t dp_part_fill
4a034d6c T efi_dp_next
4a034d8e T efi_dp_match
4a034dd0 T efi_dp_last_node
4a034df0 T efi_dp_instance_size
4a034e18 t find_obj
4a034eac T efi_dp_find_obj
4a034ed8 T efi_dp_size
4a034ef8 T efi_dp_dup
4a034f20 T efi_dp_append
4a034f74 T efi_dp_append_node
4a034ff4 T efi_dp_create_device_node
4a035018 T efi_dp_append_instance
4a03507c T efi_dp_get_next_instance
4a0350d2 T efi_dp_is_multi_instance
4a0350f0 T efi_dp_from_part
4a03511c T efi_dp_part_node
4a035140 T efi_dp_from_file
4a0351e4 T efi_dp_from_eth
4a035218 T efi_dp_from_mem
4a0352bc T efi_dp_split_file_path
4a03531c T efi_dp_from_name
4a0353d0 t efi_str_to_u16
4a035408 t efi_convert_single_device_node_to_text
4a035800 t efi_convert_device_path_to_text
4a03584c t efi_convert_device_node_to_text
4a035876 T efi_dp_str
4a035892 t create_device_node
4a0358b2 t is_device_path_multi_instance
4a0358ca t get_next_device_path_instance
4a0358e6 t append_device_path_instance
4a035902 t append_device_node
4a03591e t append_device_path
4a03593a t duplicate_device_path
4a035952 t get_device_path_size
4a03596c t efi_file_open_ex
4a035974 t efi_file_read_ex
4a03597c t efi_file_flush
4a03598c t efi_file_getpos
4a0359b4 t set_blk_dev.isra.0
4a0359bc t file_open
4a035bc8 t efi_open_volume
4a035bf4 t efi_file_open
4a035c74 t efi_file_write
4a035d04 t efi_file_delete
4a035d38 t efi_get_file_size
4a035d60 t efi_file_getinfo
4a035ed0 t efi_file_setpos
4a035f28 t efi_file_read
4a0360a8 t efi_file_write_ex
4a0360b0 t efi_file_flush_ex
4a0360b8 t efi_file_close
4a0360d4 t efi_file_setinfo
4a0361c0 T efi_file_from_path
4a036288 T efi_simple_file_system
4a0362b8 t efi_hii_packagelist_exists
4a0362d8 t efi_hii_package_len
4a0362e8 t get_package_list_handle
4a036330 t unregister_package_notify
4a036344 t register_package_notify
4a036378 t export_package_lists
4a0363a0 t list_package_lists
4a036438 t find_keyboard_layouts
4a0364b8 t get_keyboard_layout
4a036548 t remove_guid_package
4a03656c t free_keyboard_layouts
4a03659c t remove_keyboard_package
4a0365c8 t add_packages
4a036828 t language_match
4a036858 t get_secondary_languages
4a0368b4 t get_string
4a03693c t get_languages
4a0369dc t set_string
4a036aa0 t new_string
4a036b5c t remove_strings_package
4a036ba6 t free_packagelist
4a036bd4 t remove_package_list
4a036c00 t new_package_list
4a036c7c t set_keyboard_layout
4a036c90 t update_package_list
4a036d30 t get_alt_config
4a036d44 t config_to_block
4a036d58 t block_to_config
4a036d6c t route_config
4a036d80 t export_config
4a036d94 t extract_config
4a036da8 t efi_set_code_and_data_type
4a036de8 T efi_print_image_infos
4a036e80 T efi_load_pe
4a0370e0 t efi_mem_cmp
4a037100 t efi_check_allocated
4a037168 t efi_find_free_memory
4a037200 T efi_add_memory_map
4a037514 T efi_allocate_pages
4a0375a8 T efi_alloc
4a0375e4 T efi_free_pages
4a037648 T efi_allocate_pool
4a0376a8 T efi_free_pool
4a037744 T efi_get_memory_map
4a0377d4 T efi_add_conventional_memory_map
4a037888 W efi_add_known_memory
4a0378c8 T efi_memory_init
4a037940 T efi_root_node_register
4a037a0c t efi_set_time_boottime
4a037a20 t efi_get_time_boottime
4a037a34 t efi_reset_system_boottime
4a037a90 T efi_init_runtime_supported
4a037ac4 W efi_reset_system_init
4a037ac8 t efi_set_virtual_address_map
4a037c58 T efi_init_obj_list
4a037d90 t efi_str_to_fat
4a037e14 t efi_fat_to_str
4a037e54 t efi_str_upr
4a037e74 t efi_stri_coll
4a037eb2 t efi_str_lwr
4a037ed2 t next_lower
4a037ee0 t metai_match
4a037f8a t efi_metai_match
4a037fa8 t efi_to_native
4a038004 t prefix
4a038028 t parse_attr.part.0
4a0380a8 T efi_get_variable
4a038220 T efi_get_next_variable_name
4a0383b8 T efi_set_variable
4a0385b8 T efi_variables_boot_exit_notify
4a0385dc T efi_init_variables
4a0385e0 t efi_watchdog_timer_notify
4a038614 T efi_set_watchdog
4a038640 T efi_watchdog_register
4a03869c t efi_disk_flush_blocks
4a0386aa t efi_disk_reset
4a0386b8 t efi_disk_add_dev.isra.3.part.4
4a03881c t efi_disk_read_blocks
4a0388e0 t efi_disk_write_blocks
4a0389b4 T efi_fs_from_path
4a0389fc T efi_disk_create_partitions
4a038a94 T efi_disk_register
4a038b50 t efi_net_push
4a038b5c t efi_pxe_base_code_start
4a038b64 t efi_pxe_base_code_stop
4a038b6c t efi_pxe_base_code_discover
4a038b74 t efi_pxe_base_code_mtftp
4a038b7c t efi_pxe_base_code_udp_write
4a038b84 t efi_pxe_base_code_udp_read
4a038b8c t efi_pxe_base_code_set_ip_filter
4a038b94 t efi_pxe_base_code_arp
4a038b9c t efi_pxe_base_code_set_parameters
4a038ba4 t efi_pxe_base_code_set_packets
4a038bac t efi_network_timer_notify
4a038c10 t efi_net_nvdata
4a038c24 t efi_net_statistics
4a038c38 t efi_net_station_address
4a038c4c t efi_net_receive_filters
4a038c60 t efi_net_start
4a038ca0 t efi_net_get_status
4a038cf8 t efi_net_receive
4a038df4 t efi_net_transmit
4a038ec8 t efi_net_mcastiptomac
4a038f38 t efi_net_shutdown
4a038f88 t efi_net_stop
4a038fbc t efi_net_initialize
4a039024 t efi_net_reset
4a039070 t efi_pxe_base_code_set_station_ip
4a039078 t efi_pxe_base_code_dhcp
4a039080 T efi_net_set_dhcp_ack
4a0390b4 T efi_net_register
4a03930c T efi_smbios_register
4a039354 T fdt_ro_probe_
4a03940c T fdt_header_size_
4a039426 T fdt_header_size
4a039440 T fdt_check_header
4a039588 T fdt_offset_ptr
4a03960c T fdt_next_tag
4a0396e0 T fdt_check_node_offset_
4a039704 T fdt_check_prop_offset_
4a039728 T fdt_next_node
4a039796 T fdt_first_subnode
4a0397be T fdt_next_subnode
4a0397ec T fdt_find_string_
4a03981c T fdt_move
4a039858 T fdt_setprop_inplace_namelen_partial
4a03988a T fdt_setprop_inplace
4a0398d4 T fdt_node_end_offset_
4a0398fc T fdt_strerror
4a039938 t fdt_blocks_misordered_
4a0399d0 t fdt_splice_
4a039a5e t fdt_splice_mem_rsv_
4a039aae t fdt_splice_struct_
4a039b00 t fdt_packblocks_
4a039bc6 t fdt_add_property_
4a039d4e t fdt_rw_probe_
4a039db4 T fdt_add_mem_rsv
4a039e1e T fdt_del_mem_rsv
4a039e6c T fdt_set_name
4a039ec6 T fdt_setprop_placeholder
4a039f36 T fdt_setprop
4a039f5c T fdt_appendprop
4a039fde T fdt_delprop
4a03a01c T fdt_add_subnode_namelen
4a03a0c6 T fdt_add_subnode
4a03a0e4 T fdt_del_node
4a03a128 T fdt_open_into
4a03a27c T fdt_pack
4a03a2f6 t fdt_cells
4a03a324 T fdt_address_cells
4a03a340 T fdt_size_cells
4a03a358 t overlay_phandle_add_offset
4a03a3a8 t overlay_adjust_node_phandles
4a03a404 t overlay_update_local_node_references
4a03a500 t overlay_get_target
4a03a57c t overlay_apply_node
4a03a62c T fdt_overlay_apply
4a03aa70 t fdt_mem_rsv
4a03aab0 t nextprop_
4a03aae2 t fdt_get_property_by_offset_
4a03ab38 T fdt_get_string
4a03ac38 T fdt_string
4a03ac3e T fdt_get_mem_rsv
4a03acc6 T fdt_num_mem_rsv
4a03ad14 T fdt_get_name
4a03ad90 T fdt_subnode_offset_namelen
4a03ae16 T fdt_subnode_offset
4a03ae34 T fdt_first_property_offset
4a03ae4c T fdt_next_property_offset
4a03ae64 t fdt_get_property_namelen_
4a03aeec T fdt_get_property_namelen
4a03af2a T fdt_get_property
4a03af4c T fdt_getprop_namelen
4a03afa6 T fdt_getprop_by_offset
4a03b03a T fdt_getprop
4a03b05c T fdt_get_phandle
4a03b0ac T fdt_find_max_phandle
4a03b0e8 T fdt_get_alias_namelen
4a03b114 T fdt_path_offset_namelen
4a03b1a0 T fdt_path_offset
4a03b1ba T fdt_get_alias
4a03b1d4 T fdt_get_path
4a03b28c T fdt_supernode_atdepth_offset
4a03b2fe T fdt_node_depth
4a03b31c T fdt_parent_offset
4a03b33c T fdt_node_offset_by_phandle
4a03b37e T fdt_stringlist_contains
4a03b3c4 T fdt_stringlist_count
4a03b3fc T fdt_stringlist_search
4a03b462 T fdt_stringlist_get
4a03b4c4 T fdt_node_check_compatible
4a03b4ec T fdt_node_offset_by_compatible
4a03b52c t get_code
4a03b5aa t read_string
4a03b5c4 t read_console
4a03b5d4 T console_read_unicode
4a03b5f4 T utf8_get
4a03b600 T utf8_put
4a03b690 T utf8_utf16_strnlen
4a03b6c6 T utf16_get
4a03b71e T utf16_put
4a03b76a T utf8_utf16_strncpy
4a03b7aa T utf16_strnlen
4a03b7d4 T utf16_utf8_strnlen
4a03b81a T utf16_utf8_strncpy
4a03b85c T utf_to_lower
4a03b88c T utf_to_upper
4a03b8b8 T u16_strlen
4a03b8cc T u16_strdup
4a03b8f4 T utf16_to_utf8
4a03b9bc T crc16_ccitt
4a03b9e4 T crc16_ccitt_wd_buf
4a03ba06 T fdtdec_get_int
4a03ba22 t smbios_write_type127
4a03ba4e t smbios_write_type32
4a03ba7a t smbios_string_table_len
4a03ba96 t smbios_add_string
4a03bad0 t smbios_write_type3
4a03bb20 t smbios_write_type2
4a03bb7c t smbios_write_type0
4a03bc0c t smbios_write_type1
4a03bc84 t smbios_write_type4
4a03bd04 T write_smbios_table
4a03bdbc t default_log
4a03bdc0 T write_sparse_image
4a03c144 t MD5Transform
4a03c7e4 t MD5Update
4a03c86c t MD5Final
4a03c8d8 T md5_wd
4a03c91c T string_to_ip
4a03c964 T string_to_enetaddr
4a03c996 t merge
4a03c9d0 T list_sort
4a03cac0 t sha1_process
4a03d9cc t sha1_update.part.0
4a03da54 T sha1_starts
4a03da88 T sha1_update
4a03da90 T sha1_finish
4a03db54 T sha1_csum_wd
4a03db78 t sha256_process
4a03f7e8 t sha256_update.part.0
4a03f870 T sha256_starts
4a03f8c0 T sha256_update
4a03f8c8 T sha256_finish
4a03f9c8 T sha256_csum_wd
4a03f9ec T zcalloc
4a03f9f4 T zcfree
4a03f9fc T inflate_fast
4a03fdb8 T inflate_table
4a0400dc T inflateReset
4a04011c T inflateInit2_
4a0401b4 T inflateEnd
4a0401e2 T adler32
4a040418 T inflate
4a041138 T gzalloc
4a041146 T gzfree
4a04114c T gzip_parse_header
4a0411b4 T zunzip
4a04125c T gunzip
4a041288 t get_prop_check_min_len
4a0412b0 T fdtdec_get_is_enabled
4a0412d8 T fdtdec_get_alias_seq
4a041384 T fdtdec_get_chosen_prop
4a0413a8 T fdtdec_prepare_fdt
4a0413d8 T fdtdec_get_int_array
4a04140e T fdtdec_parse_phandle_with_args
4a0414d8 T fdtdec_locate_byte_array
4a0414f0 T fdtdec_get_config_int
4a041518 T fdtdec_get_config_string
4a041540 T fdtdec_get_number
4a04155e T fdtdec_get_addr_size_fixed
4a0415ca T fdt_get_resource
4a041658 W board_fdt_blob_setup
4a041660 T fdtdec_setup
4a041688 T qsort
4a041718 T strcmp_compar
4a041720 t cmpkey
4a04172c t _hdelete.isra.0
4a04175c t drop_var_from_set.part.1
4a04178c t match_string
4a0417e8 t match_entry
4a041864 T hcreate_r
4a0418bc T hdestroy_r
4a041900 T hmatch_r
4a04195c T hsearch_r
4a041c08 T hdelete_r
4a041c90 T hexport_r
4a041e28 T himport_r
4a04208c T hwalk_r
4a0420bc T display_options_get_banner_priv
4a042124 T display_options_get_banner
4a042130 T display_options
4a042154 T print_size
4a042270 T print_buffer
4a042384 T crc32_wd
4a042388 T crc32_wd_buf
4a0423aa W __div64_32
4a042428 T hang
4a042440 T kmalloc
4a042468 T skip_spaces
4a042480 T strim
4a0424b4 t lmb_overlaps_region
4a0424e0 t lmb_add_region
4a0425de T lmb_dump_all
4a0425e0 T lmb_add
4a0425e4 T lmb_free
4a04266a T lmb_reserve
4a042670 T __lmb_alloc_base
4a0426f8 T lmb_alloc_base
4a042718 T lmb_alloc
4a04271e T lmb_alloc_addr
4a04275c T lmb_get_free_size
4a0427a4 W board_lmb_reserve
4a0427a6 T lmb_init_and_reserve
4a0427dc T lmb_init_and_reserve_range
4a04280c t emit
4a04282c t store_char_in_data
4a042850 t get_escape_char
4a042898 t relocate
4a0428c4 t match
4a042b28 t loop_greedy
4a042b7e t loop_non_greedy
4a042bcc t quantifier
4a042c28 t fixup_branch
4a042c50 t compile
4a042e64 T slre_compile
4a042ef0 T slre_match
4a042f4c T strncasecmp
4a042f90 T strcasecmp
4a042f98 T strcpy
4a042fa8 T strncpy
4a042fc0 T strcat
4a042fde T strncat
4a043006 T strcmp
4a04301c T strncmp
4a04303e T strchr
4a043058 T strlen
4a043068 T strlcpy
4a043096 T strrchr
4a0430b6 T strnlen
4a0430ce T strdup
4a0430f0 T strpbrk
4a043112 T strsep
4a043130 T memmove
4a043156 T memcmp
4a043170 T memscan
4a043186 T strstr
4a0431c6 T memchr
4a0431e2 t tick_to_time
4a04322a W timer_get_us
4a043248 T usec_to_tick
4a0432b8 T udelay
4a0432d8 T uuid_str_valid
4a043328 T uuid_str_to_bin
4a043454 T uuid_bin_to_str
4a0434e0 T gen_rand_uuid
4a043538 T gen_rand_uuid_str
4a043554 T rand_r
4a043568 T rand
4a043574 T srand
4a043580 t panic_finish
4a0435a0 T panic_str
4a0435aa T panic
4a0435be t put_dec_trunc
4a043658 t put_dec
4a043778 t number
4a043968 t string16
4a0439f8 t string
4a043a68 t vsnprintf_internal
4a043f94 T vsnprintf
4a043f98 T vscnprintf
4a043fae T snprintf
4a043fc8 T vsprintf
4a043fd4 T sprintf
4a043fee T printf
4a044022 T vprintf
4a044048 T simple_itoa
4a044080 t _parse_integer_fixup_radix
4a0440dc T simple_strtoul
4a04412c T strict_strtoul
4a04416e T simple_strtol
4a044188 T ustrtoul
4a0441d4 T simple_strtoull
4a044248 T ustrtoull
4a0442a4 T trailing_strtoln
4a0442ec T trailing_strtol
4a0442f2 T compute_ip_checksum
4a044338 T ip_checksum_ok
4a04434c T arp_init
4a044384 T arp_raw_request
4a044418 T arp_request
4a04446c T arp_timeout_check
4a0444c4 T arp_receive
4a044644 T arp_is_waiting
4a044654 t dhcp_extended
4a0447b4 t dhcp_process_options
4a044900 t dhcp_packet_process_options
4a04495c t dhcp_handler
4a044c04 T bootp_reset
4a044c30 T bootp_request
4a044e14 t bootp_timeout_handler
4a044e6c T dhcp_request
4a044e70 t eth_get_uclass_priv
4a044e84 t eth_pre_remove
4a044ea0 t eth_write_hwaddr
4a044f1c t on_ethaddr
4a044f68 t eth_post_probe
4a0450a4 t eth_post_bind
4a0450c4 T eth_set_current_to_next
4a0450e8 T eth_get_dev
4a045108 T eth_set_dev
4a04512c t eth_pre_unbind
4a045144 T eth_get_dev_by_name
4a0451cc T eth_get_ethaddr
4a0451de T eth_halt_state_only
4a0451f4 T eth_get_dev_index
4a04520c T eth_init
4a0452a0 T eth_is_active
4a0452c0 T eth_halt
4a0452e4 T eth_send
4a045316 T eth_rx
4a04537c T eth_initialize
4a045448 T eth_env_get_enetaddr_by_index
4a045478 T eth_env_set_enetaddr_by_index
4a0454a8 T eth_common_init
4a0454bc T eth_mac_skip
4a0454ec T eth_get_name
4a045504 T eth_current_changed
4a045560 T eth_try_another
4a0455b4 T eth_set_current
4a04560c t net_clear_handlers
4a045630 t start_again_timeout_handler
4a04563c t dummy_handler
4a045640 t on_ipaddr
4a045658 t on_gatewayip
4a045670 t on_netmask
4a045688 t on_serverip
4a0456a0 t net_init_loop.part.0
4a0456b8 T net_init
4a045710 T net_start_again
4a0457fc T net_set_udp_handler
4a045814 T net_get_arp_handler
4a045820 T net_set_timeout_handler
4a04585c T net_get_async_tx_pkt_buf
4a045878 T net_process_received_packet
4a045a98 T net_eth_hdr_size
4a045ac4 T net_set_ether
4a045b40 T net_update_ether
4a045ba8 T net_set_ip_header
4a045c2c T net_set_udp_header
4a045c84 T net_send_ip_packet
4a045d48 T net_send_udp_packet
4a045d64 T copy_filename
4a045d94 T is_serverip_in_cmd
4a045dac t net_check_prereq
4a045e54 T net_auto_load
4a045ebc T net_loop
4a046090 T net_parse_bootfile
4a0460e0 T ip_to_string
4a046108 T string_to_vlan
4a046130 t on_nvlan
4a046148 t on_vlan
4a046160 t rpc_lookup_reply
4a0461c8 t nfs_mount_reply
4a046228 t nfs_umountall_reply
4a046280 t nfs_lookup_reply
4a046338 t nfs_readlink_reply
4a0463f8 t basename
4a046418 t nfs_read_reply
4a046500 t rpc_req
4a0465c4 t nfs_read_req
4a046668 t nfs_readlink_req
4a0466ec t nfs_mount_req
4a046774 t nfs_lookup_req
4a046880 t nfs_umountall_req
4a0468d4 t nfs_send
4a0469a8 t nfs_handler
4a046b24 t nfs_timeout_handler
4a046b70 T nfs_start
4a046cd8 t ping_timeout_handler
4a046cec T ping_start
4a046db4 T ping_receive
4a046e6c t tftp_send
4a046fa0 t tftp_handler
4a047234 t tftp_timeout_handler
4a047298 T tftp_start
4a047520 T __aeabi_uidiv
4a047520 T __udivsi3
4a0475bc T __aeabi_idiv
4a0475bc T __divsi3
4a047688 T __aeabi_uidivmod
4a0476a0 T __aeabi_idivmod
4a0476b8 t Ldiv0
4a0476c8 T __aeabi_uldivmod
4a0476f0 t L_div_64_64
4a047700 t L_lsl_4
4a04772c t L_lsl_1
4a047758 t L_subtract
4a047774 t L_update
4a047798 t L_exit
4a0477ac t L_div_32_32
4a0477c4 t L_pow2
4a047838 t L_div_by_0
4a047850 T __div0
4a047858 t __longjmp_from_thumb
4a047868 D __secure_start
4a047ed8 D __secure_end
4a047ee0 R efi_block_io_guid
4a047ef0 r efi_file_handle_protocol
4a047f30 R efi_file_info_guid
4a047f40 R efi_file_system_info_guid
4a047f50 R efi_global_variable_guid
4a047f60 R efi_guid_device_path
4a047f70 R efi_guid_device_path_to_text_protocol
4a047f80 R efi_guid_device_path_utilities_protocol
4a047f90 R efi_guid_driver_binding_protocol
4a047fa0 R efi_guid_event_group_exit_boot_services
4a047fb0 R efi_guid_event_group_memory_map_change
4a047fc0 R efi_guid_event_group_reset_system
4a047fd0 R efi_guid_fdt
4a047fe0 R efi_guid_hii_config_routing_protocol
4a047ff0 R efi_guid_hii_database_protocol
4a048000 R efi_guid_hii_string_protocol
4a048010 R efi_guid_loaded_image
4a048020 R efi_guid_loaded_image_device_path
4a048030 R efi_guid_text_input_ex_protocol
4a048040 R efi_guid_text_input_protocol
4a048050 R efi_guid_text_output_protocol
4a048060 R efi_guid_unicode_collation_protocol2
4a048070 r efi_net_guid
4a048080 r efi_pxe_base_code_protocol_guid
4a048090 R efi_simple_file_system_protocol_guid
4a0480a0 R efi_system_volume_label_id
4a0480b0 R efi_u_boot_guid
4a0480c0 r partition_basic_data_guid
4a0480d0 r smbios_guid
4a0480e0 r system_guid
4a0481f0 r CSWTCH.18
4a04820c r CSWTCH.197
4a048280 r CSWTCH.32
4a048288 r CSWTCH.32
4a0482a8 r CSWTCH.40
4a0482c8 r CSWTCH.45
4a0482dc r CSWTCH.79
4a048300 r a10_ccu_desc
4a048308 r a10_ccu_ids
4a048320 r boot_os
4a048380 r bootm_args.9058
4a04838c r cc_to_error
4a0483cc r cc_to_string
4a04840c r clk_fixed_factor_match
4a04841c R clk_fixed_factor_ops
4a04843c r clk_fixed_rate_match
4a04844c R clk_fixed_rate_ops
4a04846c r color
4a0484ac r commands
4a0484fc r designware_eth_ids
4a04853c R designware_eth_ops
4a04855c r driver_ops
4a048568 r efi_blk_ops
4a048578 R efi_device_path_to_text
4a048580 R efi_device_path_utilities
4a0485a0 R efi_hii_config_routing
4a0485b8 R efi_hii_database
4a0485e4 R efi_hii_string
4a0485f8 R efi_unicode_collation_protocol2
4a048614 r ehci_usb_ids
4a048624 r env_flags_varaccess_mask
4a048634 r ext_csd_bus_width
4a048670 r fbase
4a048680 r fdt_errtable
4a0486cc r fdt_member_table
4a0486f4 r freqs.10587
4a04872c r generic_simple_bus_ids
4a048744 r getvar_dispatch
4a0487ac r gpio_function
4a0487c0 r gpio_sunxi_ops
4a0487e8 r hub_id_table
4a048818 r if_type_uclass_id
4a04884c r if_typename_str
4a048880 r init_sequence_f
4a048938 r kbd_id_table
4a048968 r keywords
4a048a08 r ksz9021_clk_grp
4a048a28 r ksz9031_clk_grp
4a048a38 r ksz9031_ctl_grp
4a048a48 r ksz90x1_rxd_grp
4a048a68 r ksz90x1_txd_grp
4a048a88 r machines
4a048a98 r mass_storage_id_table
4a048ac8 r mii_reg_desc_tbl
4a048b48 r mmc_blk_ops
4a048b58 r mmc_modes_by_pref
4a048b78 r mmc_versions.10963
4a048b9c r musb_ep_ops
4a048bc4 R musb_g_ep0_ops
4a048bec r musb_gadget_operations
4a048c18 r names.10582
4a048c50 r ns16550_serial_ids
4a048c80 R ns16550_serial_ops
4a048ca0 r ohci_usb_ids
4a048cb0 r oid_supported_list
4a048d20 R op_adv
4a048e20 r op_table
4a048e88 r phy_interface_strings
4a048ee8 r reg_0_desc_tbl
4a048f60 r reg_10_desc_tbl
4a048fc0 r reg_1_desc_tbl
4a049080 r reg_2_desc_tbl
4a04908c r reg_3_desc_tbl
4a0490b0 r reg_4_desc_tbl
4a049140 r reg_5_desc_tbl
4a0491d0 r reg_9_desc_tbl
4a049230 R res_mode_init
4a049438 r root_info
4a049440 r scsi_blk_ops
4a049450 r sd_au_size.10841
4a049490 r sd_modes_by_pref
4a0494a0 r smbios_write_funcs
4a0494bc r soc_data_a_all
4a0494c4 r soc_data_l_1
4a0494cc r soc_data_l_2
4a0494d4 r soc_data_l_3
4a0494dc r sun4i_a10_cfg
4a0494f0 r sun4i_a10_cfg
4a0494f4 r sun4i_usb_phy_ids
4a049554 r sun50i_a64_cfg
4a049568 r sun50i_h6_cfg
4a04957c r sun5i_a13_cfg
4a049590 r sun6i_a31_cfg
4a0495a4 r sun6i_a31_cfg
4a0495a8 r sun7i_a20_cfg
4a0495bc r sun8i_a23_cfg
4a0495d0 r sun8i_a33_cfg
4a0495e4 r sun8i_a83t_cfg
4a0495f8 r sun8i_h3_cfg
4a04960c r sun8i_h3_cfg
4a049610 r sun8i_v3s_cfg
4a049624 r sunxi_ahci_ids
4a04963c r sunxi_gpio_ids
4a0496fc r sunxi_mmc_ids
4a04974c r sunxi_mmc_ops
4a049764 r sunxi_musb_ids
4a04978c r sunxi_musb_ops
4a0497b8 r sunxi_rgb2yuv_coef
4a0497e8 r uimage_arch
4a04992c r uimage_comp
4a049980 r uimage_os
4a049a1c r uimage_type
4a049bfc r usb_eth_ops
4a049c1c r usb_hub_ids
4a049c2c r usb_kbd_ids
4a049c3c r usb_mass_storage_ids
4a049c4c r usb_storage_ops
4a049c5c r video_font_draw_table15
4a049c6c r video_font_draw_table16
4a049c7c r video_font_draw_table24
4a049d3c r video_font_draw_table32
4a049e3c r video_font_draw_table8
4a049e7c r codepage
4a049f7c r crc16_tab
4a04a17c r dbase.9387
4a04a1bc r dext.9388
4a04a1fc r distfix
4a04a340 r lbase.9385
4a04a37e r lenfix
4a04ab7e r lext.9386
4a04abbc r order.9481
4a04abf0 r sun4i_a10_variant
4a04abf2 r sun50i_h6_variant
4a04abf4 r sun9i_a80_variant
4a04acb6 r CSWTCH.76
4a04accc r END
4a04acd0 r ROOT
4a04ace4 r __FUNCTION__.9387
4a04acfb r __FUNCTION__.9560
4a04ad12 r __func__.10278
4a04ad22 r __func__.10334
4a04ad31 r __func__.10589
4a04ad3f r __func__.10689
4a04ad51 r __func__.10761
4a04ad5e r __func__.10767
4a04ad6f r __func__.10771
4a04ad87 r __func__.10775
4a04ad9f r __func__.10779
4a04adac r __func__.10783
4a04adc0 r __func__.10787
4a04add4 r __func__.10912
4a04ade3 r __func__.10929
4a04adf1 r __func__.10948
4a04ae00 r __func__.10955
4a04ae1b r __func__.10973
4a04ae27 r __func__.11114
4a04ae3c r __func__.11130
4a04ae4c r __func__.11191
4a04ae5f r __func__.11519
4a04ae76 r __func__.11713
4a04ae8d r __func__.11747
4a04ae99 r __func__.11884
4a04aea2 r __func__.12001
4a04aeb4 r __func__.12078
4a04aec9 r __func__.12130
4a04aed8 r __func__.12930
4a04aee9 r __func__.13074
4a04aef8 r __func__.13244
4a04af18 r __func__.9062
4a04af23 r __func__.9147
4a04af37 r __func__.9263
4a04af4f r __func__.9265
4a04af61 r __func__.9276
4a04af74 r __func__.9294
4a04af87 r __func__.9338
4a04af93 r __func__.9356
4a04afa6 r __func__.9389
4a04afc3 r __func__.9406
4a04afd0 r __func__.9416
4a04afdf r __func__.9425
4a04aff6 r __func__.9430
4a04b003 r __func__.9528
4a04b00a r __func__.9760
4a04b023 r __func__.9949
4a04b04c R _ctype
4a04b29d r acm_descriptor
4a04c300 r call_mgmt_descriptor
4a04c620 R default_environment
4a04dcd7 r digits.11029
4a050387 r driver_desc
4a051379 r env_flags_varaccess_rep
4a05137e r env_flags_vartype_rep
4a0514b9 r erase_seq
4a051f6b r fastboot_name
4a053701 r hdr.11185
4a053706 r header_desc
4a05370b R hex_asc
4a053812 r illegal
4a0540d9 r manufacturer
4a0546e9 r multipliers
4a0546f9 R musb_driver_name
4a05488d r musb_test_packet
4a054924 r names.9333
4a05496f R net_bcast_ethaddr
4a0556ce r product
4a055aa2 r rndis_control_intf
4a055aab r rndis_data_intf
4a055cfc r sha1_padding
4a05c182 r tab_seq
4a05c42f r union_desc
4a05c434 r us_direction
4a05ca81 r usb_kbd_num_keypad
4a05ca95 r usb_kbd_numkey
4a05cab0 r usb_kbd_numkey_shifted
4a05cebc r usb_special_keys
4a05d1f6 V version_string
4a05d7d8 d bootm_help_text
4a05dca8 d cmd_bootm_sub
4a05dda4 d source_help_text
4a05de50 d cmd_blkc_sub
4a05de88 d bootefi_help_text
4a05e013 d bootz_help_text
4a05e21c d test_commands
4a05e270 d fdt_help_text
4a05e954 d root.9241
4a05e956 d tabs.9329
4a05e978 d cmd_i2c_sub
4a05eb00 d i2c_dp_last_length
4a05eb04 d i2c_help_text
4a05eebc d do_echo
4a05eec0 d dp_last_length
4a05eec4 d cmd_mmc
4a05efdc d curr_device
4a05efe0 d cmd_pxe_sub
4a05f018 D pxe_default_paths
4a05f02c d usb_stor_curr_dev
4a05f030 d fastboot_help_text
4a05f0db d imgextract_help_text
4a05f190 d cmd_env_sub
4a05f2a8 d env_help_text
4a05f504 d env_id
4a05f508 d hash_algo
4a05f578 d reserved_list
4a05f5fc d init_sequence_r
4a05f66c d of_busses
4a05f684 d usb_scan_list
4a05f68c d hist_cur
4a05f690 d av_
4a05fa98 d sbrk_base
4a05fa9c d trim_threshold
4a05faa0 D load_addr
4a05faa4 D stdio_names
4a05fab0 D sunxi_clk_ops
4a05fad0 d a10_gates
4a0600d0 d a10_resets
4a060100 D scsi_ops
4a060108 d _stats
4a06011c d block_cache
4a060124 D phy_info
4a060154 d sun4i_usb_phy_ops
4a06016c D linux_logo
4a061a6c D linux_logo_blue
4a061b42 D linux_logo_green
4a061c18 D linux_logo_red
4a061cf0 d nl.9496
4a061cf4 d video_fontdata
4a062cf4 D sunxi_reset_ops
4a062d0c d supported
4a062d44 d genphy_driver
4a062d84 d phy_drivers
4a062d8c d ksz9021_driver
4a062dcc d ksz9031_driver
4a062e0c d RTL8211B_driver
4a062e4c d RTL8211DN_driver
4a062e8c d RTL8211E_driver
4a062ecc d RTL8211F_driver
4a062f0c d composite_driver
4a062f30 d device_desc
4a062f42 d device_desc
4a062f54 d g_dnl_composite_strings
4a062f5c d g_dnl_driver
4a062f7c d g_dnl_string_defs
4a062f9c d g_dnl_string_tab
4a062fa4 d fastboot_string_defs
4a062fb4 d fastboot_strings
4a062fbc d fb_fs_function
4a062fc8 d fb_hs_function
4a062fd8 d fs_ep_in
4a062fe1 d fs_ep_out
4a062fea d hs_ep_in
4a062ff3 d hs_ep_out
4a062ffc d interface_desc
4a063008 d stringtab_fastboot
4a063010 d dev_qualifier
4a06301a d eth_config
4a063024 d fs_eth_function
4a063050 d fs_rndis_function
4a06307c d fs_sink_desc
4a063085 d fs_source_desc
4a06308e d fs_status_desc
4a063098 d hs_eth_function
4a0630c4 d hs_rndis_function
4a0630f0 d hs_sink_desc
4a0630f9 d hs_source_desc
4a063102 d hs_status_desc
4a06310c D l_priv
4a063110 d otg_descriptor
4a063113 d product_desc
4a06313b d rndis_config
4a063144 d strings
4a063184 d stringtab
4a06318c D ohci_usb_ops
4a0631b4 d root_hub_config_des
4a0631cd d root_hub_dev_des
4a0631df d root_hub_str_index0
4a0631e3 d root_hub_str_index1
4a063203 d descriptor
4a06323c D ehci_usb_ops
4a063264 d ep0_cfg
4a06326a d fifo_mode
4a06326c d mode_0_cfg
4a06328a d mode_1_cfg
4a0632a8 d mode_2_cfg
4a0632cc d mode_3_cfg
4a0632f0 d mode_4_cfg
4a063392 d mode_5_cfg
4a063434 d musb_config
4a06344c d musb_config_h3
4a063464 d sunxi_musb_mode_cfg
4a0634a0 d sunxi_musb_mode_cfg_h3
4a0634d0 D env_htab
4a0634e0 d first_call
4a0634e4 d first_call
4a0634e8 d fstypes
4a0635b4 D ext4fs_indir1_blkno
4a0635b8 D ext4fs_indir2_blkno
4a0635bc D ext4fs_indir3_blkno
4a0635c0 d efi_boot_services
4a063688 D efi_event_queue
4a063690 D efi_obj_list
4a063698 D efi_register_notify_events
4a0636a0 d efi_tpl
4a0636a4 d entry_count
4a0636a8 d timers_enabled
4a0636ac d cin_notify_functions
4a0636b4 D efi_con_in
4a0636c0 d efi_con_in_ex
4a0636d8 d efi_con_mode
4a0636f0 D efi_con_out
4a063718 d efi_cout_modes
4a06373c d efi_keyboard_layout_list
4a063744 d efi_package_lists
4a06374c D efi_mem
4a063754 d lastoff.12077
4a063758 d efi_obj_list_initialized
4a06375c d capitalization_table
4a06462c d sha256_padding
4a06466c d y
4a064670 d first_call.9404
4a064674 D net_native_vlan
4a064676 D net_our_vlan
4a064678 d nfs_offset
4a06467c d supported_nfs_versions
4a06467e d tftp_block_size
4a064680 d tftp_block_size_option
4a064684 D tftp_timeout_count_max
4a064688 d timeout_count_max
4a06468c d timeout_ms
4a06469c D _u_boot_list_2_cmd_2_base
4a06469c d start.8990
4a06469c d start.8994
4a06469c d start.9124
4a06469c d start.9128
4a06469c d start.9183
4a06469c d start.9186
4a0646b8 D _u_boot_list_2_cmd_2_bdinfo
4a0646d4 D _u_boot_list_2_cmd_2_blkcache
4a0646f0 D _u_boot_list_2_cmd_2_boot
4a06470c D _u_boot_list_2_cmd_2_bootd
4a064728 D _u_boot_list_2_cmd_2_bootefi
4a064744 D _u_boot_list_2_cmd_2_bootelf
4a064760 D _u_boot_list_2_cmd_2_bootm
4a06477c D _u_boot_list_2_cmd_2_bootp
4a064798 D _u_boot_list_2_cmd_2_bootvx
4a0647b4 D _u_boot_list_2_cmd_2_bootz
4a0647d0 D _u_boot_list_2_cmd_2_clrlogo
4a0647ec D _u_boot_list_2_cmd_2_cmp
4a064808 D _u_boot_list_2_cmd_2_coninfo
4a064824 D _u_boot_list_2_cmd_2_cp
4a064840 D _u_boot_list_2_cmd_2_crc32
4a06485c D _u_boot_list_2_cmd_2_dhcp
4a064878 D _u_boot_list_2_cmd_2_dm
4a064894 D _u_boot_list_2_cmd_2_echo
4a0648b0 D _u_boot_list_2_cmd_2_editenv
4a0648cc D _u_boot_list_2_cmd_2_env
4a0648e8 D _u_boot_list_2_cmd_2_exit
4a064904 D _u_boot_list_2_cmd_2_ext2load
4a064920 D _u_boot_list_2_cmd_2_ext2ls
4a06493c D _u_boot_list_2_cmd_2_ext4load
4a064958 D _u_boot_list_2_cmd_2_ext4ls
4a064974 D _u_boot_list_2_cmd_2_ext4size
4a064990 D _u_boot_list_2_cmd_2_false
4a0649ac D _u_boot_list_2_cmd_2_fastboot
4a0649c8 D _u_boot_list_2_cmd_2_fatinfo
4a0649e4 D _u_boot_list_2_cmd_2_fatload
4a064a00 D _u_boot_list_2_cmd_2_fatls
4a064a1c D _u_boot_list_2_cmd_2_fatmkdir
4a064a38 D _u_boot_list_2_cmd_2_fatrm
4a064a54 D _u_boot_list_2_cmd_2_fatsize
4a064a70 D _u_boot_list_2_cmd_2_fatwrite
4a064a8c D _u_boot_list_2_cmd_2_fdt
4a064aa8 D _u_boot_list_2_cmd_2_fstype
4a064ac4 D _u_boot_list_2_cmd_2_go
4a064ae0 D _u_boot_list_2_cmd_2_gpio
4a064afc D _u_boot_list_2_cmd_2_gpt
4a064b18 D _u_boot_list_2_cmd_2_help
4a064b34 D _u_boot_list_2_cmd_2_i2c
4a064b50 D _u_boot_list_2_cmd_2_iminfo
4a064b6c D _u_boot_list_2_cmd_2_imxtract
4a064b88 D _u_boot_list_2_cmd_2_itest
4a064ba4 D _u_boot_list_2_cmd_2_ln
4a064bc0 D _u_boot_list_2_cmd_2_load
4a064bdc D _u_boot_list_2_cmd_2_loadb
4a064bf8 D _u_boot_list_2_cmd_2_loads
4a064c14 D _u_boot_list_2_cmd_2_loadx
4a064c30 D _u_boot_list_2_cmd_2_loady
4a064c4c D _u_boot_list_2_cmd_2_loop
4a064c68 D _u_boot_list_2_cmd_2_ls
4a064c84 D _u_boot_list_2_cmd_2_md
4a064ca0 D _u_boot_list_2_cmd_2_mdio
4a064cbc D _u_boot_list_2_cmd_2_mii
4a064cd8 D _u_boot_list_2_cmd_2_mm
4a064cf4 D _u_boot_list_2_cmd_2_mmc
4a064d10 D _u_boot_list_2_cmd_2_mmcinfo
4a064d2c D _u_boot_list_2_cmd_2_mw
4a064d48 D _u_boot_list_2_cmd_2_nfs
4a064d64 D _u_boot_list_2_cmd_2_nm
4a064d80 D _u_boot_list_2_cmd_2_part
4a064d9c D _u_boot_list_2_cmd_2_ping
4a064db8 D _u_boot_list_2_cmd_2_poweroff
4a064dd4 D _u_boot_list_2_cmd_2_printenv
4a064df0 D _u_boot_list_2_cmd_2_pxe
4a064e0c D _u_boot_list_2_cmd_2_question_mark
4a064e28 D _u_boot_list_2_cmd_2_random
4a064e44 D _u_boot_list_2_cmd_2_reset
4a064e60 D _u_boot_list_2_cmd_2_run
4a064e7c D _u_boot_list_2_cmd_2_save
4a064e98 D _u_boot_list_2_cmd_2_saveenv
4a064eb4 D _u_boot_list_2_cmd_2_scsi
4a064ed0 D _u_boot_list_2_cmd_2_scsiboot
4a064eec D _u_boot_list_2_cmd_2_setenv
4a064f08 D _u_boot_list_2_cmd_2_setexpr
4a064f24 D _u_boot_list_2_cmd_2_showvar
4a064f40 D _u_boot_list_2_cmd_2_size
4a064f5c D _u_boot_list_2_cmd_2_sleep
4a064f78 D _u_boot_list_2_cmd_2_source
4a064f94 D _u_boot_list_2_cmd_2_sysboot
4a064fb0 D _u_boot_list_2_cmd_2_test
4a064fcc D _u_boot_list_2_cmd_2_tftpboot
4a064fe8 D _u_boot_list_2_cmd_2_true
4a065004 D _u_boot_list_2_cmd_2_usb
4a065020 D _u_boot_list_2_cmd_2_usbboot
4a06503c D _u_boot_list_2_cmd_2_version
4a065058 D _u_boot_list_2_driver_2_ahci_scsi
4a065058 d end.8997
4a065058 d end.9131
4a065058 d end.9189
4a065058 d start.11776
4a065058 d start.9838
4a065058 d start.9842
4a065058 d start.9925
4a065058 d start.9929
4a06509c D _u_boot_list_2_driver_2_ahci_sunxi_drv
4a0650e0 D _u_boot_list_2_driver_2_clk_fixed_factor
4a065124 D _u_boot_list_2_driver_2_clk_fixed_rate
4a065168 D _u_boot_list_2_driver_2_clk_sun4i_a10
4a0651ac D _u_boot_list_2_driver_2_efi_blk
4a0651f0 D _u_boot_list_2_driver_2_efi_block
4a065234 D _u_boot_list_2_driver_2_ehci_generic
4a065278 D _u_boot_list_2_driver_2_eth_designware
4a0652bc D _u_boot_list_2_driver_2_eth_usb
4a065300 D _u_boot_list_2_driver_2_gpio_sunxi
4a065344 D _u_boot_list_2_driver_2_mmc_blk
4a065388 D _u_boot_list_2_driver_2_ns16550_serial
4a0653cc D _u_boot_list_2_driver_2_ohci_generic
4a065410 D _u_boot_list_2_driver_2_root_driver
4a065454 D _u_boot_list_2_driver_2_scsi_blk
4a065498 D _u_boot_list_2_driver_2_simple_bus_drv
4a0654dc D _u_boot_list_2_driver_2_sun4i_usb_phy
4a065520 D _u_boot_list_2_driver_2_sunxi_mmc_drv
4a065564 D _u_boot_list_2_driver_2_sunxi_reset
4a0655a8 D _u_boot_list_2_driver_2_usb_dev_generic_drv
4a0655ec D _u_boot_list_2_driver_2_usb_generic_hub
4a065630 D _u_boot_list_2_driver_2_usb_kbd
4a065674 D _u_boot_list_2_driver_2_usb_mass_storage
4a0656b8 D _u_boot_list_2_driver_2_usb_musb
4a0656fc D _u_boot_list_2_driver_2_usb_storage_blk
4a065740 D _u_boot_list_2_env_clbk_2_baudrate
4a065740 d end.11778
4a065740 d end.9845
4a065740 d end.9884
4a065740 d end.9932
4a065740 d start.9132
4a065740 d start.9139
4a065740 d start.9877
4a065740 d start.9881
4a065748 D _u_boot_list_2_env_clbk_2_callbacks
4a065750 D _u_boot_list_2_env_clbk_2_console
4a065758 D _u_boot_list_2_env_clbk_2_ethaddr
4a065760 D _u_boot_list_2_env_clbk_2_flags
4a065768 D _u_boot_list_2_env_clbk_2_gatewayip
4a065770 D _u_boot_list_2_env_clbk_2_ipaddr
4a065778 D _u_boot_list_2_env_clbk_2_loadaddr
4a065780 D _u_boot_list_2_env_clbk_2_netmask
4a065788 D _u_boot_list_2_env_clbk_2_nvlan
4a065790 D _u_boot_list_2_env_clbk_2_serialno
4a065798 D _u_boot_list_2_env_clbk_2_serverip
4a0657a0 D _u_boot_list_2_env_clbk_2_vlan
4a0657a8 D _u_boot_list_2_env_driver_2_fat
4a0657a8 d end.9135
4a0657a8 d start.9132
4a0657a8 d start.9140
4a0657c0 D _u_boot_list_2_g_dnl_bind_callbacks_2___usb_function_name_usb_dnl_fastboot
4a0657c0 d end.10311
4a0657c0 d end.9135
4a0657c0 d start.10308
4a0657c0 d start.10316
4a0657c0 d start.12999
4a0657c8 D _u_boot_list_2_i2c_2_twsi0
4a0657c8 d start.10640
4a0657c8 d start.10652
4a0657c8 d start.10668
4a0657c8 d start.9206
4a0657c8 d start.9210
4a0657c8 d start.9228
4a0657c8 d start.9252
4a0657f4 D _u_boot_list_2_i2c_2_twsi1
4a065820 D _u_boot_list_2_part_driver_2_a_efi
4a065820 d end.10643
4a065820 d end.10655
4a065820 d end.10671
4a065820 d end.9213
4a065820 d end.9231
4a065820 d end.9255
4a065820 d start.9081
4a065820 d start.9085
4a065820 d start.9154
4a065820 d start.9158
4a065838 D _u_boot_list_2_part_driver_2_dos
4a065850 D _u_boot_list_2_part_driver_2_iso
4a065868 D _u_boot_list_2_pci_driver_entry_2_eth_designware
4a065868 d end.9088
4a065868 d end.9161
4a065870 D _u_boot_list_2_uclass_2_ahci
4a065870 d start.9857
4a065870 d start.9861
4a0658bc D _u_boot_list_2_uclass_2_blk
4a065908 D _u_boot_list_2_uclass_2_clk
4a065954 D _u_boot_list_2_uclass_2_efi
4a0659a0 D _u_boot_list_2_uclass_2_eth
4a0659ec D _u_boot_list_2_uclass_2_gpio
4a065a38 D _u_boot_list_2_uclass_2_keyboard
4a065a84 D _u_boot_list_2_uclass_2_mmc
4a065ad0 D _u_boot_list_2_uclass_2_nop
4a065b1c D _u_boot_list_2_uclass_2_phy
4a065b68 D _u_boot_list_2_uclass_2_reset
4a065bb4 D _u_boot_list_2_uclass_2_root
4a065c00 D _u_boot_list_2_uclass_2_scsi
4a065c4c D _u_boot_list_2_uclass_2_serial
4a065c98 D _u_boot_list_2_uclass_2_simple_bus
4a065ce4 D _u_boot_list_2_uclass_2_usb
4a065d30 D _u_boot_list_2_uclass_2_usb_dev_generic
4a065d7c D _u_boot_list_2_uclass_2_usb_gadget_generic
4a065dc8 D _u_boot_list_2_uclass_2_usb_hub
4a065e14 D _u_boot_list_2_uclass_2_usb_mass_storage
4a065e60 D _u_boot_list_2_usb_driver_entry_2_usb_generic_hub
4a065e60 d end.9864
4a065e60 d start.11074
4a065e60 d start.11077
4a065e68 D _u_boot_list_2_usb_driver_entry_2_usb_kbd
4a065e70 D _u_boot_list_2_usb_driver_entry_2_usb_mass_storage
4a065e78 D __efi_runtime_rel_start
4a065e78 d end.11080
4a065f18 B __bss_base
4a065f18 B __bss_start
4a065f18 R __efi_runtime_rel_stop
4a065f18 R __image_copy_end
4a065f18 R __rel_dyn_start
4a065f18 b is_nonsec.9330
4a065f1c b params
4a065f20 b bootefi_device_path
4a065f24 b bootefi_image_path
4a065f28 b data.9214
4a066328 B working_fdt
4a06632c b i2c_dp_last_addr
4a066330 b i2c_dp_last_alen
4a066334 b i2c_dp_last_chip
4a066338 b i2c_mm_last_addr
4a06633c b i2c_mm_last_alen
4a066340 b i2c_mm_last_chip
4a066344 b a_b
4a06635c b bin_start_address
4a066360 b his_eol
4a066361 b his_pad_char
4a066364 b his_pad_count
4a066368 b his_quote
4a06636c b k_data_escape
4a066370 b k_data_escape_saved
4a066374 b os_data_addr
4a066378 b os_data_addr_saved
4a06637c b os_data_char
4a066380 b os_data_init
4a066384 b os_data_state
4a066388 b os_data_state_saved
4a06638c b send_parms
4a0663a0 b send_ptr
4a0663a4 b base_address
4a0663a8 b dp_last_addr
4a0663ac b dp_last_size
4a0663b0 b mm_last_addr
4a0663b4 b mm_last_size
4a0663b8 b last_addr_hi
4a0663bc b last_addr_hi
4a0663c0 b last_addr_lo
4a0663c4 b last_addr_lo
4a0663c8 b last_data
4a0663cc b last_data
4a0663d0 b last_mask
4a0663d4 b last_op
4a0663d6 b last_op
4a0663d8 b last_reg_hi
4a0663dc b last_reg_hi
4a0663e0 b last_reg_lo
4a0663e4 b last_reg_lo
4a0663e8 b last_devad_hi
4a0663ec b last_devad_lo
4a0663f0 B do_getfile
4a0663f4 B is_pxe
4a0663f8 b scsi_curr_dev
4a0663fc b fs_argv
4a066410 b buf.9589
4a066438 b do_repeat
4a06643c b flag_repeat
4a066440 b ifs
4a066444 b last_return_code
4a066448 b map
4a066548 b the_command.9389
4a06694c b top_vars
4a066950 b stored_bootdelay
4a066954 B monitor_flash_len
4a066958 B images
4a066abc b current_mii
4a066ac0 b mii_devs
4a066ac8 B usb_started
4a066acc b running.11008
4a066ad0 b CBWTag
4a066b00 b usb_ccb
4a066c00 b usb_max_devs
4a066c04 b kbd_testc_tms
4a066c08 B console_buffer
4a06700c b hist_add_idx
4a067010 b hist_lines
4a06c024 b hist_list
4a06c074 b hist_max
4a06c078 b hist_num
4a06c07c b initted.9193
4a06c080 B cd_count
4a06c08c B console_devices
4a06c098 b ctrlc_disabled
4a06c09c b ctrlc_was_pressed
4a06c0a0 b tstcdev
4a06c0a4 b current_mallinfo
4a06c0cc b max_sbrked_mem
4a06c0d0 b max_total_mem
4a06c0d4 B mem_malloc_brk
4a06c0d8 B mem_malloc_end
4a06c0dc B mem_malloc_start
4a06c0e0 b top_pad
4a06c0e4 b andr_tmp_str
4a06c2e8 b devs
4a06c334 B stdio_devices
4a06c340 b env_complete_buf
4a06c540 b tmp_buf
4a06c944 b xyz
4a06cd80 b tmpbuf
4a06d580 b name.9209
4a06d5a5 b boot_addr_start.9057
4a06d5bc B fastboot_buf_addr
4a06d5c0 B fastboot_buf_size
4a06d5c4 B fastboot_progress_callback
4a06d5c8 b fastboot_bytes_expected
4a06d5cc b fastboot_bytes_received
4a06d5d0 b image_size
4a06d5d4 b initialized.11078
4a06d5d8 b initial_usb_scan_delay
4a06d5dc b tempbuff
4a06d800 b tempccb
4a06d900 b ansi_buf
4a06d90c b ansi_buf_size
4a06d910 b ansi_colors_need_revert
4a06d914 b ansi_cursor_hidden
4a06d918 b bgx
4a06d91c b cfb_do_flush_cache
4a06d920 b console_col
4a06d924 b console_row
4a06d928 b cursor_state
4a06d92c b eorx
4a06d930 b fgx
4a06d934 b old_col
4a06d938 b old_row
4a06d93c b pGD
4a06d940 b video_console_address
4a06d944 b video_fb_address
4a06d948 B sunxi_display
4a06d9e8 b epnum
4a06d9ec b composite
4a06d9f0 b g_dnl_detach_request
4a06d9f1 b g_dnl_serial
4a06daf4 b fastboot_func
4a06db00 b __control_req
4a06dc00 b __status_req
4a06dc40 b dev_addr
4a06dc54 B eth_priv
4a06dd28 b ethaddr
4a06dd35 b host_addr
4a06dd47 b manufacturer
4a06dd7c B packet_received
4a06dd80 B packet_sent
4a06dd84 b rndis_resp_buf
4a06dd8c b serial_number
4a06dda0 b rndis_per_dev_params
4a06dddc b asynch_allowed
4a06dde0 b gadget
4a06dde4 b enabled
4a06dde5 b last_int_usb
4a06dde8 b callback_list
4a06ddec b flags_list
4a06ddf0 b fs_dev_desc
4a06ddf4 b fs_dev_part
4a06ddf8 b fs_partition
4a06de78 b fs_type
4a06de80 B ext_fs
4a06dec8 B ext4fs_file
4a06decc B ext4fs_indir1_block
4a06ded0 B ext4fs_indir1_size
4a06ded4 B ext4fs_indir2_block
4a06ded8 B ext4fs_indir2_size
4a06dedc B ext4fs_indir3_block
4a06dee0 B ext4fs_indir3_size
4a06dee4 B ext4fs_root
4a06dee8 b symlinknest
4a06deec b part_info
4a06def0 B part_offset
4a06def8 b cur_dev
4a06df00 b cur_part_info
4a06df80 b tmpbuf_cluster
4a0731b0 R __rel_dyn_end
4a0731b0 R _end
4a0731b0 R _image_binary_end
4a07df80 b total_sector
4a07df84 b rs
4a07df88 b app_gd
4a07df8c b current_image
4a07df90 b efi_gd
4a07df98 b mono.11754
4a07dfa0 b ret.11683
4a07dfa4 b console_timer_event
4a07dfa8 b key_available
4a07dfac b next_key
4a07dfb8 B efi_memory_map_key
4a07dfbc B efi_root
4a07dfc0 b efi_variables_list
4a07dfc4 b watchdog_timer_event
4a07dfc8 b dhcp_ack
4a07dfcc b network_timer_event
4a07dfd0 b new_rx_packet
4a07dfd4 b new_tx_packet
4a07dfd8 b transmit_buffer
4a07dfdc b wait_for_packet
4a07dfe0 B errno
4a07dfe4 b local.11290
4a07dffc B arp_tx_packet
4a07e000 b arp_tx_packet_buf
4a07e640 B arp_wait_packet_ethaddr
4a07e644 B arp_wait_timer_start
4a07e648 B arp_wait_try
4a07e64c B arp_wait_tx_packet_size
4a07e650 B net_arp_wait_packet_ip
4a07e654 b net_arp_wait_reply_ip
4a07e658 B bootp_ids
4a07e668 B bootp_num_ids
4a07e66c B bootp_start
4a07e670 B bootp_timeout
4a07e674 B bootp_try
4a07e678 b dhcp_leasetime
4a07e67c b dhcp_option_overload
4a07e680 b dhcp_server_ip
4a07e684 b dhcp_state
4a07e688 B net_hostname
4a07e6a8 B net_nis_domain
4a07e6c8 B net_root_path
4a07e708 b time_taken_max
4a07e70c b eth_errno
4a07e710 b act.10553
4a07e714 b env_changed_id.10554
4a07e718 b first_failed.10548
4a07e71c b arp_packet_handler
4a07e720 B net_boot_file_expected_size_in_blocks
4a07e724 B net_boot_file_name
4a07eb24 B net_boot_file_name_explicit
4a07eb28 B net_boot_file_size
4a07eb2c B net_busy_flag
4a07eb30 b net_dev_exists
4a07eb34 B net_dns_server
4a07eb38 B net_ethaddr
4a07eb40 B net_gateway
4a07eb44 B net_ip
4a07eb48 b net_ip_id
4a07eb4c B net_netmask
4a07eb50 B net_null_ethaddr
4a07eb56 b net_pkt_buf
4a080998 B net_restart_wrap
4a08099c b net_restarted
4a0809a0 B net_rx_packet
4a0809a4 B net_rx_packet_len
4a0809a8 B net_rx_packets
4a0809b8 B net_server_ethaddr
4a0809c0 B net_server_ip
4a0809c4 B net_state
4a0809c8 b net_try_count
4a0809cc B net_tx_packet
4a0809d0 B push_packet
4a0809d4 b time_delta
4a0809d8 b time_handler
4a0809dc b time_start
4a0809e0 b time_start
4a0809e4 b udp_packet_handler
4a0809e8 b dirfh
4a080a08 b filefh
4a080a48 b filefh3_length
4a080a4c b fs_mounted
4a080a50 b nfs_download_state
4a080a54 b nfs_filename
4a080a58 b nfs_len
4a080a5c b nfs_our_port
4a080a60 b nfs_path
4a080a64 b nfs_path_buff
4a081264 b nfs_server_ip
4a081268 b nfs_server_mount_port
4a08126c b nfs_server_port
4a081270 b nfs_state
4a081274 b nfs_timeout_count
4a081278 b rpc_id
4a08127c B net_ping_ip
4a081280 b ping_seq_number
4a081282 b default_filename
4a081290 b tftp_block_wrap
4a081294 b tftp_block_wrap_offset
4a081298 b tftp_cur_block
4a08129c b tftp_filename
4a08131c b tftp_load_addr
4a081320 b tftp_load_size
4a081324 b tftp_our_port
4a081328 b tftp_prev_block
4a08132c b tftp_remote_ip
4a081330 b tftp_remote_port
4a081334 b tftp_state
4a081338 b timeout_count
4a08133c B __bss_end
4a08133c B __bss_limit
