Archive member included to satisfy reference by file (symbol)

arch/arm/lib/lib.a(lib1funcs.o)
                              cmd/built-in.o (__aeabi_uidiv)
arch/arm/lib/lib.a(uldivmod.o)
                              lib/built-in.o (__aeabi_uldivmod)
arch/arm/lib/lib.a(div0.o)    arch/arm/lib/lib.a(lib1funcs.o) (__div0)

Discarded input sections

 .data          0x0000000000000000        0x0 arch/arm/cpu/armv7/start.o
 .bss           0x0000000000000000        0x0 arch/arm/cpu/armv7/start.o
 .text.mmu_page_table_flush
                0x0000000000000000       0x1e arch/arm/cpu/armv7/built-in.o
 .text.v7_arch_cp15_set_l2aux_ctrl
                0x0000000000000000        0x6 arch/arm/cpu/armv7/built-in.o
 .text.v7_arch_cp15_set_acr
                0x0000000000000000        0x6 arch/arm/cpu/armv7/built-in.o
 .text.sdelay   0x0000000000000000        0x6 arch/arm/cpu/armv7/built-in.o
 .text.wait_on_value
                0x0000000000000000       0x1e arch/arm/cpu/armv7/built-in.o
 .text.s_init   0x0000000000000000        0x4 arch/arm/cpu/armv7/built-in.o
 .text.smp_kick_all_cpus
                0x0000000000000000       0x18 arch/arm/cpu/armv7/built-in.o
 .data          0x0000000000000000        0x0 arch/arm/cpu/armv7/built-in.o
 .bss           0x0000000000000000        0x0 arch/arm/cpu/armv7/built-in.o
 .text.enable_caches
                0x0000000000000000        0xc arch/arm/lib/built-in.o
 .text.invalidate_dcache_range
                0x0000000000000000        0x2 arch/arm/lib/built-in.o
 .text.flush_dcache_range
                0x0000000000000000        0x2 arch/arm/lib/built-in.o
 .text.flush_dcache_all
                0x0000000000000000        0xa arch/arm/lib/built-in.o
 .text.invalidate_l2_cache
                0x0000000000000000        0xc arch/arm/lib/built-in.o
 .text.arm_init_before_mmu
                0x0000000000000000        0x2 arch/arm/lib/built-in.o
 .text.mmu_page_table_flush
                0x0000000000000000        0x2 arch/arm/lib/built-in.o
 .text.mmu_set_region_dcache_behaviour
                0x0000000000000000       0x4c arch/arm/lib/built-in.o
 .text.icache_status
                0x0000000000000000       0x1c arch/arm/lib/built-in.o
 .rodata.enable_caches.str1.1
                0x0000000000000000       0x1d arch/arm/lib/built-in.o
 .data          0x0000000000000000        0x0 arch/arm/lib/built-in.o
 .bss           0x0000000000000000        0x0 arch/arm/lib/built-in.o
 .text          0x0000000000000000        0x0 arch/arm/mach-sunxi/built-in.o
 .text.gtbus_init
                0x0000000000000000        0x2 arch/arm/mach-sunxi/built-in.o
 .text.mctl_await_completion
                0x0000000000000000       0x34 arch/arm/mach-sunxi/built-in.o
 .text.mctl_mem_matches
                0x0000000000000000       0x34 arch/arm/mach-sunxi/built-in.o
 .text.sunxi_gpio_get_cfgpin
                0x0000000000000000       0x20 arch/arm/mach-sunxi/built-in.o
 .text.pmic_bus_init
                0x0000000000000000       0x14 arch/arm/mach-sunxi/built-in.o
 .text.pmic_bus_read
                0x0000000000000000       0x16 arch/arm/mach-sunxi/built-in.o
 .text.pmic_bus_setbits
                0x0000000000000000       0x2a arch/arm/mach-sunxi/built-in.o
 .text.pmic_bus_clrbits
                0x0000000000000000       0x2a arch/arm/mach-sunxi/built-in.o
 .text.clock_get_pll3
                0x0000000000000000       0x1c arch/arm/mach-sunxi/built-in.o
 .rodata.mctl_await_completion.str1.1
                0x0000000000000000       0x1b arch/arm/mach-sunxi/built-in.o
 .data          0x0000000000000000       0x18 arch/arm/mach-sunxi/built-in.o
 .data.needs_init.9419
                0x0000000000000000        0x4 arch/arm/mach-sunxi/built-in.o
 .bss           0x0000000000000000        0x0 arch/arm/mach-sunxi/built-in.o
 .text          0x0000000000000000        0x0 board/sunxi/built-in.o
 .text.board_mmc_init
                0x0000000000000000       0x16 board/sunxi/built-in.o
 .text.sunxi_dram_init
                0x0000000000000000        0xc board/sunxi/built-in.o
 .data          0x0000000000000000        0x0 board/sunxi/built-in.o
 .data.dram_para
                0x0000000000000000       0x58 board/sunxi/built-in.o
 .bss           0x0000000000000000        0x0 board/sunxi/built-in.o
 .text          0x0000000000000000        0x0 cmd/built-in.o
 .text.bootz_setup
                0x0000000000000000       0x14 cmd/built-in.o
 .text.sunxi_name_to_gpio
                0x0000000000000000        0x8 cmd/built-in.o
 .text.i2c_init_board
                0x0000000000000000        0x2 cmd/built-in.o
 .rodata.bootz_setup.str1.1
                0x0000000000000000       0x34 cmd/built-in.o
 .data          0x0000000000000000        0x0 cmd/built-in.o
 .bss           0x0000000000000000        0x0 cmd/built-in.o
 .text          0x0000000000000000        0x0 common/built-in.o
 .text.board_init_f_init_stack_protection
                0x0000000000000000        0x2 common/built-in.o
 .text.hash_progressive_lookup_algo
[...]
Memory Configuration

Name             Origin             Length             Attributes
*default*        0x0000000000000000 0xffffffffffffffff

Linker script and memory map

Address of section .text set to 0x4a000000

/DISCARD/
 *(.rel._secure*)
                0x0000000000000000                . = 0x0
                0x0000000000000000                . = ALIGN (0x4)

.text           0x000000004a000000      0x3bc
 *(.__image_copy_start)
 .__image_copy_start
                0x000000004a000000        0x0 arch/arm/lib/built-in.o
                0x000000004a000000                __image_copy_start
 *(.vectors)
 .vectors       0x000000004a000000      0x2e8 arch/arm/lib/built-in.o
                0x000000004a000000                _start
                0x000000004a000020                _undefined_instruction
                0x000000004a000024                _software_interrupt
                0x000000004a000028                _prefetch_abort
                0x000000004a00002c                _data_abort
                0x000000004a000030                _not_used
                0x000000004a000034                _irq
                0x000000004a000038                _fiq
                0x000000004a000040                IRQ_STACK_START_IN
 arch/arm/cpu/armv7/start.o(.text*)
 .text          0x000000004a0002e8       0xd4 arch/arm/cpu/armv7/start.o
                0x000000004a0002e8                reset
                0x000000004a0002ec                save_boot_params_ret
                0x000000004a0002fc                switch_to_hypervisor_ret
                0x000000004a000338                c_runtime_cpu_setup
                0x000000004a000348                save_boot_params
                0x000000004a00034c                switch_to_hypervisor
                0x000000004a000350                cpu_init_cp15
                0x000000004a0003b0                cpu_init_crit

.glue_7         0x000000004a0003bc        0x0
 .glue_7        0x000000004a0003bc        0x0 linker stubs

.glue_7t        0x000000004a0003bc        0x0
 .glue_7t       0x000000004a0003bc        0x0 linker stubs

.vfp11_veneer   0x000000004a0003bc        0x0
 .vfp11_veneer  0x000000004a0003bc        0x0 linker stubs

.v4_bx          0x000000004a0003bc        0x0
 .v4_bx         0x000000004a0003bc        0x0 linker stubs

.iplt           0x000000004a0003bc        0x0
 .iplt          0x000000004a0003bc        0x0 arch/arm/cpu/armv7/start.o

.__efi_runtime_start
                0x000000004a0003bc        0x0
 *(.__efi_runtime_start)
 .__efi_runtime_start
                0x000000004a0003bc        0x0 arch/arm/lib/built-in.o

.efi_runtime    0x000000004a0003c0      0x7e0
 *(.text.efi_runtime*)
 .text.efi_runtime
                0x000000004a0003c0      0x1a4 lib/built-in.o
                0x000000004a0003c0                efi_reset_system
                0x000000004a0003c2                efi_get_time
                0x000000004a0003cc                efi_set_time
                0x000000004a0003ec                efi_update_capsule
                0x000000004a0003f4                efi_query_capsule_caps
                0x000000004a000498                efi_update_table_header_crc32
                0x000000004a0004c4                efi_query_variable_info
                0x000000004a0004cc                crc32_no_comp
                0x000000004a000558                crc32
 .text.efi_runtime_detach
                0x000000004a000564       0x24 lib/built-in.o
                0x000000004a000564                efi_runtime_detach
 .text.efi_runtime_relocate
                0x000000004a000588       0xf8 lib/built-in.o
                0x000000004a000588                efi_runtime_relocate
 *(.rodata.efi_runtime*)
 .rodata.efi_runtime_relocate.str1.1
                0x000000004a000680       0x4e lib/built-in.o
 *(.data.efi_runtime*)
 *fill*         0x000000004a0006ce        0x2 
 .data.efi_runtime
                0x000000004a0006d0      0x4c8 lib/built-in.o
                0x000000004a0006d0                efi_events
                0x000000004a0006d8                systab
                0x000000004a000748                efi_runtime_services
 .data.efi_runtime_mmio
                0x000000004a000b98        0x8 lib/built-in.o
                0x000000004a000b98                efi_runtime_mmio

.__efi_runtime_stop
                0x000000004a000ba0        0x0
 *(.__efi_runtime_stop)
 .__efi_runtime_stop
                0x000000004a000ba0        0x0 arch/arm/lib/built-in.o

.text_rest      0x000000004a000ba0    0x46cc8
 *(.text*)
 .text          0x000000004a000ba0      0x168 arch/arm/cpu/armv7/built-in.o
                0x000000004a000ba0                __v7_flush_dcache_all
                0x000000004a000c3c                v7_flush_dcache_all
                0x000000004a000c4c                __v7_invalidate_dcache_all
                0x000000004a000ce8                v7_invalidate_dcache_all
                0x000000004a000cf8                allow_unaligned
 .text.invalidate_icache_all
                0x000000004a000d08       0x14 arch/arm/cpu/armv7/built-in.o
                0x000000004a000d08                invalidate_icache_all
 .text.v7_outer_cache_enable
                0x000000004a000d1c        0x2 arch/arm/cpu/armv7/built-in.o
                0x000000004a000d1c                v7_outer_cache_enable
 .text.v7_outer_cache_disable
                0x000000004a000d1e        0x2 arch/arm/cpu/armv7/built-in.o
                0x000000004a000d1e                v7_outer_cache_disable
 .text.v7_outer_cache_flush_all
                0x000000004a000d20        0x2 arch/arm/cpu/armv7/built-in.o
                0x000000004a000d20                v7_outer_cache_flush_all
 .text.flush_dcache_all
                0x000000004a000d22        0xe arch/arm/cpu/armv7/built-in.o
                0x000000004a000d22                flush_dcache_all
 .text.v7_outer_cache_inval_all
                0x000000004a000d30        0x2 arch/arm/cpu/armv7/built-in.o
                0x000000004a000d30                v7_outer_cache_inval_all
 .text.invalidate_dcache_all
                0x000000004a000d32        0xe arch/arm/cpu/armv7/built-in.o
                0x000000004a000d32                invalidate_dcache_all
 .text.arm_init_before_mmu
                0x000000004a000d40       0x22 arch/arm/cpu/armv7/built-in.o
                0x000000004a000d40                arm_init_before_mmu
 .text.v7_outer_cache_flush_range
                0x000000004a000d62        0x2 arch/arm/cpu/armv7/built-in.o
                0x000000004a000d62                v7_outer_cache_flush_range
 .text.flush_dcache_range
                0x000000004a000d64       0x38 arch/arm/cpu/armv7/built-in.o
                0x000000004a000d64                flush_dcache_range
 .text.v7_outer_cache_inval_range
                0x000000004a000d9c        0x2 arch/arm/cpu/armv7/built-in.o
                0x000000004a000d9c                v7_outer_cache_inval_range
 .text.invalidate_dcache_range
                0x000000004a000d9e       0x42 arch/arm/cpu/armv7/built-in.o
                0x000000004a000d9e                invalidate_dcache_range
 .text.cpu_cache_initialization
                0x000000004a000de0        0x2 arch/arm/cpu/armv7/built-in.o
                0x000000004a000de0                cpu_cache_initialization
 .text.cleanup_before_linux_select
                0x000000004a000de2       0x3e arch/arm/cpu/armv7/built-in.o
                0x000000004a000de2                cleanup_before_linux_select
 .text.cleanup_before_linux
                0x000000004a000e20        0x6 arch/arm/cpu/armv7/built-in.o
                0x000000004a000e20                cleanup_before_linux
 .text.entry_non_secure
                0x000000004a000e26       0x14 arch/arm/cpu/armv7/built-in.o
 *fill*         0x000000004a000e3a        0x2 
 .text.switch_to_non_secure_mode
                0x000000004a000e3c       0x4c arch/arm/cpu/armv7/built-in.o
                0x000000004a000e3c                switch_to_non_secure_mode
 .text.lowlevel_init
                0x000000004a000e88       0x24 arch/arm/cpu/armv7/built-in.o
                0x000000004a000e88                lowlevel_init
 .text.get_gicd_base_address
                0x000000004a000eac       0x2c arch/arm/cpu/armv7/built-in.o
 .text.protect_secure_section
                0x000000004a000ed8        0x2 arch/arm/cpu/armv7/built-in.o
                0x000000004a000ed8                protect_secure_section
 .text.psci_board_init
                0x000000004a000eda        0x2 arch/arm/cpu/armv7/built-in.o
                0x000000004a000eda                psci_board_init
 .text.armv7_init_nonsec
                0x000000004a000edc       0xa0 arch/arm/cpu/armv7/built-in.o
                0x000000004a000edc                armv7_init_nonsec
 .text.armv7_apply_memory_carveout
                0x000000004a000f7c        0x4 arch/arm/cpu/armv7/built-in.o
                0x000000004a000f7c                armv7_apply_memory_carveout
 .text.psci_update_dt
                0x000000004a000f80       0x16 arch/arm/cpu/armv7/built-in.o
                0x000000004a000f80                psci_update_dt
 *fill*         0x000000004a000f96        0x2 
 .text.get_timer_masked
                0x000000004a000f98       0x58 arch/arm/cpu/armv7/built-in.o
 .text.timer_init
                0x000000004a000ff0       0x1c arch/arm/cpu/armv7/built-in.o
                0x000000004a000ff0                timer_init
 .text.get_timer
                0x000000004a00100c        0xc arch/arm/cpu/armv7/built-in.o
                0x000000004a00100c                get_timer
 .text.__udelay
                0x000000004a001018       0x34 arch/arm/cpu/armv7/built-in.o
                0x000000004a001018                __udelay
 .text.get_ticks
                0x000000004a00104c        0xa arch/arm/cpu/armv7/built-in.o
                0x000000004a00104c                get_ticks
 .text.get_tbclk
                0x000000004a001056        0x6 arch/arm/cpu/armv7/built-in.o
                0x000000004a001056                get_tbclk
 *fill*         0x000000004a00105c        0x4 
 .text          0x000000004a001060      0x424 arch/arm/lib/built-in.o
                0x000000004a001060                _main
                0x000000004a001100                memset
                0x000000004a0011a0                memcpy
 .text.setjmp   0x000000004a001484       0x10 arch/arm/lib/built-in.o
                0x000000004a001484                setjmp
 .text.longjmp  0x000000004a001494       0x1c arch/arm/lib/built-in.o
                0x000000004a001494                longjmp
 .text.relocate_vectors
                0x000000004a0014b0       0x70 arch/arm/lib/built-in.o
                0x000000004a0014b0                relocate_vectors
                0x000000004a0014bc                relocate_code
 .text.arch_fixup_fdt
                0x000000004a001520       0x38 arch/arm/lib/built-in.o
                0x000000004a001520                arch_fixup_fdt
 .text.setup_initrd_tag.isra.1
                0x000000004a001558       0x2c arch/arm/lib/built-in.o
 .text.arch_lmb_reserve
                0x000000004a001584       0x34 arch/arm/lib/built-in.o
                0x000000004a001584                arch_lmb_reserve
 .text.board_quiesce_devices
                0x000000004a0015b8        0x2 arch/arm/lib/built-in.o
                0x000000004a0015b8                board_quiesce_devices
 .text.setup_board_tags
                0x000000004a0015ba        0x2 arch/arm/lib/built-in.o
                0x000000004a0015ba                setup_board_tags
 .text.board_prep_linux
                0x000000004a0015bc        0x2 arch/arm/lib/built-in.o
                0x000000004a0015bc                board_prep_linux
 *fill*         0x000000004a0015be        0x2 
 .text.boot_prep_linux
                0x000000004a0015c0      0x140 arch/arm/lib/built-in.o
 .text.armv7_boot_nonsec_default
                0x000000004a001700        0x4 arch/arm/lib/built-in.o
                0x000000004a001700                armv7_boot_nonsec_default
 .text.armv7_boot_nonsec
                0x000000004a001704       0x40 arch/arm/lib/built-in.o
                0x000000004a001704                armv7_boot_nonsec
 .text.boot_jump_linux
                0x000000004a001744       0xb4 arch/arm/lib/built-in.o
 .text.do_bootm_linux
                0x000000004a0017f8       0x3c arch/arm/lib/built-in.o
                0x000000004a0017f8                do_bootm_linux
 .text.boot_prep_vxworks
                0x000000004a001834       0x34 arch/arm/lib/built-in.o
                0x000000004a001834                boot_prep_vxworks
 .text.boot_jump_vxworks
                0x000000004a001868        0xa arch/arm/lib/built-in.o
                0x000000004a001868                boot_jump_vxworks
 *fill*         0x000000004a001872        0x2 
 .text.bootz_setup
                0x000000004a001874       0x78 arch/arm/lib/built-in.o
                0x000000004a001874                bootz_setup
 .text.arch_reserve_stacks
                0x000000004a0018ec       0x16 arch/arm/lib/built-in.o
                0x000000004a0018ec                arch_reserve_stacks
 *fill*         0x000000004a001902        0x2 
 .text.interrupt_init
                0x000000004a001904       0x14 arch/arm/lib/built-in.o
                0x000000004a001904                interrupt_init
 .text.enable_interrupts
                0x000000004a001918        0x2 arch/arm/lib/built-in.o
                0x000000004a001918                enable_interrupts
 .text.disable_interrupts
                0x000000004a00191a        0x4 arch/arm/lib/built-in.o
                0x000000004a00191a                disable_interrupts
 *fill*         0x000000004a00191e        0x2 
 .text.bad_mode
                0x000000004a001920        0xc arch/arm/lib/built-in.o
                0x000000004a001920                bad_mode
 .text.show_regs
                0x000000004a00192c      0x180 arch/arm/lib/built-in.o
                0x000000004a00192c                show_regs
 .text.do_undefined_instruction
                0x000000004a001aac       0x28 arch/arm/lib/built-in.o
                0x000000004a001aac                do_undefined_instruction
 .text.do_software_interrupt
                0x000000004a001ad4       0x28 arch/arm/lib/built-in.o
                0x000000004a001ad4                do_software_interrupt
 .text.do_prefetch_abort
                0x000000004a001afc       0x28 arch/arm/lib/built-in.o
                0x000000004a001afc                do_prefetch_abort
 .text.do_data_abort
                0x000000004a001b24       0x28 arch/arm/lib/built-in.o
                0x000000004a001b24                do_data_abort
 .text.do_not_used
                0x000000004a001b4c       0x28 arch/arm/lib/built-in.o
                0x000000004a001b4c                do_not_used
 .text.do_fiq   0x000000004a001b74       0x28 arch/arm/lib/built-in.o
                0x000000004a001b74                do_fiq
 .text.do_irq   0x000000004a001b9c       0x28 arch/arm/lib/built-in.o
                0x000000004a001b9c                do_irq
 .text.reset_misc
                0x000000004a001bc4        0x2 arch/arm/lib/built-in.o
                0x000000004a001bc4                reset_misc
 *fill*         0x000000004a001bc6        0x2 
 .text.do_reset
                0x000000004a001bc8       0x28 arch/arm/lib/built-in.o
                0x000000004a001bc8                do_reset
 .text.flush_cache
                0x000000004a001bf0        0x6 arch/arm/lib/built-in.o
                0x000000004a001bf0                flush_cache
 *fill*         0x000000004a001bf6        0x2 
 .text.check_cache_range
                0x000000004a001bf8       0x24 arch/arm/lib/built-in.o
                0x000000004a001bf8                check_cache_range
 .text.cache_disable
                0x000000004a001c1c       0x62 arch/arm/lib/built-in.o
 .text.arm_init_domains
                0x000000004a001c7e        0x2 arch/arm/lib/built-in.o
                0x000000004a001c7e                arm_init_domains
 .text.set_section_dcache
                0x000000004a001c80       0x1a arch/arm/lib/built-in.o
                0x000000004a001c80                set_section_dcache
 .text.dram_bank_mmu_setup
                0x000000004a001c9a       0x2c arch/arm/lib/built-in.o
                0x000000004a001c9a                dram_bank_mmu_setup
 *fill*         0x000000004a001cc6        0x2 
 .text.cache_enable
                0x000000004a001cc8      0x120 arch/arm/lib/built-in.o
 .text.icache_enable
                0x000000004a001de8        0x8 arch/arm/lib/built-in.o
                0x000000004a001de8                icache_enable
 .text.icache_disable
                0x000000004a001df0        0x8 arch/arm/lib/built-in.o
                0x000000004a001df0                icache_disable
 .text.dcache_enable
                0x000000004a001df8        0x6 arch/arm/lib/built-in.o
                0x000000004a001df8                dcache_enable
 .text.dcache_disable
                0x000000004a001dfe        0x6 arch/arm/lib/built-in.o
                0x000000004a001dfe                dcache_disable
 .text.dcache_status
                0x000000004a001e04       0x1c arch/arm/lib/built-in.o
                0x000000004a001e04                dcache_status
 .text.fdt_psci
                0x000000004a001e20      0x1b4 arch/arm/lib/built-in.o
                0x000000004a001e20                fdt_psci
 .text.s_init   0x000000004a001fd4       0x3a arch/arm/mach-sunxi/built-in.o
                0x000000004a001fd4                s_init
 *fill*         0x000000004a00200e        0x2 
 .text.sunxi_get_boot_device
                0x000000004a002010       0x58 arch/arm/mach-sunxi/built-in.o
                0x000000004a002010                sunxi_get_boot_device
 .text.reset_cpu
                0x000000004a002068       0x20 arch/arm/mach-sunxi/built-in.o
                0x000000004a002068                reset_cpu
 .text.enable_caches
                0x000000004a002088        0x4 arch/arm/mach-sunxi/built-in.o
                0x000000004a002088                enable_caches
 .text.clock_init_sec
                0x000000004a00208c        0x2 arch/arm/mach-sunxi/built-in.o
                0x000000004a00208c                clock_init_sec
 .text.clock_init
                0x000000004a00208e        0xe arch/arm/mach-sunxi/built-in.o
                0x000000004a00208e                clock_init
 .text.print_cpuinfo
                0x000000004a00209c       0x10 arch/arm/mach-sunxi/built-in.o
                0x000000004a00209c                print_cpuinfo
 .text.sunxi_get_sid
                0x000000004a0020ac       0x3c arch/arm/mach-sunxi/built-in.o
                0x000000004a0020ac                sunxi_get_sid
 .text.sunxi_gpio_set_cfgbank
                0x000000004a0020e8       0x22 arch/arm/mach-sunxi/built-in.o
                0x000000004a0020e8                sunxi_gpio_set_cfgbank
 *fill*         0x000000004a00210a        0x2 
 .text.sunxi_gpio_set_cfgpin
                0x000000004a00210c       0x28 arch/arm/mach-sunxi/built-in.o
                0x000000004a00210c                sunxi_gpio_set_cfgpin
 .text.sunxi_gpio_get_cfgbank
                0x000000004a002134       0x1a arch/arm/mach-sunxi/built-in.o
                0x000000004a002134                sunxi_gpio_get_cfgbank
 *fill*         0x000000004a00214e        0x2 
 .text.sunxi_gpio_set_drv
                0x000000004a002150       0x44 arch/arm/mach-sunxi/built-in.o
                0x000000004a002150                sunxi_gpio_set_drv
 .text.sunxi_gpio_set_pull
                0x000000004a002194       0x44 arch/arm/mach-sunxi/built-in.o
                0x000000004a002194                sunxi_gpio_set_pull
 .text.pmic_bus_write
                0x000000004a0021d8       0x1a arch/arm/mach-sunxi/built-in.o
                0x000000004a0021d8                pmic_bus_write
 *fill*         0x000000004a0021f2        0x2 
 .text.clock_init_uart
                0x000000004a0021f4       0x20 arch/arm/mach-sunxi/built-in.o
                0x000000004a0021f4                clock_init_uart
 .text.clock_twi_onoff
                0x000000004a002214       0x20 arch/arm/mach-sunxi/built-in.o
                0x000000004a002214                clock_twi_onoff
 .text.clock_set_pll3
                0x000000004a002234       0x2c arch/arm/mach-sunxi/built-in.o
                0x000000004a002234                clock_set_pll3
 .text.clock_get_pll5p
                0x000000004a002260       0x28 arch/arm/mach-sunxi/built-in.o
                0x000000004a002260                clock_get_pll5p
 .text.clock_get_pll6
                0x000000004a002288       0x24 arch/arm/mach-sunxi/built-in.o
                0x000000004a002288                clock_get_pll6
 .text.clock_set_de_mod_clock
                0x000000004a0022ac       0x30 arch/arm/mach-sunxi/built-in.o
                0x000000004a0022ac                clock_set_de_mod_clock
 .text.get_spl_header
                0x000000004a0022dc       0x30 board/sunxi/built-in.o
 .text.setup_environment
                0x000000004a00230c       0xd8 board/sunxi/built-in.o
 .text.mmc_pinmux_setup.constprop.1
                0x000000004a0023e4       0x24 board/sunxi/built-in.o
 .text.i2c_init_board
                0x000000004a002408       0x36 board/sunxi/built-in.o
                0x000000004a002408                i2c_init_board
 *fill*         0x000000004a00243e        0x2 
 .text.board_init
                0x000000004a002440       0x78 board/sunxi/built-in.o
                0x000000004a002440                board_init
 .text.dram_init
                0x000000004a0024b8       0x3c board/sunxi/built-in.o
                0x000000004a0024b8                dram_init
 .text.g_dnl_board_usb_cable_connected
                0x000000004a0024f4       0x78 board/sunxi/built-in.o
                0x000000004a0024f4                g_dnl_board_usb_cable_connected
 .text.get_board_serial
                0x000000004a00256c       0x24 board/sunxi/built-in.o
                0x000000004a00256c                get_board_serial
 .text.misc_init_r
                0x000000004a002590       0x9c board/sunxi/built-in.o
                0x000000004a002590                misc_init_r
 .text.ft_board_setup
                0x000000004a00262c       0x12 board/sunxi/built-in.o
                0x000000004a00262c                ft_board_setup
 *fill*         0x000000004a00263e        0x2 
 .text.eth_init_board
                0x000000004a002640       0x3c board/sunxi/built-in.o
                0x000000004a002640                eth_init_board
 .text.do_go_exec
                0x000000004a00267c        0x8 cmd/built-in.o
                0x000000004a00267c                do_go_exec
 .text.do_go    0x000000004a002684       0x4c cmd/built-in.o
 .text.do_bootm
                0x000000004a0026d0       0xa0 cmd/built-in.o
                0x000000004a0026d0                do_bootm
 .text.do_bootd
                0x000000004a002770       0x18 cmd/built-in.o
                0x000000004a002770                do_bootd
 .text.image_info
                0x000000004a002788       0xd8 cmd/built-in.o
 .text.do_iminfo
                0x000000004a002860       0x3c cmd/built-in.o
 .text.bootm_maybe_autostart
                0x000000004a00289c       0x4c cmd/built-in.o
                0x000000004a00289c                bootm_maybe_autostart
 .text.do_help  0x000000004a0028e8       0x2c cmd/built-in.o
 .text.do_version
                0x000000004a002914       0x30 cmd/built-in.o
 .text.blk_common_cmd
                0x000000004a002944      0x200 cmd/built-in.o
                0x000000004a002944                blk_common_cmd
 .text.source   0x000000004a002b44      0x140 cmd/built-in.o
                0x000000004a002b44                source
 .text.do_source
                0x000000004a002c84       0x50 cmd/built-in.o
 .text.print_num
                0x000000004a002cd4       0x10 cmd/built-in.o
 .text.do_bdinfo
                0x000000004a002ce4       0xd4 cmd/built-in.o
 .text.do_blkcache
                0x000000004a002db8       0x3c cmd/built-in.o
 .text.blkc_configure
                0x000000004a002df4       0x40 cmd/built-in.o
 .text.blkc_show
                0x000000004a002e34       0x28 cmd/built-in.o
 .text.efi_install_fdt
                0x000000004a002e5c      0x240 cmd/built-in.o
 .text.do_bootefi_exec
                0x000000004a00309c      0x134 cmd/built-in.o
 .text.do_bootefi
                0x000000004a0031d0      0x130 cmd/built-in.o
 .text.efi_set_bootdev
                0x000000004a003300       0x64 cmd/built-in.o
                0x000000004a003300                efi_set_bootdev
 .text.do_bootz
                0x000000004a003364       0xa4 cmd/built-in.o
                0x000000004a003364                do_bootz
 .text.do_coninfo
                0x000000004a003408       0x84 cmd/built-in.o
 .text.do_dm_dump_devres
                0x000000004a00348c        0x4 cmd/built-in.o
 .text.do_dm    0x000000004a003490       0x44 cmd/built-in.o
 .text.do_dm_dump_uclass
                0x000000004a0034d4        0xa cmd/built-in.o
 .text.do_dm_dump_all
                0x000000004a0034de        0xa cmd/built-in.o
 .text.do_echo  0x000000004a0034e8       0x74 cmd/built-in.o
 .text.load_elf_image_phdr
                0x000000004a00355c       0xca cmd/built-in.o
 *fill*         0x000000004a003626        0x2 
 .text.valid_elf_image
                0x000000004a003628       0x30 cmd/built-in.o
                0x000000004a003628                valid_elf_image
 .text.do_bootelf
                0x000000004a003658      0x1b4 cmd/built-in.o
                0x000000004a003658                do_bootelf
 .text.do_bootvx
                0x000000004a00380c      0x234 cmd/built-in.o
                0x000000004a00380c                do_bootvx
 .text.do_exit  0x000000004a003a40       0x20 cmd/built-in.o
 .text.do_ext4_size
                0x000000004a003a60        0xe cmd/built-in.o
                0x000000004a003a60                do_ext4_size
 .text.do_ext4_load
                0x000000004a003a6e        0xe cmd/built-in.o
                0x000000004a003a6e                do_ext4_load
 .text.do_ext4_ls
                0x000000004a003a7c        0xe cmd/built-in.o
                0x000000004a003a7c                do_ext4_ls
 .text.do_ext2load
                0x000000004a003a8a        0xe cmd/built-in.o
                0x000000004a003a8a                do_ext2load
 .text.do_ext2ls
                0x000000004a003a98        0xe cmd/built-in.o
 .text.do_fat_size
                0x000000004a003aa6        0xe cmd/built-in.o
                0x000000004a003aa6                do_fat_size
 .text.do_fat_fsload
                0x000000004a003ab4        0xe cmd/built-in.o
                0x000000004a003ab4                do_fat_fsload
 .text.do_fat_ls
                0x000000004a003ac2        0xe cmd/built-in.o
 .text.do_fat_fswrite
                0x000000004a003ad0       0xd0 cmd/built-in.o
 .text.do_fat_rm
                0x000000004a003ba0        0xe cmd/built-in.o
 .text.do_fat_mkdir
                0x000000004a003bae        0xe cmd/built-in.o
 .text.do_fat_fsinfo
                0x000000004a003bbc       0x54 cmd/built-in.o
 .text.fdt_valid
                0x000000004a003c10       0xac cmd/built-in.o
 .text.is_printable_string
                0x000000004a003cbc       0x48 cmd/built-in.o
 .text.print_data
                0x000000004a003d04      0x104 cmd/built-in.o
 .text.set_working_fdt_addr
                0x000000004a003e08       0x14 cmd/built-in.o
                0x000000004a003e08                set_working_fdt_addr
 .text.do_fdt   0x000000004a003e1c      0xbd8 cmd/built-in.o
 .text.do_size_wrapper
                0x000000004a0049f4        0xe cmd/built-in.o
 .text.do_load_wrapper
                0x000000004a004a02        0xe cmd/built-in.o
 .text.do_save_wrapper
                0x000000004a004a10        0xe cmd/built-in.o
 .text.do_ls_wrapper
                0x000000004a004a1e        0xe cmd/built-in.o
 .text.do_ln_wrapper
                0x000000004a004a2c        0xe cmd/built-in.o
 .text.do_fstype_wrapper
                0x000000004a004a3a        0x4 cmd/built-in.o
 *fill*         0x000000004a004a3e        0x2 
 .text.gpio_get_description
                0x000000004a004a40       0x84 cmd/built-in.o
 .text.do_gpio  0x000000004a004ac4      0x21c cmd/built-in.o
 .text.do_i2c   0x000000004a004ce0       0x3c cmd/built-in.o
 .text.do_i2c_bus_speed
                0x000000004a004d1c       0x54 cmd/built-in.o
 .text.do_i2c_reset
                0x000000004a004d70       0x20 cmd/built-in.o
 .text.do_i2c_probe
                0x000000004a004d90       0x5c cmd/built-in.o
 .text.do_i2c_bus_num
                0x000000004a004dec       0x80 cmd/built-in.o
 .text.do_edid  0x000000004a004e6c       0x64 cmd/built-in.o
                0x000000004a004e6c                do_edid
 .text.do_i2c_show_bus
                0x000000004a004ed0       0x8c cmd/built-in.o
 .text.get_alen.constprop.6
                0x000000004a004f5c       0x1c cmd/built-in.o
 .text.do_i2c_crc
                0x000000004a004f78       0xb8 cmd/built-in.o
 .text.mod_i2c_mem.isra.4
                0x000000004a005030      0x144 cmd/built-in.o
 .text.do_i2c_nm
                0x000000004a005174        0x6 cmd/built-in.o
 .text.do_i2c_mm
                0x000000004a00517a        0x6 cmd/built-in.o
 .text.do_i2c_md
                0x000000004a005180      0x144 cmd/built-in.o
 .text.do_i2c_mw
                0x000000004a0052c4       0xa4 cmd/built-in.o
 .text.do_i2c_write
                0x000000004a005368       0xd8 cmd/built-in.o
 .text.do_i2c_read
                0x000000004a005440       0x78 cmd/built-in.o
 .text.do_i2c_loop
                0x000000004a0054b8       0x9c cmd/built-in.o
 .text.evalexp  0x000000004a005554       0x4c cmd/built-in.o
 .text.evalstr  0x000000004a0055a0       0x3c cmd/built-in.o
 .text.binary_test
                0x000000004a0055dc      0x128 cmd/built-in.o
 .text.do_itest
                0x000000004a005704       0x4c cmd/built-in.o
 .text.bin_data_init
                0x000000004a005750       0x1c cmd/built-in.o
 .text.k_data_save
                0x000000004a00576c       0x34 cmd/built-in.o
 .text.k_data_restore
                0x000000004a0057a0       0x34 cmd/built-in.o
 .text.getcxmodem
                0x000000004a0057d4       0x16 cmd/built-in.o
 *fill*         0x000000004a0057ea        0x2 
 .text.load_serial_ymodem
                0x000000004a0057ec       0x90 cmd/built-in.o
 .text.bin_data_char
                0x000000004a00587c       0x1c cmd/built-in.o
 .text.chk1.constprop.2
                0x000000004a005898       0x20 cmd/built-in.o
 .text.s1_sendpacket.constprop.3
                0x000000004a0058b8       0x34 cmd/built-in.o
 .text.load_serial
                0x000000004a0058ec      0x128 cmd/built-in.o
 .text.do_load_serial
                0x000000004a005a14       0x90 cmd/built-in.o
 .text.do_load_serial_bin
                0x000000004a005aa4      0x524 cmd/built-in.o
 .text.do_mem_mw
                0x000000004a005fc8       0x7c cmd/built-in.o
 .text.do_mem_loop
                0x000000004a006044       0x82 cmd/built-in.o
 *fill*         0x000000004a0060c6        0x2 
 .text.do_mem_md
                0x000000004a0060c8       0xa0 cmd/built-in.o
 .text.do_mem_cmp
                0x000000004a006168       0xec cmd/built-in.o
 .text.do_mem_base
                0x000000004a006254       0x28 cmd/built-in.o
 .text.do_mem_cp
                0x000000004a00627c       0x70 cmd/built-in.o
 .text.do_mem_crc
                0x000000004a0062ec       0x2c cmd/built-in.o
 .text.mod_mem.isra.0
                0x000000004a006318       0xf0 cmd/built-in.o
 .text.do_mem_mm
                0x000000004a006408        0x6 cmd/built-in.o
 .text.do_mem_nm
                0x000000004a00640e        0x6 cmd/built-in.o
 .text.do_random
                0x000000004a006414       0xa4 cmd/built-in.o
 .text.extract_range
                0x000000004a0064b8       0x7a cmd/built-in.o
 *fill*         0x000000004a006532        0x2 
 .text.dump_field
                0x000000004a006534       0x3c cmd/built-in.o
 .text.do_mii   0x000000004a006570      0x5a0 cmd/built-in.o
 .text.do_mdio  0x000000004a006b10      0x474 cmd/built-in.o
 .text.do_sleep
                0x000000004a006f84       0x88 cmd/built-in.o
 .text.do_mmcops
                0x000000004a00700c       0x80 cmd/built-in.o
 .text.init_mmc_device
                0x000000004a00708c       0x48 cmd/built-in.o
 .text.do_mmc_rescan
                0x000000004a0070d4       0x18 cmd/built-in.o
 .text.do_mmc_hwpartition
                0x000000004a0070ec      0x388 cmd/built-in.o
 .text.do_mmc_list
                0x000000004a007474        0xc cmd/built-in.o
 .text.do_mmc_dev
                0x000000004a007480       0xc8 cmd/built-in.o
 .text.do_mmc_erase
                0x000000004a007548       0xa4 cmd/built-in.o
 .text.do_mmc_write
                0x000000004a0075ec       0xb8 cmd/built-in.o
 .text.do_mmc_read
                0x000000004a0076a4       0x9c cmd/built-in.o
 .text.do_mmcinfo
                0x000000004a007740      0x2b8 cmd/built-in.o
 .text.do_mmc_setdsr
                0x000000004a0079f8       0x74 cmd/built-in.o
 .text.do_mmc_part
                0x000000004a007a6c       0x38 cmd/built-in.o
 .text.netboot_common
                0x000000004a007aa4      0x1d0 cmd/built-in.o
 .text.do_bootp
                0x000000004a007c74        0x8 cmd/built-in.o
 .text.do_dhcp  0x000000004a007c7c        0x8 cmd/built-in.o
 .text.do_nfs   0x000000004a007c84        0x8 cmd/built-in.o
 .text.do_tftpb
                0x000000004a007c8c       0x26 cmd/built-in.o
                0x000000004a007c8c                do_tftpb
 *fill*         0x000000004a007cb2        0x2 
 .text.do_ping  0x000000004a007cb4       0x48 cmd/built-in.o
 .text.do_part_list
                0x000000004a007cfc       0xf0 cmd/built-in.o
 .text.do_part_info
                0x000000004a007dec       0xc4 cmd/built-in.o
 .text.do_part  0x000000004a007eb0       0xbc cmd/built-in.o
 .text.do_pxe   0x000000004a007f6c       0x48 cmd/built-in.o
 .text.do_pxe_boot
                0x000000004a007fb4       0x94 cmd/built-in.o
 .text.do_get_tftp
                0x000000004a008048       0x2c cmd/built-in.o
 .text.do_pxe_get
                0x000000004a008074       0xec cmd/built-in.o
 .text.eol_or_eof
                0x000000004a008160       0x12 cmd/built-in.o
 *fill*         0x000000004a008172        0x2 
 .text.label_print
                0x000000004a008174       0x14 cmd/built-in.o
 .text.label_destroy
                0x000000004a008188       0x46 cmd/built-in.o
 *fill*         0x000000004a0081ce        0x2 
 .text.get_string
                0x000000004a0081d0       0x80 cmd/built-in.o
 .text.get_token
                0x000000004a008250       0xa0 cmd/built-in.o
 .text.parse_sliteral
                0x000000004a0082f0       0x34 cmd/built-in.o
 .text.parse_integer
                0x000000004a008324       0x44 cmd/built-in.o
 .text.get_relfile
                0x000000004a008368       0xcc cmd/built-in.o
 .text.get_relfile_envaddr
                0x000000004a008434       0x34 cmd/built-in.o
 .text.format_mac_pxe
                0x000000004a008468       0x68 cmd/built-in.o
                0x000000004a008468                format_mac_pxe
 .text.label_boot
                0x000000004a0084d0      0x41c cmd/built-in.o
 .text.get_pxe_file
                0x000000004a0088ec       0x3c cmd/built-in.o
                0x000000004a0088ec                get_pxe_file
 .text.handle_include
                0x000000004a008928       0x68 cmd/built-in.o
 .text.parse_pxefile_top
                0x000000004a008990      0x340 cmd/built-in.o
 .text.get_pxelinux_path
                0x000000004a008cd0       0x58 cmd/built-in.o
                0x000000004a008cd0                get_pxelinux_path
 .text.destroy_pxe_menu
                0x000000004a008d28       0x36 cmd/built-in.o
                0x000000004a008d28                destroy_pxe_menu
 .text.parse_pxefile
                0x000000004a008d5e       0x42 cmd/built-in.o
                0x000000004a008d5e                parse_pxefile
 .text.handle_pxe_menu
                0x000000004a008da0       0xe8 cmd/built-in.o
                0x000000004a008da0                handle_pxe_menu
 .text.do_scsiboot
                0x000000004a008e88        0xc cmd/built-in.o
 .text.do_scsi  0x000000004a008e94       0x58 cmd/built-in.o
 .text.common_diskboot
                0x000000004a008eec      0x1e4 cmd/built-in.o
                0x000000004a008eec                common_diskboot
 .text.substitute
                0x000000004a0090d0       0x98 cmd/built-in.o
 .text.get_arg  0x000000004a009168       0x34 cmd/built-in.o
 .text.regex_sub.part.1
                0x000000004a00919c      0x204 cmd/built-in.o
 .text.do_setexpr
                0x000000004a0093a0       0xf0 cmd/built-in.o
 .text.do_sysboot
                0x000000004a009490      0x13c cmd/built-in.o
 .text.do_get_any
                0x000000004a0095cc       0x2c cmd/built-in.o
 .text.do_get_fat
                0x000000004a0095f8       0x28 cmd/built-in.o
 .text.do_get_ext2
                0x000000004a009620       0x28 cmd/built-in.o
 .text.do_false
                0x000000004a009648        0x4 cmd/built-in.o
 .text.do_true  0x000000004a00964c        0x4 cmd/built-in.o
 .text.do_test  0x000000004a009650      0x208 cmd/built-in.o
 .text.usb_get_class_desc
                0x000000004a009858       0x74 cmd/built-in.o
 .text.usb_display_class_sub
                0x000000004a0098cc       0xf4 cmd/built-in.o
 .text.usb_display_desc
                0x000000004a0099c0       0xf4 cmd/built-in.o
 .text.usb_show_tree_graph
                0x000000004a009ab4      0x178 cmd/built-in.o
 .text.usb_show_subtree
                0x000000004a009c2c       0x1c cmd/built-in.o
 .text.usb_for_each_root_dev
                0x000000004a009c48       0x3c cmd/built-in.o
 .text.usb_display_string
                0x000000004a009c84       0x2c cmd/built-in.o
 .text.usb_display_config
                0x000000004a009cb0      0x1ac cmd/built-in.o
 .text.usb_show_info
                0x000000004a009e5c       0x4a cmd/built-in.o
 .text.usb_find_device
                0x000000004a009ea6       0x64 cmd/built-in.o
 *fill*         0x000000004a009f0a        0x2 
 .text.do_usbboot
                0x000000004a009f0c        0xc cmd/built-in.o
 .text.do_usb_start
                0x000000004a009f18       0x20 cmd/built-in.o
 .text.usb_show_tree
                0x000000004a009f38        0xc cmd/built-in.o
                0x000000004a009f38                usb_show_tree
 .text.do_usb   0x000000004a009f44      0x298 cmd/built-in.o
 .text.do_fastboot
                0x000000004a00a1dc      0x12c cmd/built-in.o
 .text.do_imgextract
                0x000000004a00a308      0x270 cmd/built-in.o
 .text.extract_val
                0x000000004a00a578       0x5c cmd/built-in.o
 .text.extract_env
                0x000000004a00a5d4       0xa0 cmd/built-in.o
 .text.set_gpt_info.isra.0.constprop.1
                0x000000004a00a674      0x350 cmd/built-in.o
 .text.do_gpt   0x000000004a00a9c4      0x214 cmd/built-in.o
 .text.do_env_delete
                0x000000004a00abd8       0x68 cmd/built-in.o
 .text.do_env_exists
                0x000000004a00ac40       0x40 cmd/built-in.o
 .text.do_env_save
                0x000000004a00ac80        0xe cmd/built-in.o
 *fill*         0x000000004a00ac8e        0x2 
 .text.do_env   0x000000004a00ac90       0x3c cmd/built-in.o
 .text.env_print
                0x000000004a00accc       0x78 cmd/built-in.o
 .text.do_env_print
                0x000000004a00ad44       0x7c cmd/built-in.o
 .text.do_env_import
                0x000000004a00adc0      0x1d4 cmd/built-in.o
 .text.do_env_default
                0x000000004a00af94       0x58 cmd/built-in.o
 .text._do_env_set.isra.0
                0x000000004a00afec      0x118 cmd/built-in.o
 .text.do_env_set
                0x000000004a00b104       0x14 cmd/built-in.o
 .text.env_get_id
                0x000000004a00b118        0xc cmd/built-in.o
                0x000000004a00b118                env_get_id
 .text.env_set  0x000000004a00b124       0x3c cmd/built-in.o
                0x000000004a00b124                env_set
 .text.env_set_ulong
                0x000000004a00b160       0x16 cmd/built-in.o
                0x000000004a00b160                env_set_ulong
 *fill*         0x000000004a00b176        0x2 
 .text.env_set_hex
                0x000000004a00b178       0x20 cmd/built-in.o
                0x000000004a00b178                env_set_hex
 .text.do_env_export
                0x000000004a00b198      0x158 cmd/built-in.o
 .text.env_match
                0x000000004a00b2f0       0x46 cmd/built-in.o
                0x000000004a00b2f0                env_match
 *fill*         0x000000004a00b336        0x2 
 .text.env_get_f
                0x000000004a00b338       0x98 cmd/built-in.o
                0x000000004a00b338                env_get_f
 .text.env_get  0x000000004a00b3d0       0x50 cmd/built-in.o
                0x000000004a00b3d0                env_get
 .text.env_get_hex
                0x000000004a00b420       0x22 cmd/built-in.o
                0x000000004a00b420                env_get_hex
 .text.eth_env_get_enetaddr
                0x000000004a00b442       0x34 cmd/built-in.o
                0x000000004a00b442                eth_env_get_enetaddr
 *fill*         0x000000004a00b476        0x2 
 .text.eth_env_set_enetaddr
                0x000000004a00b478       0x30 cmd/built-in.o
                0x000000004a00b478                eth_env_set_enetaddr
 .text.from_env
                0x000000004a00b4a8       0x1c cmd/built-in.o
                0x000000004a00b4a8                from_env
 .text.env_get_ulong
                0x000000004a00b4c4       0x1c cmd/built-in.o
                0x000000004a00b4c4                env_get_ulong
 .text.do_env_edit.part.3
                0x000000004a00b4e0       0x70 cmd/built-in.o
 .text.do_env_edit
                0x000000004a00b550       0x1c cmd/built-in.o
 .text.board_init_f_alloc_reserve
                0x000000004a00b56c        0xa common/built-in.o
                0x000000004a00b56c                board_init_f_alloc_reserve
 .text.board_init_f_init_reserve
                0x000000004a00b576       0x14 common/built-in.o
                0x000000004a00b576                board_init_f_init_reserve
 .text.show_boot_progress
                0x000000004a00b58a        0x4 common/built-in.o
                0x000000004a00b58a                show_boot_progress
 *fill*         0x000000004a00b58e        0x2 
 .text.main_loop
                0x000000004a00b590       0x50 common/built-in.o
                0x000000004a00b590                main_loop
 .text.mdelay   0x000000004a00b5e0        0xa common/built-in.o
 .text.dummy    0x000000004a00b5ea        0x2 common/built-in.o
 .text.get_version
                0x000000004a00b5ec        0x4 common/built-in.o
                0x000000004a00b5ec                get_version
 .text.jumptable_init
                0x000000004a00b5f0      0x16c common/built-in.o
                0x000000004a00b5f0                jumptable_init
 .text.hash_finish_crc32
                0x000000004a00b75c       0x1c common/built-in.o
 .text.hash_finish_crc16_ccitt
                0x000000004a00b778       0x1c common/built-in.o
 .text.hash_update_crc32
                0x000000004a00b794       0x14 common/built-in.o
 .text.hash_init_crc32
                0x000000004a00b7a8       0x14 common/built-in.o
 .text.hash_init_crc16_ccitt
                0x000000004a00b7bc       0x14 common/built-in.o
 .text.hash_update_crc16_ccitt
                0x000000004a00b7d0       0x14 common/built-in.o
 .text.hash_finish_sha256
                0x000000004a00b7e4       0x22 common/built-in.o
 .text.hash_update_sha256
                0x000000004a00b806       0x10 common/built-in.o
 .text.hash_init_sha256
                0x000000004a00b816       0x16 common/built-in.o
 .text.hash_finish_sha1
                0x000000004a00b82c       0x22 common/built-in.o
 .text.hash_update_sha1
                0x000000004a00b84e       0x10 common/built-in.o
 .text.hash_init_sha1
                0x000000004a00b85e       0x16 common/built-in.o
 .text.hash_lookup_algo
                0x000000004a00b874       0x38 common/built-in.o
                0x000000004a00b874                hash_lookup_algo
 .text.hash_command
                0x000000004a00b8ac      0x12c common/built-in.o
                0x000000004a00b8ac                hash_command
 .text.b_reset  0x000000004a00b9d8        0xe common/built-in.o
 .text.static_get
                0x000000004a00b9e6       0x12 common/built-in.o
 .text.static_peek
                0x000000004a00b9f8        0x6 common/built-in.o
 *fill*         0x000000004a00b9fe        0x2 
 .text.mapset   0x000000004a00ba00       0x14 common/built-in.o
 .text.syntax_err
                0x000000004a00ba14        0xc common/built-in.o
 .text.free_pipe_list
                0x000000004a00ba20       0x8e common/built-in.o
 *fill*         0x000000004a00baae        0x2 
 .text.xmalloc  0x000000004a00bab0       0x18 common/built-in.o
 .text.new_pipe
                0x000000004a00bac8       0x16 common/built-in.o
 *fill*         0x000000004a00bade        0x2 
 .text.xrealloc
                0x000000004a00bae0       0x18 common/built-in.o
 .text.done_command
                0x000000004a00baf8       0x42 common/built-in.o
 .text.done_pipe
                0x000000004a00bb3a       0x2c common/built-in.o
 *fill*         0x000000004a00bb66        0x2 
 .text.done_word
                0x000000004a00bb68      0x1c0 common/built-in.o
 .text.is_assignment
                0x000000004a00bd28       0x2c common/built-in.o
 .text.file_get
                0x000000004a00bd54      0x140 common/built-in.o
 .text.do_showvar
                0x000000004a00be94       0x9c common/built-in.o
 .text.b_addchr
                0x000000004a00bf30       0x42 common/built-in.o
 *fill*         0x000000004a00bf72        0x2 
 .text.b_addqchr
                0x000000004a00bf74       0x30 common/built-in.o
 .text.file_peek
                0x000000004a00bfa4        0x6 common/built-in.o
 *fill*         0x000000004a00bfaa        0x2 
 .text.get_local_var
                0x000000004a00bfac       0x58 common/built-in.o
                0x000000004a00bfac                get_local_var
 .text.set_local_var
                0x000000004a00c004      0x10c common/built-in.o
                0x000000004a00c004                set_local_var
 .text.insert_var_value_sub
                0x000000004a00c110      0x1c4 common/built-in.o
 .text.parse_string_outer
                0x000000004a00c2d4       0x90 common/built-in.o
                0x000000004a00c2d4                parse_string_outer
 .text.run_list_real
                0x000000004a00c364      0x4e8 common/built-in.o
 .text.parse_stream_outer
                0x000000004a00c84c      0x42c common/built-in.o
 .text.parse_file_outer
                0x000000004a00cc78       0x2c common/built-in.o
                0x000000004a00cc78                parse_file_outer
 .text.u_boot_hush_start
                0x000000004a00cca4       0x30 common/built-in.o
                0x000000004a00cca4                u_boot_hush_start
 .text.bootdelay_process
                0x000000004a00ccd4       0x84 common/built-in.o
                0x000000004a00ccd4                bootdelay_process
 .text.autoboot_command
                0x000000004a00cd58       0xa4 common/built-in.o
                0x000000004a00cd58                autoboot_command
 .text.log_init
                0x000000004a00cdfc        0x8 common/built-in.o
 .text.display_text_info
                0x000000004a00ce04        0x4 common/built-in.o
 .text.setup_mon_len
                0x000000004a00ce08       0x18 common/built-in.o
 .text.arch_cpu_init
                0x000000004a00ce20        0x4 common/built-in.o
                0x000000004a00ce20                arch_cpu_init
 .text.reserve_round_4k
                0x000000004a00ce24       0x14 common/built-in.o
 .text.reserve_mmu
                0x000000004a00ce38       0x2e common/built-in.o
                0x000000004a00ce38                reserve_mmu
 .text.reserve_uboot
                0x000000004a00ce66       0x30 common/built-in.o
 .text.reserve_malloc
                0x000000004a00ce96       0x14 common/built-in.o
 *fill*         0x000000004a00ceaa        0x2 
 .text.setup_machine
                0x000000004a00ceac       0x10 common/built-in.o
 .text.reserve_global_data
                0x000000004a00cebc       0x16 common/built-in.o
 .text.reserve_fdt
                0x000000004a00ced2       0x4c common/built-in.o
 .text.dram_init_banksize
                0x000000004a00cf1e       0x1a common/built-in.o
                0x000000004a00cf1e                dram_init_banksize
 .text.setup_reloc
                0x000000004a00cf38       0x26 common/built-in.o
 .text.reloc_fdt
                0x000000004a00cf5e       0x2c common/built-in.o
 .text.reserve_board
                0x000000004a00cf8a       0x28 common/built-in.o
 *fill*         0x000000004a00cfb2        0x2 
 .text.announce_dram_init
                0x000000004a00cfb4       0x10 common/built-in.o
 .text.init_func_i2c
                0x000000004a00cfc4       0x20 common/built-in.o
 .text.init_baud_rate
                0x000000004a00cfe4       0x1c common/built-in.o
 .text.initf_dm
                0x000000004a00d000        0x6 common/built-in.o
 .text.initf_bootstage
                0x000000004a00d006        0xc common/built-in.o
 .text.arch_cpu_init_dm
                0x000000004a00d012        0x4 common/built-in.o
                0x000000004a00d012                arch_cpu_init_dm
 .text.setup_spl_handoff
                0x000000004a00d016        0x4 common/built-in.o
 .text.mach_cpu_init
                0x000000004a00d01a        0x4 common/built-in.o
                0x000000004a00d01a                mach_cpu_init
 .text.reserve_video
                0x000000004a00d01e        0x4 common/built-in.o
 .text.reserve_trace
                0x000000004a00d022        0x4 common/built-in.o
 .text.reserve_bootstage
                0x000000004a00d026        0x4 common/built-in.o
 .text.reserve_bloblist
                0x000000004a00d02a        0x4 common/built-in.o
 .text.display_new_sp
                0x000000004a00d02e        0x4 common/built-in.o
 .text.reloc_bootstage
                0x000000004a00d032        0x4 common/built-in.o
 .text.reloc_bloblist
                0x000000004a00d036        0x4 common/built-in.o
 .text.initf_console_record
                0x000000004a00d03a        0x4 common/built-in.o
 .text.reserve_arch
                0x000000004a00d03e        0x4 common/built-in.o
                0x000000004a00d03e                reserve_arch
 .text.coloured_LED_init
                0x000000004a00d042        0x2 common/built-in.o
                0x000000004a00d042                coloured_LED_init
 .text.red_led_on
                0x000000004a00d044        0x2 common/built-in.o
                0x000000004a00d044                red_led_on
 .text.board_add_ram_info
                0x000000004a00d046        0x2 common/built-in.o
                0x000000004a00d046                board_add_ram_info
 .text.show_dram_config
                0x000000004a00d048       0x28 common/built-in.o
 .text.setup_dest_addr
                0x000000004a00d070       0x30 common/built-in.o
 .text.reserve_stacks
                0x000000004a00d0a0       0x1a common/built-in.o
 *fill*         0x000000004a00d0ba        0x2 
 .text.board_init_f
                0x000000004a00d0bc       0x48 common/built-in.o
                0x000000004a00d0bc                board_init_f
 .text.initr_trace
                0x000000004a00d104        0x4 common/built-in.o
 .text.initr_reloc
                0x000000004a00d108       0x14 common/built-in.o
 .text.run_main_loop
                0x000000004a00d11c        0x8 common/built-in.o
 .text.initr_net
                0x000000004a00d124       0x14 common/built-in.o
 .text.initr_ethaddr
                0x000000004a00d138       0x18 common/built-in.o
 .text.initr_enable_interrupts
                0x000000004a00d150        0xa common/built-in.o
 .text.initr_jumptable
                0x000000004a00d15a        0xa common/built-in.o
 .text.initr_env
                0x000000004a00d164       0x48 common/built-in.o
 .text.initr_mmc
                0x000000004a00d1ac       0x18 common/built-in.o
 .text.initr_serial
                0x000000004a00d1c4        0xa common/built-in.o
 .text.initr_dm
                0x000000004a00d1ce       0x12 common/built-in.o
 .text.initr_bootstage
                0x000000004a00d1e0        0xc common/built-in.o
 .text.initr_malloc
                0x000000004a00d1ec       0x1c common/built-in.o
 .text.initr_reloc_global_data
                0x000000004a00d208       0x38 common/built-in.o
 .text.initr_caches
                0x000000004a00d240        0xa common/built-in.o
 .text.initr_announce
                0x000000004a00d24a        0x4 common/built-in.o
 .text.initr_barrier
                0x000000004a00d24e        0x4 common/built-in.o
 .text.initr_console_record
                0x000000004a00d252        0x4 common/built-in.o
 .text.power_init_board
                0x000000004a00d256        0x4 common/built-in.o
                0x000000004a00d256                power_init_board
 .text.cpu_secondary_init_r
                0x000000004a00d25a        0x2 common/built-in.o
                0x000000004a00d25a                cpu_secondary_init_r
 .text.initr_secondary_cpu
                0x000000004a00d25c        0xa common/built-in.o
 *fill*         0x000000004a00d266        0x2 
 .text.board_init_r
                0x000000004a00d268       0x48 common/built-in.o
                0x000000004a00d268                board_init_r
 .text.checkboard
                0x000000004a00d2b0        0x4 common/built-in.o
                0x000000004a00d2b0                checkboard
 .text.show_board_info
                0x000000004a00d2b4       0x2c common/built-in.o
                0x000000004a00d2b4                show_board_info
 .text.bootm_find_images
                0x000000004a00d2e0       0x88 common/built-in.o
                0x000000004a00d2e0                bootm_find_images
 .text.bootm_disable_interrupts
                0x000000004a00d368       0x10 common/built-in.o
                0x000000004a00d368                bootm_disable_interrupts
 .text.do_bootm_states
                0x000000004a00d378      0x6d0 common/built-in.o
                0x000000004a00d378                do_bootm_states
 .text.copy_args
                0x000000004a00da48       0x38 common/built-in.o
 .text.do_bootm_rtems
                0x000000004a00da80       0x30 common/built-in.o
 .text.do_bootm_vxworks
                0x000000004a00dab0      0x164 common/built-in.o
                0x000000004a00dab0                do_bootm_vxworks
 .text.do_bootm_plan9
                0x000000004a00dc14       0x70 common/built-in.o
 .text.do_bootm_standalone
                0x000000004a00dc84       0x40 common/built-in.o
 .text.do_bootm_qnxelf
                0x000000004a00dcc4       0x50 common/built-in.o
 .text.do_bootm_netbsd
                0x000000004a00dd14       0xac common/built-in.o
 .text.arch_preboot_os
                0x000000004a00ddc0        0x2 common/built-in.o
                0x000000004a00ddc0                arch_preboot_os
 .text.board_preboot_os
                0x000000004a00ddc2        0x2 common/built-in.o
                0x000000004a00ddc2                board_preboot_os
 .text.boot_selected_os
                0x000000004a00ddc4       0x3e common/built-in.o
                0x000000004a00ddc4                boot_selected_os
 *fill*         0x000000004a00de02        0x2 
 .text.bootm_os_get_boot_func
                0x000000004a00de04        0xc common/built-in.o
                0x000000004a00de04                bootm_os_get_boot_func
 .text.of_bus_default_map
                0x000000004a00de10       0x80 common/built-in.o
 .text.fdt_pack_reg
                0x000000004a00de90       0x8e common/built-in.o
 .text.of_bus_default_translate
                0x000000004a00df1e       0x68 common/built-in.o
 *fill*         0x000000004a00df86        0x2 
 .text.fdt_support_default_count_cells
                0x000000004a00df88       0x34 common/built-in.o
                0x000000004a00df88                fdt_support_default_count_cells
 .text.__of_translate_address
                0x000000004a00dfbc      0x170 common/built-in.o
 .text.fdt_find_and_setprop
                0x000000004a00e12c       0x46 common/built-in.o
                0x000000004a00e12c                fdt_find_and_setprop
 *fill*         0x000000004a00e172        0x2 
 .text.fdt_find_or_add_subnode
                0x000000004a00e174       0x40 common/built-in.o
                0x000000004a00e174                fdt_find_or_add_subnode
 .text.fdt_root
                0x000000004a00e1b4       0x60 common/built-in.o
                0x000000004a00e1b4                fdt_root
 .text.fdt_initrd
                0x000000004a00e214      0x134 common/built-in.o
                0x000000004a00e214                fdt_initrd
 .text.fdt_chosen
                0x000000004a00e348       0x90 common/built-in.o
                0x000000004a00e348                fdt_chosen
 .text.do_fixup_by_path
                0x000000004a00e3d8       0x34 common/built-in.o
                0x000000004a00e3d8                do_fixup_by_path
 .text.fdt_fixup_memory_banks
                0x000000004a00e40c       0xe8 common/built-in.o
                0x000000004a00e40c                fdt_fixup_memory_banks
 .text.fdt_fixup_memory
                0x000000004a00e4f4       0x16 common/built-in.o
                0x000000004a00e4f4                fdt_fixup_memory
 *fill*         0x000000004a00e50a        0x2 
 .text.fdt_fixup_ethernet
                0x000000004a00e50c      0x10c common/built-in.o
                0x000000004a00e50c                fdt_fixup_ethernet
 .text.fdt_shrink_to_minimum
                0x000000004a00e618       0xbc common/built-in.o
                0x000000004a00e618                fdt_shrink_to_minimum
 .text.fdt_translate_address
                0x000000004a00e6d4        0xc common/built-in.o
                0x000000004a00e6d4                fdt_translate_address
 .text.fdt_setup_simplefb_node
                0x000000004a00e6e0      0x160 common/built-in.o
                0x000000004a00e6e0                fdt_setup_simplefb_node
 .text.fdt_overlay_apply_verbose
                0x000000004a00e840       0x4c common/built-in.o
                0x000000004a00e840                fdt_overlay_apply_verbose
 .text.miiphy_get_dev_by_name
                0x000000004a00e88c       0x34 common/built-in.o
                0x000000004a00e88c                miiphy_get_dev_by_name
 .text.miiphy_init
                0x000000004a00e8c0       0x18 common/built-in.o
                0x000000004a00e8c0                miiphy_init
 .text.mdio_alloc
                0x000000004a00e8d8       0x1c common/built-in.o
                0x000000004a00e8d8                mdio_alloc
 .text.mdio_free
                0x000000004a00e8f4        0x4 common/built-in.o
                0x000000004a00e8f4                mdio_free
 .text.mdio_register
                0x000000004a00e8f8       0x4c common/built-in.o
                0x000000004a00e8f8                mdio_register
 .text.mdio_unregister
                0x000000004a00e944       0x24 common/built-in.o
                0x000000004a00e944                mdio_unregister
 .text.mdio_list_devices
                0x000000004a00e968       0x78 common/built-in.o
                0x000000004a00e968                mdio_list_devices
 .text.miiphy_set_current_dev
                0x000000004a00e9e0       0x28 common/built-in.o
                0x000000004a00e9e0                miiphy_set_current_dev
 .text.miiphy_get_active_dev
                0x000000004a00ea08       0x30 common/built-in.o
 .text.mdio_get_current_dev
                0x000000004a00ea38        0xc common/built-in.o
                0x000000004a00ea38                mdio_get_current_dev
 .text.mdio_phydev_for_ethname
                0x000000004a00ea44       0x50 common/built-in.o
                0x000000004a00ea44                mdio_phydev_for_ethname
 .text.miiphy_get_current_dev
                0x000000004a00ea94       0x10 common/built-in.o
                0x000000004a00ea94                miiphy_get_current_dev
 .text.miiphy_read
                0x000000004a00eaa4       0x28 common/built-in.o
                0x000000004a00eaa4                miiphy_read
 .text.miiphy_write
                0x000000004a00eacc       0x24 common/built-in.o
                0x000000004a00eacc                miiphy_write
 .text.miiphy_listdev
                0x000000004a00eaf0       0x54 common/built-in.o
                0x000000004a00eaf0                miiphy_listdev
 .text.miiphy_info
                0x000000004a00eb44       0x5c common/built-in.o
                0x000000004a00eb44                miiphy_info
 .text.miiphy_is_1000base_x
                0x000000004a00eba0       0x30 common/built-in.o
                0x000000004a00eba0                miiphy_is_1000base_x
 .text.miiphy_speed
                0x000000004a00ebd0       0xb8 common/built-in.o
                0x000000004a00ebd0                miiphy_speed
 .text.miiphy_duplex
                0x000000004a00ec88       0xd0 common/built-in.o
                0x000000004a00ec88                miiphy_duplex
 .text.usb_set_maxpacket_ep
                0x000000004a00ed58       0x56 common/built-in.o
 .text.usb_int_msg
                0x000000004a00edae        0xe common/built-in.o
                0x000000004a00edae                usb_int_msg
 .text.usb_control_msg
                0x000000004a00edbc       0x6c common/built-in.o
                0x000000004a00edbc                usb_control_msg
 .text.usb_get_descriptor
                0x000000004a00ee28       0x36 common/built-in.o
 *fill*         0x000000004a00ee5e        0x2 
 .text.get_descriptor_len
                0x000000004a00ee60       0x60 common/built-in.o
 .text.usb_setup_descriptor
                0x000000004a00eec0       0x84 common/built-in.o
 .text.usb_get_string
                0x000000004a00ef44       0x50 common/built-in.o
 .text.usb_string_sub
                0x000000004a00ef94       0x90 common/built-in.o
 .text.usb_bulk_msg
                0x000000004a00f024       0x4a common/built-in.o
                0x000000004a00f024                usb_bulk_msg
 .text.usb_maxpacket
                0x000000004a00f06e       0x14 common/built-in.o
                0x000000004a00f06e                usb_maxpacket
 .text.usb_clear_halt
                0x000000004a00f082       0x5c common/built-in.o
                0x000000004a00f082                usb_clear_halt
 *fill*         0x000000004a00f0de        0x2 
 .text.usb_get_configuration_len
                0x000000004a00f0e0       0x50 common/built-in.o
                0x000000004a00f0e0                usb_get_configuration_len
 .text.usb_get_configuration_no
                0x000000004a00f130       0x1c common/built-in.o
                0x000000004a00f130                usb_get_configuration_no
 .text.usb_set_interface
                0x000000004a00f14c       0x78 common/built-in.o
                0x000000004a00f14c                usb_set_interface
 .text.usb_set_protocol
                0x000000004a00f1c4       0x2e common/built-in.o
                0x000000004a00f1c4                usb_set_protocol
 .text.usb_set_idle
                0x000000004a00f1f2       0x32 common/built-in.o
                0x000000004a00f1f2                usb_set_idle
 .text.usb_string
                0x000000004a00f224       0x9c common/built-in.o
                0x000000004a00f224                usb_string
 .text.usb_select_config
                0x000000004a00f2c0      0x310 common/built-in.o
                0x000000004a00f2c0                usb_select_config
 .text.usb_setup_device
                0x000000004a00f5d0       0xa4 common/built-in.o
                0x000000004a00f5d0                usb_setup_device
 .text.board_usb_init
                0x000000004a00f674        0x4 common/built-in.o
                0x000000004a00f674                board_usb_init
 .text.board_usb_cleanup
                0x000000004a00f678        0x4 common/built-in.o
                0x000000004a00f678                board_usb_cleanup
 .text.usb_device_has_child_on_port
                0x000000004a00f67c        0x4 common/built-in.o
                0x000000004a00f67c                usb_device_has_child_on_port
 .text.usb_find_usb2_hub_address_port
                0x000000004a00f680       0x4c common/built-in.o
                0x000000004a00f680                usb_find_usb2_hub_address_port
 .text.usb_set_port_feature
                0x000000004a00f6cc       0x2e common/built-in.o
 .text.usb_clear_port_feature
                0x000000004a00f6fa       0x2e common/built-in.o
 .text.usb_get_hub_descriptor
                0x000000004a00f728       0x42 common/built-in.o
 .text.usb_hub_reset_devices
                0x000000004a00f76a        0x2 common/built-in.o
                0x000000004a00f76a                usb_hub_reset_devices
 .text.usb_hub_is_root_hub
                0x000000004a00f76c       0x10 common/built-in.o
                0x000000004a00f76c                usb_hub_is_root_hub
 .text.usb_get_port_status
                0x000000004a00f77c       0x70 common/built-in.o
                0x000000004a00f77c                usb_get_port_status
 .text.usb_hub_port_connect_change
                0x000000004a00f7ec       0xf4 common/built-in.o
                0x000000004a00f7ec                usb_hub_port_connect_change
 .text.usb_hub_configure
                0x000000004a00f8e0      0x3f0 common/built-in.o
 .text.usb_hub_scan
                0x000000004a00fcd0        0xe common/built-in.o
                0x000000004a00fcd0                usb_hub_scan
 .text.usb_hub_post_probe
                0x000000004a00fcde        0x4 common/built-in.o
 .text.usb_stor_irq
                0x000000004a00fce2       0x10 common/built-in.o
 *fill*         0x000000004a00fcf2        0x2 
 .text.usb_stor_BBB_reset
                0x000000004a00fcf4       0x94 common/built-in.o
 .text.usb_stor_CB_reset
                0x000000004a00fd88       0x88 common/built-in.o
 .text.usb_stor_BBB_clear_endpt_stall.isra.0
                0x000000004a00fe10       0x2c common/built-in.o
 .text.usb_stor_BBB_transport
                0x000000004a00fe3c      0x1b0 common/built-in.o
 .text.usb_stor_CB_comdat
                0x000000004a00ffec      0x154 common/built-in.o
 .text.usb_stor_CBI_get_status.isra.2
                0x000000004a010140       0x84 common/built-in.o
 .text.usb_stor_CB_transport
                0x000000004a0101c4      0x154 common/built-in.o
 .text.usb_request_sense.constprop.11
                0x000000004a010318       0x4c common/built-in.o
 .text.usb_stor_read
                0x000000004a010364      0x108 common/built-in.o
 .text.usb_stor_write
                0x000000004a01046c      0x108 common/built-in.o
 .text.usb_stor_info
                0x000000004a010574       0x48 common/built-in.o
                0x000000004a010574                usb_stor_info
 .text.usb_stor_reset
                0x000000004a0105bc        0xc common/built-in.o
                0x000000004a0105bc                usb_stor_reset
 .text.usb_stor_scan
                0x000000004a0105c8       0x30 common/built-in.o
                0x000000004a0105c8                usb_stor_scan
 .text.usb_storage_probe
                0x000000004a0105f8      0x178 common/built-in.o
                0x000000004a0105f8                usb_storage_probe
 .text.usb_stor_get_info
                0x000000004a010770      0x224 common/built-in.o
                0x000000004a010770                usb_stor_get_info
 .text.usb_mass_storage_probe
                0x000000004a010994      0x100 common/built-in.o
 .text.iomux_doenv
                0x000000004a010a94      0x120 common/built-in.o
                0x000000004a010a94                iomux_doenv
 .text.snip     0x000000004a010bb4       0x3c common/built-in.o
 .text.edid_check_info
                0x000000004a010bf0       0x30 common/built-in.o
                0x000000004a010bf0                edid_check_info
 .text.edid_check_checksum
                0x000000004a010c20       0x1e common/built-in.o
                0x000000004a010c20                edid_check_checksum
 *fill*         0x000000004a010c3e        0x2 
 .text.edid_print_info
                0x000000004a010c40      0x4a4 common/built-in.o
                0x000000004a010c40                edid_print_info
 .text.menu_display_statusline
                0x000000004a0110e4        0x2 common/built-in.o
                0x000000004a0110e4                menu_display_statusline
 .text.menu_default_set
                0x000000004a0110e6       0x4a common/built-in.o
                0x000000004a0110e6                menu_default_set
 .text.menu_get_choice
                0x000000004a011130      0x128 common/built-in.o
                0x000000004a011130                menu_get_choice
 .text.menu_item_add
                0x000000004a011258       0x84 common/built-in.o
                0x000000004a011258                menu_item_add
 .text.menu_create
                0x000000004a0112dc       0x54 common/built-in.o
                0x000000004a0112dc                menu_create
 .text.menu_destroy
                0x000000004a011330       0x44 common/built-in.o
                0x000000004a011330                menu_destroy
 .text.usb_kbd_put_queue
                0x000000004a011374       0x22 common/built-in.o
 *fill*         0x000000004a011396        0x2 
 .text.usb_kbd_remove
                0x000000004a011398       0x74 common/built-in.o
 .text.usb_kbd_translate.part.0
                0x000000004a01140c       0xd0 common/built-in.o
 .text.usb_kbd_probe
                0x000000004a0114dc      0x144 common/built-in.o
 .text.usb_kbd_irq_worker
                0x000000004a011620      0x12c common/built-in.o
 .text.usb_kbd_getc
                0x000000004a01174c       0x82 common/built-in.o
 *fill*         0x000000004a0117ce        0x2 
 .text.usb_kbd_testc
                0x000000004a0117d0       0x98 common/built-in.o
 .text.usb_kbd_irq
                0x000000004a011868       0x16 common/built-in.o
 *fill*         0x000000004a01187e        0x2 
 .text.delete_char.part.0
                0x000000004a011880       0x88 common/built-in.o
 .text.cread_add_char
                0x000000004a011908       0x80 common/built-in.o
 .text.cli_readline_into_buffer
                0x000000004a011988      0x658 common/built-in.o
                0x000000004a011988                cli_readline_into_buffer
 .text.cli_readline
                0x000000004a011fe0       0x10 common/built-in.o
                0x000000004a011fe0                cli_readline
 .text.cli_simple_process_macros
                0x000000004a011ff0      0x124 common/built-in.o
                0x000000004a011ff0                cli_simple_process_macros
 .text.console_tstc
                0x000000004a012114       0x58 common/built-in.o
 .text.console_putc
                0x000000004a01216c       0x38 common/built-in.o
 .text.console_puts
                0x000000004a0121a4       0x38 common/built-in.o
 .text.pre_console_putc
                0x000000004a0121dc       0x16 common/built-in.o
 *fill*         0x000000004a0121f2        0x2 
 .text.on_console
                0x000000004a0121f4       0x70 common/built-in.o
 .text.serial_printf
                0x000000004a012264       0x32 common/built-in.o
                0x000000004a012264                serial_printf
 *fill*         0x000000004a012296        0x2 
 .text.console_getc.isra.0
                0x000000004a012298       0x18 common/built-in.o
 .text.putc     0x000000004a0122b0       0x38 common/built-in.o
                0x000000004a0122b0                putc
 .text.getc     0x000000004a0122e8       0x34 common/built-in.o
                0x000000004a0122e8                getc
 .text.tstc     0x000000004a01231c       0x1a common/built-in.o
                0x000000004a01231c                tstc
 .text.puts     0x000000004a012336       0x4c common/built-in.o
                0x000000004a012336                puts
 *fill*         0x000000004a012382        0x2 
 .text.print_pre_console_buffer
                0x000000004a012384       0xb4 common/built-in.o
 .text.fputs    0x000000004a012438        0xa common/built-in.o
                0x000000004a012438                fputs
 .text.fprintf  0x000000004a012442       0x36 common/built-in.o
                0x000000004a012442                fprintf
 .text.ctrlc    0x000000004a012478       0x38 common/built-in.o
                0x000000004a012478                ctrlc
 .text.disable_ctrlc
                0x000000004a0124b0       0x10 common/built-in.o
                0x000000004a0124b0                disable_ctrlc
 .text.had_ctrlc
                0x000000004a0124c0        0xc common/built-in.o
                0x000000004a0124c0                had_ctrlc
 .text.clear_ctrlc
                0x000000004a0124cc        0xc common/built-in.o
                0x000000004a0124cc                clear_ctrlc
 .text.search_device
                0x000000004a0124d8       0x16 common/built-in.o
                0x000000004a0124d8                search_device
 *fill*         0x000000004a0124ee        0x2 
 .text.console_assign
                0x000000004a0124f0       0x84 common/built-in.o
                0x000000004a0124f0                console_assign
 .text.console_init_f
                0x000000004a012574       0x12 common/built-in.o
                0x000000004a012574                console_init_f
 *fill*         0x000000004a012586        0x2 
 .text.stdio_print_current_devices
                0x000000004a012588       0x78 common/built-in.o
                0x000000004a012588                stdio_print_current_devices
 .text.console_init_r
                0x000000004a012600      0x120 common/built-in.o
                0x000000004a012600                console_init_r
 .text.sbrk     0x000000004a012720       0x40 common/built-in.o
                0x000000004a012720                sbrk
 .text.mem_malloc_init
                0x000000004a012760       0x1c common/built-in.o
                0x000000004a012760                mem_malloc_init
 .text.malloc_trim
                0x000000004a01277c       0x84 common/built-in.o
                0x000000004a01277c                malloc_trim
 .text.free     0x000000004a012800      0x164 common/built-in.o
                0x000000004a012800                free
 .text.malloc   0x000000004a012964      0x420 common/built-in.o
                0x000000004a012964                malloc
 .text.calloc   0x000000004a012d84       0x78 common/built-in.o
                0x000000004a012d84                calloc
 .text.realloc  0x000000004a012dfc      0x2d0 common/built-in.o
                0x000000004a012dfc                realloc
 .text.memalign
                0x000000004a0130cc      0x116 common/built-in.o
                0x000000004a0130cc                memalign
 .text.initf_malloc
                0x000000004a0131e2       0x14 common/built-in.o
                0x000000004a0131e2                initf_malloc
 .text.alloc_simple
                0x000000004a0131f6       0x3a common/built-in.o
 .text.malloc_simple
                0x000000004a013230        0x6 common/built-in.o
                0x000000004a013230                malloc_simple
 .text.memalign_simple
                0x000000004a013236        0xa common/built-in.o
                0x000000004a013236                memalign_simple
 .text.on_loadaddr
                0x000000004a013240       0x20 common/built-in.o
 .text.image_check_hcrc
                0x000000004a013260       0x2a common/built-in.o
                0x000000004a013260                image_check_hcrc
 .text.image_check_dcrc
                0x000000004a01328a       0x22 common/built-in.o
                0x000000004a01328a                image_check_dcrc
 .text.image_multi_count
                0x000000004a0132ac       0x12 common/built-in.o
                0x000000004a0132ac                image_multi_count
 .text.image_multi_getimg
                0x000000004a0132be       0x4a common/built-in.o
                0x000000004a0132be                image_multi_getimg
 .text.env_get_bootm_low
                0x000000004a013308       0x20 common/built-in.o
                0x000000004a013308                env_get_bootm_low
 .text.env_get_bootm_size
                0x000000004a013328       0x44 common/built-in.o
                0x000000004a013328                env_get_bootm_size
 .text.env_get_bootm_mapsize
                0x000000004a01336c       0x20 common/built-in.o
                0x000000004a01336c                env_get_bootm_mapsize
 .text.memmove_wd
                0x000000004a01338c        0xa common/built-in.o
                0x000000004a01338c                memmove_wd
 *fill*         0x000000004a013396        0x2 
 .text.genimg_print_size
                0x000000004a013398       0x24 common/built-in.o
                0x000000004a013398                genimg_print_size
 .text.get_table_entry
                0x000000004a0133bc       0x12 common/built-in.o
                0x000000004a0133bc                get_table_entry
 .text.get_table_entry_name
                0x000000004a0133ce       0x12 common/built-in.o
                0x000000004a0133ce                get_table_entry_name
 .text.genimg_get_os_name
                0x000000004a0133e0       0x14 common/built-in.o
                0x000000004a0133e0                genimg_get_os_name
 .text.genimg_get_arch_name
                0x000000004a0133f4       0x14 common/built-in.o
                0x000000004a0133f4                genimg_get_arch_name
 .text.genimg_get_type_name
                0x000000004a013408       0x14 common/built-in.o
                0x000000004a013408                genimg_get_type_name
 .text.image_decomp
                0x000000004a01341c       0x94 common/built-in.o
                0x000000004a01341c                image_decomp
 .text.genimg_get_comp_name
                0x000000004a0134b0       0x14 common/built-in.o
                0x000000004a0134b0                genimg_get_comp_name
 .text.image_print_contents
                0x000000004a0134c4      0x114 common/built-in.o
                0x000000004a0134c4                image_print_contents
 .text.get_table_entry_id
                0x000000004a0135d8       0x26 common/built-in.o
                0x000000004a0135d8                get_table_entry_id
 *fill*         0x000000004a0135fe        0x2 
 .text.genimg_get_os_id
                0x000000004a013600       0x14 common/built-in.o
                0x000000004a013600                genimg_get_os_id
 .text.genimg_get_arch_id
                0x000000004a013614       0x14 common/built-in.o
                0x000000004a013614                genimg_get_arch_id
 .text.genimg_get_type_id
                0x000000004a013628       0x14 common/built-in.o
                0x000000004a013628                genimg_get_type_id
 .text.genimg_get_comp_id
                0x000000004a01363c       0x14 common/built-in.o
                0x000000004a01363c                genimg_get_comp_id
 .text.genimg_get_kernel_addr_fit
                0x000000004a013650       0x3c common/built-in.o
                0x000000004a013650                genimg_get_kernel_addr_fit
 .text.genimg_get_kernel_addr
                0x000000004a01368c       0x18 common/built-in.o
                0x000000004a01368c                genimg_get_kernel_addr
 .text.genimg_get_format
                0x000000004a0136a4       0x30 common/built-in.o
                0x000000004a0136a4                genimg_get_format
 .text.genimg_has_config
                0x000000004a0136d4        0xa common/built-in.o
                0x000000004a0136d4                genimg_has_config
 *fill*         0x000000004a0136de        0x2 
 .text.boot_get_ramdisk
                0x000000004a0136e0      0x284 common/built-in.o
                0x000000004a0136e0                boot_get_ramdisk
 .text.boot_ramdisk_high
                0x000000004a013964       0xc4 common/built-in.o
                0x000000004a013964                boot_ramdisk_high
 .text.boot_get_setup
                0x000000004a013a28        0x4 common/built-in.o
                0x000000004a013a28                boot_get_setup
 .text.boot_get_loadable
                0x000000004a013a2c       0xe8 common/built-in.o
                0x000000004a013a2c                boot_get_loadable
 .text.image_setup_linux
                0x000000004a013b14       0x3e common/built-in.o
                0x000000004a013b14                image_setup_linux
 *fill*         0x000000004a013b52        0x2 
 .text.android_image_get_kernel
                0x000000004a013b54      0x190 common/built-in.o
                0x000000004a013b54                android_image_get_kernel
 .text.android_image_check_header
                0x000000004a013ce4       0x10 common/built-in.o
                0x000000004a013ce4                android_image_check_header
 .text.android_image_get_end
                0x000000004a013cf4       0xe8 common/built-in.o
                0x000000004a013cf4                android_image_get_end
 .text.android_image_get_kload
                0x000000004a013ddc       0x40 common/built-in.o
                0x000000004a013ddc                android_image_get_kload
 .text.android_image_get_kcomp
                0x000000004a013e1c       0x40 common/built-in.o
                0x000000004a013e1c                android_image_get_kcomp
 .text.android_image_get_ramdisk
                0x000000004a013e5c       0xc4 common/built-in.o
                0x000000004a013e5c                android_image_get_ramdisk
 .text.android_image_get_second
                0x000000004a013f20       0xe8 common/built-in.o
                0x000000004a013f20                android_image_get_second
 .text.android_print_contents
                0x000000004a014008      0x30c common/built-in.o
                0x000000004a014008                android_print_contents
 .text.fdt_error
                0x000000004a014314       0x24 common/built-in.o
 .text.boot_fdt_add_mem_rsv_regions
                0x000000004a014338       0xf4 common/built-in.o
                0x000000004a014338                boot_fdt_add_mem_rsv_regions
 .text.boot_relocate_fdt
                0x000000004a01442c      0x114 common/built-in.o
                0x000000004a01442c                boot_relocate_fdt
 .text.boot_get_fdt
                0x000000004a014540      0x2d4 common/built-in.o
                0x000000004a014540                boot_get_fdt
 .text.ft_verify_fdt
                0x000000004a014814        0x4 common/built-in.o
                0x000000004a014814                ft_verify_fdt
 .text.image_setup_libfdt
                0x000000004a014818       0xec common/built-in.o
                0x000000004a014818                image_setup_libfdt
 .text.fit_image_get_address
                0x000000004a014904       0x3c common/built-in.o
 .text.fit_parse_conf
                0x000000004a014940       0x3a common/built-in.o
                0x000000004a014940                fit_parse_conf
 .text.fit_parse_subimage
                0x000000004a01497a       0x3a common/built-in.o
                0x000000004a01497a                fit_parse_subimage
 .text.fit_get_desc
                0x000000004a0149b4       0x20 common/built-in.o
                0x000000004a0149b4                fit_get_desc
 .text.fit_image_get_node
                0x000000004a0149d4       0x24 common/built-in.o
                0x000000004a0149d4                fit_image_get_node
 .text.fit_image_get_os
                0x000000004a0149f8       0x28 common/built-in.o
                0x000000004a0149f8                fit_image_get_os
 .text.fit_image_get_arch
                0x000000004a014a20       0x28 common/built-in.o
                0x000000004a014a20                fit_image_get_arch
 .text.fit_image_get_type
                0x000000004a014a48       0x28 common/built-in.o
                0x000000004a014a48                fit_image_get_type
 .text.fit_image_get_comp
                0x000000004a014a70       0x28 common/built-in.o
                0x000000004a014a70                fit_image_get_comp
 .text.fit_image_get_load
                0x000000004a014a98        0xc common/built-in.o
                0x000000004a014a98                fit_image_get_load
 .text.fit_image_get_entry
                0x000000004a014aa4        0xc common/built-in.o
                0x000000004a014aa4                fit_image_get_entry
 .text.fit_image_get_data
                0x000000004a014ab0       0x28 common/built-in.o
                0x000000004a014ab0                fit_image_get_data
 .text.fit_image_get_data_offset
                0x000000004a014ad8       0x24 common/built-in.o
                0x000000004a014ad8                fit_image_get_data_offset
 .text.fit_image_get_data_position
                0x000000004a014afc       0x24 common/built-in.o
                0x000000004a014afc                fit_image_get_data_position
 .text.fit_image_get_data_size
                0x000000004a014b20       0x24 common/built-in.o
                0x000000004a014b20                fit_image_get_data_size
 .text.fit_image_get_data_and_size
                0x000000004a014b44       0x66 common/built-in.o
                0x000000004a014b44                fit_image_get_data_and_size
 *fill*         0x000000004a014baa        0x2 
 .text.fit_image_hash_get_algo
                0x000000004a014bac       0x20 common/built-in.o
                0x000000004a014bac                fit_image_hash_get_algo
 .text.fit_image_hash_get_value
                0x000000004a014bcc       0x28 common/built-in.o
                0x000000004a014bcc                fit_image_hash_get_value
 .text.fit_image_print_data
                0x000000004a014bf4       0xfc common/built-in.o
 .text.fit_image_print_verification_data
                0x000000004a014cf0       0x60 common/built-in.o
 .text.fit_image_print
                0x000000004a014d50      0x200 common/built-in.o
                0x000000004a014d50                fit_image_print
 .text.fit_print_contents
                0x000000004a014f50      0x2c8 common/built-in.o
                0x000000004a014f50                fit_print_contents
 .text.fit_get_end
                0x000000004a015218       0x1a common/built-in.o
                0x000000004a015218                fit_get_end
 *fill*         0x000000004a015232        0x2 
 .text.calculate_hash
                0x000000004a015234       0xa8 common/built-in.o
                0x000000004a015234                calculate_hash
 .text.fit_image_verify_with_data
                0x000000004a0152dc      0x134 common/built-in.o
                0x000000004a0152dc                fit_image_verify_with_data
 .text.fit_image_verify
                0x000000004a015410       0x50 common/built-in.o
                0x000000004a015410                fit_image_verify
 .text.fit_all_image_verify
                0x000000004a015460       0xa8 common/built-in.o
                0x000000004a015460                fit_all_image_verify
 .text.fit_image_check_os
                0x000000004a015508       0x20 common/built-in.o
                0x000000004a015508                fit_image_check_os
 .text.fit_image_check_arch
                0x000000004a015528       0x2c common/built-in.o
                0x000000004a015528                fit_image_check_arch
 .text.fit_image_check_type
                0x000000004a015554       0x20 common/built-in.o
                0x000000004a015554                fit_image_check_type
 .text.fit_image_check_comp
                0x000000004a015574       0x20 common/built-in.o
                0x000000004a015574                fit_image_check_comp
 .text.fit_check_format
                0x000000004a015594       0x28 common/built-in.o
                0x000000004a015594                fit_check_format
 .text.fit_conf_get_node
                0x000000004a0155bc       0x7c common/built-in.o
                0x000000004a0155bc                fit_conf_get_node
 .text.fit_conf_get_prop_node_index
                0x000000004a015638       0x20 common/built-in.o
                0x000000004a015638                fit_conf_get_prop_node_index
 .text.fit_conf_get_prop_node
                0x000000004a015658        0x6 common/built-in.o
                0x000000004a015658                fit_conf_get_prop_node
 .text.fit_get_node_from_config
                0x000000004a01565e       0x2a common/built-in.o
                0x000000004a01565e                fit_get_node_from_config
 .text.fit_image_load
                0x000000004a015688      0x478 common/built-in.o
                0x000000004a015688                fit_image_load
 .text.boot_get_setup_fit
                0x000000004a015b00       0x40 common/built-in.o
                0x000000004a015b00                boot_get_setup_fit
 .text.boot_get_fdt_fit
                0x000000004a015b40      0x208 common/built-in.o
                0x000000004a015b40                boot_get_fdt_fit
 .text.get_ram_size
                0x000000004a015d48       0x94 common/built-in.o
                0x000000004a015d48                get_ram_size
 .text.get_effective_memsize
                0x000000004a015ddc        0x6 common/built-in.o
                0x000000004a015ddc                get_effective_memsize
 .text.nulldev_putc
                0x000000004a015de2        0x2 common/built-in.o
 .text.nulldev_puts
                0x000000004a015de4        0x2 common/built-in.o
 .text.nulldev_input
                0x000000004a015de6        0x4 common/built-in.o
 .text.stdio_serial_tstc
                0x000000004a015dea        0x4 common/built-in.o
 .text.stdio_serial_getc
                0x000000004a015dee        0x4 common/built-in.o
 .text.stdio_serial_puts
                0x000000004a015df2        0x6 common/built-in.o
 .text.stdio_serial_putc
                0x000000004a015df8        0x6 common/built-in.o
 *fill*         0x000000004a015dfe        0x2 
 .text.stdio_get_list
                0x000000004a015e00        0x8 common/built-in.o
                0x000000004a015e00                stdio_get_list
 .text.stdio_get_by_name
                0x000000004a015e08       0x30 common/built-in.o
                0x000000004a015e08                stdio_get_by_name
 .text.stdio_clone
                0x000000004a015e38       0x22 common/built-in.o
                0x000000004a015e38                stdio_clone
 *fill*         0x000000004a015e5a        0x2 
 .text.stdio_register_dev
                0x000000004a015e5c       0x34 common/built-in.o
                0x000000004a015e5c                stdio_register_dev
 .text.stdio_register
                0x000000004a015e90        0x6 common/built-in.o
                0x000000004a015e90                stdio_register
 *fill*         0x000000004a015e96        0x2 
 .text.stdio_deregister_dev
                0x000000004a015e98       0x98 common/built-in.o
                0x000000004a015e98                stdio_deregister_dev
 .text.stdio_init_tables
                0x000000004a015f30       0x14 common/built-in.o
                0x000000004a015f30                stdio_init_tables
 .text.stdio_add_devices
                0x000000004a015f44       0xcc common/built-in.o
                0x000000004a015f44                stdio_add_devices
 .text.run_command
                0x000000004a016010        0xe common/built-in.o
                0x000000004a016010                run_command
 .text.run_command_list
                0x000000004a01601e       0x46 common/built-in.o
                0x000000004a01601e                run_command_list
 .text.do_run   0x000000004a016064       0x4c common/built-in.o
                0x000000004a016064                do_run
 .text.cli_process_fdt
                0x000000004a0160b0       0x30 common/built-in.o
                0x000000004a0160b0                cli_process_fdt
 .text.cli_secure_boot_cmd
                0x000000004a0160e0       0x4c common/built-in.o
                0x000000004a0160e0                cli_secure_boot_cmd
 .text.cli_loop
                0x000000004a01612c        0xe common/built-in.o
                0x000000004a01612c                cli_loop
 .text.cli_init
                0x000000004a01613a        0x4 common/built-in.o
                0x000000004a01613a                cli_init
 .text.find_cmd_tbl
                0x000000004a01613e       0x60 common/built-in.o
                0x000000004a01613e                find_cmd_tbl
 *fill*         0x000000004a01619e        0x2 
 .text.find_cmd
                0x000000004a0161a0       0x1c common/built-in.o
                0x000000004a0161a0                find_cmd
 .text.cmd_usage
                0x000000004a0161bc       0x3c common/built-in.o
                0x000000004a0161bc                cmd_usage
 .text._do_help
                0x000000004a0161f8      0x108 common/built-in.o
                0x000000004a0161f8                _do_help
 .text.var_complete
                0x000000004a016300       0x50 common/built-in.o
                0x000000004a016300                var_complete
 .text.complete_subcmdv
                0x000000004a016350      0x104 common/built-in.o
                0x000000004a016350                complete_subcmdv
 .text.cmd_auto_complete
                0x000000004a016454      0x290 common/built-in.o
                0x000000004a016454                cmd_auto_complete
 .text.cmd_get_data_size
                0x000000004a0166e4       0x34 common/built-in.o
                0x000000004a0166e4                cmd_get_data_size
 .text.cmd_always_repeatable
                0x000000004a016718       0x10 common/built-in.o
                0x000000004a016718                cmd_always_repeatable
 .text.cmd_never_repeatable
                0x000000004a016728       0x10 common/built-in.o
                0x000000004a016728                cmd_never_repeatable
 .text.cmd_process
                0x000000004a016738       0xd8 common/built-in.o
                0x000000004a016738                cmd_process
 .text.cmd_process_error
                0x000000004a016810       0x1c common/built-in.o
                0x000000004a016810                cmd_process_error
 .text.hex1_bin
                0x000000004a01682c       0x2a common/built-in.o
 .text.hex2_bin
                0x000000004a016856       0x24 common/built-in.o
 .text.srec_decode