ether.c:1202:13:eth_setup_complete	0	static
ether.c:1623:13:tx_complete	0	static
ether.c:1806:13:eth_suspend	0	static
ether.c:2603:12:usb_eth_recv	16	static
ether.c:1554:13:rx_complete	16	static
ether.c:2596:12:usb_eth_send	32	static
ether.c:1220:13:rndis_command_complete	8	static
ether.c:1765:13:eth_unbind	16	static
ether.c:1830:13:rndis_control_ack_complete	16	static
ether.c:1859:12:rndis_control_ack	16	static
ether.c:1972:11:nibble	0	static
ether.c:2491:13:_usb_eth_halt	8	static
ether.c:2639:13:usb_eth_stop	8	static
ether.c:1004:13:eth_reset_config	8	static
ether.c:1800:13:eth_disconnect	0	static
ether.c:927:1:set_ether_config.isra.6	16	static
ether.c:1982:12:get_ether_addr.part.8	32	static
ether.c:1944:12:is_eth_addr_valid.part.9	32	static
ether.c:1507:12:rx_submit.constprop	16	static
ether.c:2628:12:usb_eth_free_pkt	8	static
ether.c:1243:1:eth_setup	48	static
ether.c:1211:13:rndis_response_complete	0	static
ether.c:1811:13:eth_resume	0	static
ether.c:2646:12:usb_eth_probe	16	static
ether.c:2002:12:eth_bind	72	static
ether.c:2589:12:usb_eth_start	32	static
ether.c:2668:5:usb_ether_init	16	static
