designware.c:657:12:designware_eth_bind	0	static
designware.c:635:5:designware_eth_free_pkt	16	static
designware.c:54:12:dw_mdio_write	16	static
designware.c:27:12:dw_mdio_read	16	static
designware.c:628:5:designware_eth_recv	24	static
designware.c:621:5:designware_eth_send	48	static
designware.c:642:6:designware_eth_stop	8	static
designware.c:86:12:dw_mdio_reset	16	static
designware.c:673:5:designware_eth_probe	48	static
designware.c:807:5:designware_eth_ofdata_to_platdata	24	static
designware.c:783:12:designware_eth_remove	8	static
designware.c:649:5:designware_eth_write_hwaddr	16	static
designware.c:276:5:designware_eth_init	40	static
designware.c:344:5:designware_eth_enable	0	static
designware.c:605:12:designware_eth_start	16	static
