Archive member included to satisfy reference by file (symbol)

arch/arm/lib/lib.a(lib1funcs.o)
                              arch/arm/mach-sunxi/built-in.o (__aeabi_uidiv)
arch/arm/lib/lib.a(div0.o)    arch/arm/lib/lib.a(lib1funcs.o) (__div0)

Discarded input sections

 .data          0x0000000000000000        0x0 arch/arm/cpu/armv7/start.o
 .bss           0x0000000000000000        0x0 arch/arm/cpu/armv7/start.o
 .text          0x0000000000000000        0x0 arch/arm/mach-sunxi/built-in.o
 .text.enable_caches
                0x0000000000000000        0x4 arch/arm/mach-sunxi/built-in.o
 .text.print_cpuinfo
                0x0000000000000000       0x10 arch/arm/mach-sunxi/built-in.o
 .text.sunxi_get_sid
                0x0000000000000000       0x3c arch/arm/mach-sunxi/built-in.o
 .text.mctl_mem_matches
                0x0000000000000000       0x34 arch/arm/mach-sunxi/built-in.o
 .text.sunxi_gpio_get_cfgbank
                0x0000000000000000       0x1a arch/arm/mach-sunxi/built-in.o
 .text.sunxi_gpio_get_cfgpin
                0x0000000000000000       0x20 arch/arm/mach-sunxi/built-in.o
 .text.clock_set_pll3
                0x0000000000000000       0x2c arch/arm/mach-sunxi/built-in.o
 .text.clock_get_pll3
                0x0000000000000000       0x1c arch/arm/mach-sunxi/built-in.o
 .text.clock_set_de_mod_clock
                0x0000000000000000       0x30 arch/arm/mach-sunxi/built-in.o
 .rodata.print_cpuinfo.str1.1
                0x0000000000000000       0x1e arch/arm/mach-sunxi/built-in.o
 .bss           0x0000000000000000        0x0 arch/arm/mach-sunxi/built-in.o
 .text.invalidate_icache_all
                0x0000000000000000       0x14 arch/arm/cpu/armv7/built-in.o
 .text.v7_outer_cache_enable
                0x0000000000000000        0x2 arch/arm/cpu/armv7/built-in.o
 .text.v7_outer_cache_disable
                0x0000000000000000        0x2 arch/arm/cpu/armv7/built-in.o
 .text.v7_outer_cache_flush_all
                0x0000000000000000        0x2 arch/arm/cpu/armv7/built-in.o
 .text.flush_dcache_all
                0x0000000000000000        0xe arch/arm/cpu/armv7/built-in.o
 .text.v7_outer_cache_inval_all
                0x0000000000000000        0x2 arch/arm/cpu/armv7/built-in.o
 .text.invalidate_dcache_all
                0x0000000000000000        0xe arch/arm/cpu/armv7/built-in.o
 .text.arm_init_before_mmu
                0x0000000000000000       0x22 arch/arm/cpu/armv7/built-in.o
 .text.v7_outer_cache_flush_range
                0x0000000000000000        0x2 arch/arm/cpu/armv7/built-in.o
 .text.flush_dcache_range
                0x0000000000000000       0x38 arch/arm/cpu/armv7/built-in.o
 .text.mmu_page_table_flush
                0x0000000000000000       0x1e arch/arm/cpu/armv7/built-in.o
 .text.v7_outer_cache_inval_range
                0x0000000000000000        0x2 arch/arm/cpu/armv7/built-in.o
 .text.invalidate_dcache_range
                0x0000000000000000       0x42 arch/arm/cpu/armv7/built-in.o
 .text.cpu_cache_initialization
                0x0000000000000000        0x2 arch/arm/cpu/armv7/built-in.o
 .text.cleanup_before_linux_select
                0x0000000000000000       0x38 arch/arm/cpu/armv7/built-in.o
 .text.cleanup_before_linux
                0x0000000000000000        0x6 arch/arm/cpu/armv7/built-in.o
 .text.v7_arch_cp15_set_l2aux_ctrl
                0x0000000000000000        0x6 arch/arm/cpu/armv7/built-in.o
 .text.v7_arch_cp15_set_acr
                0x0000000000000000        0x6 arch/arm/cpu/armv7/built-in.o
 .text.wait_on_value
                0x0000000000000000       0x1e arch/arm/cpu/armv7/built-in.o
 .text.s_init   0x0000000000000000        0x4 arch/arm/cpu/armv7/built-in.o
 ._secure.text  0x0000000000000000      0x420 arch/arm/cpu/armv7/built-in.o
 .text.get_gicd_base_address
                0x0000000000000000       0x2c arch/arm/cpu/armv7/built-in.o
 .text.protect_secure_section
                0x0000000000000000        0x2 arch/arm/cpu/armv7/built-in.o
 .text.smp_kick_all_cpus
                0x0000000000000000       0x18 arch/arm/cpu/armv7/built-in.o
 .text.psci_board_init
                0x0000000000000000        0x2 arch/arm/cpu/armv7/built-in.o
 .text.armv7_init_nonsec
                0x0000000000000000       0xa0 arch/arm/cpu/armv7/built-in.o
 .text.armv7_apply_memory_carveout
                0x0000000000000000        0x4 arch/arm/cpu/armv7/built-in.o
 .text.psci_update_dt
                0x0000000000000000       0x16 arch/arm/cpu/armv7/built-in.o
 .rodata.armv7_init_nonsec.str1.1
                0x0000000000000000       0x2e arch/arm/cpu/armv7/built-in.o
 .rodata.get_gicd_base_address.str1.1
                0x0000000000000000       0x2e arch/arm/cpu/armv7/built-in.o
 .data          0x0000000000000000        0x0 arch/arm/cpu/armv7/built-in.o
 ._secure.data  0x0000000000000000       0x20 arch/arm/cpu/armv7/built-in.o
 .bss           0x0000000000000000        0x0 arch/arm/cpu/armv7/built-in.o
 .text.setjmp   0x0000000000000000       0x10 arch/arm/lib/built-in.o
[...]
Memory Configuration

Name             Origin             Length             Attributes
.sram            0x0000000000000060 0x0000000000005fa0
.sdram           0x000000004ff80000 0x0000000000080000
*default*        0x0000000000000000 0xffffffffffffffff

Linker script and memory map


.text           0x0000000000000060     0x41c4
                0x0000000000000060                __start = .
 *(.vectors)
 .vectors       0x0000000000000060       0x44 arch/arm/lib/built-in.o
                0x0000000000000060                _start
                0x0000000000000080                _undefined_instruction
                0x0000000000000084                _software_interrupt
                0x0000000000000088                _prefetch_abort
                0x000000000000008c                _data_abort
                0x0000000000000090                _not_used
                0x0000000000000094                _irq
                0x0000000000000098                _fiq
 arch/arm/cpu/armv7/start.o(.text)
 .text          0x00000000000000a4       0xd0 arch/arm/cpu/armv7/start.o
                0x00000000000000a4                reset
                0x00000000000000a8                save_boot_params_ret
                0x00000000000000b8                switch_to_hypervisor_ret
                0x00000000000000f4                c_runtime_cpu_setup
                0x0000000000000108                switch_to_hypervisor
                0x000000000000010c                cpu_init_cp15
                0x000000000000016c                cpu_init_crit
 *(.text*)
 .text.spl_board_load_image
                0x0000000000000174       0x14 arch/arm/mach-sunxi/built-in.o
 .text.s_init   0x0000000000000188       0x36 arch/arm/mach-sunxi/built-in.o
                0x0000000000000188                s_init
 *fill*         0x00000000000001be        0x2 
 .text.sunxi_get_boot_device
                0x00000000000001c0       0x58 arch/arm/mach-sunxi/built-in.o
                0x00000000000001c0                sunxi_get_boot_device
 .text.spl_boot_device
                0x0000000000000218        0x4 arch/arm/mach-sunxi/built-in.o
                0x0000000000000218                spl_boot_device
 .text.board_init_f
                0x000000000000021c       0x20 arch/arm/mach-sunxi/built-in.o
                0x000000000000021c                board_init_f
 .text.reset_cpu
                0x000000000000023c       0x20 arch/arm/mach-sunxi/built-in.o
                0x000000000000023c                reset_cpu
 .text.clock_init_sec
                0x000000000000025c        0x2 arch/arm/mach-sunxi/built-in.o
                0x000000000000025c                clock_init_sec
 .text.gtbus_init
                0x000000000000025e        0x2 arch/arm/mach-sunxi/built-in.o
                0x000000000000025e                gtbus_init
 .text.clock_init
                0x0000000000000260       0x16 arch/arm/mach-sunxi/built-in.o
                0x0000000000000260                clock_init
 *fill*         0x0000000000000276        0x2 
 .text.mctl_await_completion
                0x0000000000000278       0x34 arch/arm/mach-sunxi/built-in.o
                0x0000000000000278                mctl_await_completion
 .text.sunxi_gpio_set_cfgbank
                0x00000000000002ac       0x22 arch/arm/mach-sunxi/built-in.o
                0x00000000000002ac                sunxi_gpio_set_cfgbank
 *fill*         0x00000000000002ce        0x2 
 .text.sunxi_gpio_set_cfgpin
                0x00000000000002d0       0x28 arch/arm/mach-sunxi/built-in.o
                0x00000000000002d0                sunxi_gpio_set_cfgpin
 .text.sunxi_gpio_set_drv
                0x00000000000002f8       0x44 arch/arm/mach-sunxi/built-in.o
                0x00000000000002f8                sunxi_gpio_set_drv
 .text.sunxi_gpio_set_pull
                0x000000000000033c       0x44 arch/arm/mach-sunxi/built-in.o
                0x000000000000033c                sunxi_gpio_set_pull
 .text.pmic_bus_init
                0x0000000000000380       0x14 arch/arm/mach-sunxi/built-in.o
                0x0000000000000380                pmic_bus_init
 .text.pmic_bus_read
                0x0000000000000394       0x16 arch/arm/mach-sunxi/built-in.o
                0x0000000000000394                pmic_bus_read
 .text.pmic_bus_write
                0x00000000000003aa       0x1a arch/arm/mach-sunxi/built-in.o
                0x00000000000003aa                pmic_bus_write
 .text.pmic_bus_setbits
                0x00000000000003c4       0x2a arch/arm/mach-sunxi/built-in.o
                0x00000000000003c4                pmic_bus_setbits
 .text.pmic_bus_clrbits
                0x00000000000003ee       0x2a arch/arm/mach-sunxi/built-in.o
                0x00000000000003ee                pmic_bus_clrbits
 .text.clock_init_safe
                0x0000000000000418       0x68 arch/arm/mach-sunxi/built-in.o
                0x0000000000000418                clock_init_safe
 .text.clock_init_uart
                0x0000000000000480       0x20 arch/arm/mach-sunxi/built-in.o
                0x0000000000000480                clock_init_uart
 .text.clock_twi_onoff
                0x00000000000004a0       0x20 arch/arm/mach-sunxi/built-in.o
                0x00000000000004a0                clock_twi_onoff
 .text.clock_set_pll1
                0x00000000000004c0       0xf0 arch/arm/mach-sunxi/built-in.o
                0x00000000000004c0                clock_set_pll1
 .text.clock_get_pll5p
                0x00000000000005b0       0x28 arch/arm/mach-sunxi/built-in.o
                0x00000000000005b0                clock_get_pll5p
 .text.clock_get_pll6
                0x00000000000005d8       0x24 arch/arm/mach-sunxi/built-in.o
                0x00000000000005d8                clock_get_pll6
 .text.dramc_init_helper
                0x00000000000005fc      0x628 arch/arm/mach-sunxi/built-in.o
 .text.dramc_init
                0x0000000000000c24       0x5e arch/arm/mach-sunxi/built-in.o
                0x0000000000000c24                dramc_init
 *fill*         0x0000000000000c82        0x2 
 .text          0x0000000000000c84      0x1bc arch/arm/cpu/armv7/built-in.o
                0x0000000000000c84                __v7_flush_dcache_all
                0x0000000000000d20                v7_flush_dcache_all
                0x0000000000000d30                __v7_invalidate_dcache_all
                0x0000000000000dcc                v7_invalidate_dcache_all
                0x0000000000000ddc                save_boot_params
                0x0000000000000e0c                return_to_fel
 .text.sdelay   0x0000000000000e40        0x6 arch/arm/cpu/armv7/built-in.o
                0x0000000000000e40                sdelay
 *fill*         0x0000000000000e46        0x2 
 .text.lowlevel_init
                0x0000000000000e48       0x1c arch/arm/cpu/armv7/built-in.o
                0x0000000000000e48                lowlevel_init
 .text.get_timer_masked
                0x0000000000000e64       0x58 arch/arm/cpu/armv7/built-in.o
 .text.timer_init
                0x0000000000000ebc       0x1c arch/arm/cpu/armv7/built-in.o
                0x0000000000000ebc                timer_init
 .text.get_timer
                0x0000000000000ed8        0xc arch/arm/cpu/armv7/built-in.o
                0x0000000000000ed8                get_timer
 .text.__udelay
                0x0000000000000ee4       0x34 arch/arm/cpu/armv7/built-in.o
                0x0000000000000ee4                __udelay
 .text.get_ticks
                0x0000000000000f18        0xa arch/arm/cpu/armv7/built-in.o
                0x0000000000000f18                get_ticks
 .text.get_tbclk
                0x0000000000000f22        0x6 arch/arm/cpu/armv7/built-in.o
                0x0000000000000f22                get_tbclk
 *fill*         0x0000000000000f28       0x18 
 .text          0x0000000000000f40      0x404 arch/arm/lib/built-in.o
                0x0000000000000f40                _main
                0x0000000000000fc0                memset
                0x0000000000001060                memcpy
 .text.disable_interrupts
                0x0000000000001344        0x4 arch/arm/lib/built-in.o
                0x0000000000001344                disable_interrupts
 .text.reset_misc
                0x0000000000001348        0x2 arch/arm/lib/built-in.o
                0x0000000000001348                reset_misc
 *fill*         0x000000000000134a        0x2 
 .text.do_reset
                0x000000000000134c       0x28 arch/arm/lib/built-in.o
                0x000000000000134c                do_reset
 .text.get_spl_header
                0x0000000000001374       0x30 board/sunxi/built-in.o
 .text.mmc_pinmux_setup.constprop.1
                0x00000000000013a4       0x24 board/sunxi/built-in.o
 .text.i2c_init_board
                0x00000000000013c8       0x36 board/sunxi/built-in.o
                0x00000000000013c8                i2c_init_board
 .text.board_mmc_init
                0x00000000000013fe       0x16 board/sunxi/built-in.o
                0x00000000000013fe                board_mmc_init
 .text.sunxi_board_init
                0x0000000000001414       0xa4 board/sunxi/built-in.o
                0x0000000000001414                sunxi_board_init
 .text.sunxi_dram_init
                0x00000000000014b8        0xc board/sunxi/built-in.o
                0x00000000000014b8                sunxi_dram_init
 .text.show_boot_progress
                0x00000000000014c4        0x2 common/spl/built-in.o
                0x00000000000014c4                show_boot_progress
 .text.spl_perform_fixups
                0x00000000000014c6        0x2 common/spl/built-in.o
                0x00000000000014c6                spl_perform_fixups
 .text.spl_board_prepare_for_boot
                0x00000000000014c8        0x2 common/spl/built-in.o
                0x00000000000014c8                spl_board_prepare_for_boot
 .text.spl_get_load_buffer
                0x00000000000014ca        0x6 common/spl/built-in.o
                0x00000000000014ca                spl_get_load_buffer
 .text.spl_set_header_raw_uboot
                0x00000000000014d0       0x2c common/spl/built-in.o
                0x00000000000014d0                spl_set_header_raw_uboot
 .text.spl_parse_image_header
                0x00000000000014fc       0x48 common/spl/built-in.o
                0x00000000000014fc                spl_parse_image_header
 .text.jump_to_image_no_args
                0x0000000000001544        0x6 common/spl/built-in.o
                0x0000000000001544                jump_to_image_no_args
 *fill*         0x000000000000154a        0x2 
 .text.spl_set_bd
                0x000000000000154c       0x14 common/spl/built-in.o
                0x000000000000154c                spl_set_bd
 .text.spl_init
                0x0000000000001560       0x20 common/spl/built-in.o
                0x0000000000001560                spl_init
 .text.board_boot_order
                0x0000000000001580        0xc common/spl/built-in.o
                0x0000000000001580                board_boot_order
 .text.board_init_r
                0x000000000000158c       0xd0 common/spl/built-in.o
                0x000000000000158c                board_init_r
 .text.preloader_console_init
                0x000000000000165c       0x24 common/spl/built-in.o
                0x000000000000165c                preloader_console_init
 .text.spl_relocate_stack_gd
                0x0000000000001680       0x30 common/spl/built-in.o
                0x0000000000001680                spl_relocate_stack_gd
 .text.spl_boot_mode
                0x00000000000016b0        0x4 common/spl/built-in.o
                0x00000000000016b0                spl_boot_mode
 .text.spl_mmc_get_uboot_raw_sector
                0x00000000000016b4        0x4 common/spl/built-in.o
                0x00000000000016b4                spl_mmc_get_uboot_raw_sector
 .text.spl_mmc_load
                0x00000000000016b8      0x150 common/spl/built-in.o
                0x00000000000016b8                spl_mmc_load
 .text.spl_mmc_load_image
                0x0000000000001808       0x14 common/spl/built-in.o
                0x0000000000001808                spl_mmc_load_image
 .text.board_init_f_alloc_reserve
                0x000000000000181c        0xa common/init/built-in.o
                0x000000000000181c                board_init_f_alloc_reserve
 .text.board_init_f_init_reserve
                0x0000000000001826       0x14 common/init/built-in.o
                0x0000000000001826                board_init_f_init_reserve
 *fill*         0x000000000000183a        0x2 
 .text.fputc    0x000000000000183c       0x14 common/built-in.o
                0x000000000000183c                fputc
 .text.putc     0x0000000000001850       0x22 common/built-in.o
                0x0000000000001850                putc
 *fill*         0x0000000000001872        0x2 
 .text.fputs    0x0000000000001874       0x14 common/built-in.o
                0x0000000000001874                fputs
 .text.puts     0x0000000000001888       0x22 common/built-in.o
                0x0000000000001888                puts
 .text.alloc_simple
                0x00000000000018aa       0x3a common/built-in.o
 .text.malloc_simple
                0x00000000000018e4        0x6 common/built-in.o
                0x00000000000018e4                malloc_simple
 .text.calloc   0x00000000000018ea       0x1a common/built-in.o
                0x00000000000018ea                calloc
 .text.get_ram_size
                0x0000000000001904       0x94 common/built-in.o
                0x0000000000001904                get_ram_size
 .text.__div64_32
                0x0000000000001998       0x7e lib/built-in.o
                0x0000000000001998                __div64_32
 *fill*         0x0000000000001a16        0x2 
 .text.hang     0x0000000000001a18       0x18 lib/built-in.o
                0x0000000000001a18                hang
 .text.memcmp   0x0000000000001a30       0x1a lib/built-in.o
                0x0000000000001a30                memcmp
 .text.tick_to_time
                0x0000000000001a4a       0x48 lib/built-in.o
 .text.timer_get_us
                0x0000000000001a92       0x1c lib/built-in.o
                0x0000000000001a92                timer_get_us
 *fill*         0x0000000000001aae        0x2 
 .text.udelay   0x0000000000001ab0       0x20 lib/built-in.o
                0x0000000000001ab0                udelay
 .text.panic_finish
                0x0000000000001ad0       0x20 lib/built-in.o
 .text.panic    0x0000000000001af0       0x14 lib/built-in.o
                0x0000000000001af0                panic
 .text.putc_normal
                0x0000000000001b04        0x6 lib/built-in.o
 .text.div_out  0x0000000000001b0a       0x34 lib/built-in.o
 *fill*         0x0000000000001b3e        0x2 
 .text._vprintf
                0x0000000000001b40      0x1c4 lib/built-in.o
 .text.vprintf  0x0000000000001d04       0x1c lib/built-in.o
                0x0000000000001d04                vprintf
 .text.printf   0x0000000000001d20       0x24 lib/built-in.o
                0x0000000000001d20                printf
 .text._parse_integer_fixup_radix
                0x0000000000001d44       0x5c lib/built-in.o
 .text.simple_strtoul
                0x0000000000001da0       0x50 lib/built-in.o
                0x0000000000001da0                simple_strtoul
 .text.simple_strtol
                0x0000000000001df0       0x1a lib/built-in.o
                0x0000000000001df0                simple_strtol
 .text.part_test_efi
                0x0000000000001e0a       0x82 disk/built-in.o
 .text.gpio_request
                0x0000000000001e8c        0x4 drivers/built-in.o
                0x0000000000001e8c                gpio_request
 .text.gpio_direction_input
                0x0000000000001e90        0xc drivers/built-in.o
                0x0000000000001e90                gpio_direction_input
 .text.gpio_get_value
                0x0000000000001e9c       0x30 drivers/built-in.o
                0x0000000000001e9c                gpio_get_value
 .text.sunxi_name_to_gpio
                0x0000000000001ecc       0x56 drivers/built-in.o
                0x0000000000001ecc                sunxi_name_to_gpio
 *fill*         0x0000000000001f22        0x2 
 .text.i2c_get_adapter
                0x0000000000001f24       0x40 drivers/built-in.o
                0x0000000000001f24                i2c_get_adapter
 .text.i2c_init_bus
                0x0000000000001f64       0x64 drivers/built-in.o
 .text.i2c_read
                0x0000000000001fc8       0x34 drivers/built-in.o
                0x0000000000001fc8                i2c_read
 .text.i2c_write
                0x0000000000001ffc       0x34 drivers/built-in.o
                0x0000000000001ffc                i2c_write
 .text.i2c_init
                0x0000000000002030        0xe drivers/built-in.o
                0x0000000000002030                i2c_init
 *fill*         0x000000000000203e        0x2 
 .text.__twsi_i2c_set_bus_speed
                0x0000000000002040       0x60 drivers/built-in.o
 .text.twsi_get_base.isra.0
                0x00000000000020a0       0x28 drivers/built-in.o
 .text.twsi_i2c_set_bus_speed
                0x00000000000020c8       0x14 drivers/built-in.o
 .text.twsi_stop.constprop.6
                0x00000000000020dc       0x42 drivers/built-in.o
 .text.twsi_i2c_init
                0x000000000000211e       0x3c drivers/built-in.o
 .text.twsi_wait.constprop.10
                0x000000000000215a       0x56 drivers/built-in.o
 .text.i2c_begin.constprop.4
                0x00000000000021b0       0x3a drivers/built-in.o
 .text.twsi_i2c_probe
                0x00000000000021ea       0x42 drivers/built-in.o
 .text.twsi_i2c_write
                0x000000000000222c       0xa8 drivers/built-in.o
 .text.twsi_i2c_read
                0x00000000000022d4       0xd2 drivers/built-in.o
 .text.mmc_set_ios
                0x00000000000023a6        0xe drivers/built-in.o
 .text.mmc_set_capacity
                0x00000000000023b4       0x76 drivers/built-in.o
 .text.board_mmc_getcd
                0x000000000000242a        0x6 drivers/built-in.o
                0x000000000000242a                board_mmc_getcd
 .text.mmc_send_cmd
                0x0000000000002430        0x8 drivers/built-in.o
                0x0000000000002430                mmc_send_cmd
 .text.mmc_go_idle
                0x0000000000002438       0x32 drivers/built-in.o
 *fill*         0x000000000000246a        0x2 
 .text.mmc_send_op_cond_iter
                0x000000000000246c       0x44 drivers/built-in.o
 .text.mmc_send_ext_csd
                0x00000000000024b0       0x2e drivers/built-in.o
 *fill*         0x00000000000024de        0x2 
 .text.mmc_read_and_compare_ext_csd
                0x00000000000024e0       0x78 drivers/built-in.o
 .text.mmc_send_status
                0x0000000000002558       0x3c drivers/built-in.o
                0x0000000000002558                mmc_send_status
 .text.__mmc_switch.constprop.12
                0x0000000000002594       0x9e drivers/built-in.o
 *fill*         0x0000000000002632        0x2 
 .text.mmc_set_card_speed.constprop.11
                0x0000000000002634       0x68 drivers/built-in.o
 .text.mmc_set_blocklen
                0x000000000000269c       0x42 drivers/built-in.o
                0x000000000000269c                mmc_set_blocklen
 *fill*         0x00000000000026de        0x2 
 .text.mmc_bread
                0x00000000000026e0      0x13c drivers/built-in.o
                0x00000000000026e0                mmc_bread
 .text.mmc_switch
                0x000000000000281c        0x4 drivers/built-in.o
                0x000000000000281c                mmc_switch
 .text.mmc_startup_v4
                0x0000000000002820      0x204 drivers/built-in.o
 .text.mmc_switch_part
                0x0000000000002a24       0x56 drivers/built-in.o
                0x0000000000002a24                mmc_switch_part
 .text.mmc_getcd
                0x0000000000002a7a       0x20 drivers/built-in.o
                0x0000000000002a7a                mmc_getcd
 .text.mmc_set_clock
                0x0000000000002a9a       0x20 drivers/built-in.o
                0x0000000000002a9a                mmc_set_clock
 *fill*         0x0000000000002aba        0x2 
 .text.mmc_startup
                0x0000000000002abc      0x798 drivers/built-in.o
 .text.board_mmc_power_init
                0x0000000000003254        0x2 drivers/built-in.o
                0x0000000000003254                board_mmc_power_init
 *fill*         0x0000000000003256        0x2 
 .text.mmc_get_op_cond
                0x0000000000003258      0x1a4 drivers/built-in.o
                0x0000000000003258                mmc_get_op_cond
 .text.mmc_start_init
                0x00000000000033fc       0x48 drivers/built-in.o
                0x00000000000033fc                mmc_start_init
 .text.mmc_init
                0x0000000000003444       0x9c drivers/built-in.o
                0x0000000000003444                mmc_init
 .text.cpu_mmc_init
                0x00000000000034e0        0x6 drivers/built-in.o
                0x00000000000034e0                cpu_mmc_init
 *fill*         0x00000000000034e6        0x2 
 .text.mmc_initialize
                0x00000000000034e8       0x30 drivers/built-in.o
                0x00000000000034e8                mmc_initialize
 .text.mmc_berase
                0x0000000000003518        0x4 drivers/built-in.o
 .text.mmc_bwrite
                0x000000000000351c        0x4 drivers/built-in.o
 .text.find_mmc_device
                0x0000000000003520       0x30 drivers/built-in.o
                0x0000000000003520                find_mmc_device
 .text.mmc_select_hwpartp
                0x0000000000003550       0x36 drivers/built-in.o
 .text.mmc_get_dev
                0x0000000000003586       0x1e drivers/built-in.o
 .text.mmc_get_next_devnum
                0x00000000000035a4       0x10 drivers/built-in.o
                0x00000000000035a4                mmc_get_next_devnum
 .text.mmc_get_blk_desc
                0x00000000000035b4        0x4 drivers/built-in.o
                0x00000000000035b4                mmc_get_blk_desc
 .text.mmc_do_preinit
                0x00000000000035b8       0x20 drivers/built-in.o
                0x00000000000035b8                mmc_do_preinit
 .text.mmc_list_init
                0x00000000000035d8       0x18 drivers/built-in.o
                0x00000000000035d8                mmc_list_init
 .text.mmc_list_add
                0x00000000000035f0       0x18 drivers/built-in.o
                0x00000000000035f0                mmc_list_add
 .text.mmc_create
                0x0000000000003608       0x80 drivers/built-in.o
                0x0000000000003608                mmc_create
 .text.sunxi_mmc_core_init
                0x0000000000003688       0x1a drivers/built-in.o
 *fill*         0x00000000000036a2        0x2 
 .text.sunxi_mmc_getcd_gpio
                0x00000000000036a4       0x24 drivers/built-in.o
 .text.sunxi_mmc_getcd_legacy
                0x00000000000036c8       0x1e drivers/built-in.o
 *fill*         0x00000000000036e6        0x2 
 .text.mmc_update_clk.isra.1
                0x00000000000036e8       0x4c drivers/built-in.o
 .text.mmc_rint_wait.isra.4
                0x0000000000003734       0x3e drivers/built-in.o
 .text.sunxi_mmc_send_cmd_legacy
                0x0000000000003772      0x216 drivers/built-in.o
 .text.mmc_set_mod_clk
                0x0000000000003988       0x9c drivers/built-in.o
 .text.sunxi_mmc_set_ios_legacy
                0x0000000000003a24       0x94 drivers/built-in.o
 .text.sunxi_mmc_init
                0x0000000000003ab8      0x120 drivers/built-in.o
                0x0000000000003ab8                sunxi_mmc_init
 .text.get_current
                0x0000000000003bd8       0x2c drivers/built-in.o
 .text.serial_init
                0x0000000000003c04       0x1a drivers/built-in.o
                0x0000000000003c04                serial_init
 .text.serial_putc
                0x0000000000003c1e       0x12 drivers/built-in.o
                0x0000000000003c1e                serial_putc
 .text.serial_puts
                0x0000000000003c30       0x12 drivers/built-in.o
                0x0000000000003c30                serial_puts
 *fill*         0x0000000000003c42        0x2 
 .text._serial_putc
                0x0000000000003c44       0x28 drivers/built-in.o
 .text.eserial1_putc
                0x0000000000003c6c        0x6 drivers/built-in.o
 .text._serial_puts
                0x0000000000003c72       0x16 drivers/built-in.o
 .text.eserial1_puts
                0x0000000000003c88        0x6 drivers/built-in.o
 *fill*         0x0000000000003c8e        0x2 
 .text._serial_setbrg
                0x0000000000003c90       0x2c drivers/built-in.o
 .text.eserial1_setbrg
                0x0000000000003cbc        0x6 drivers/built-in.o
 *fill*         0x0000000000003cc2        0x2 
 .text.eserial1_init
                0x0000000000003cc4       0x24 drivers/built-in.o
 .text.eserial1_getc
                0x0000000000003ce8       0x10 drivers/built-in.o
 .text.eserial1_tstc
                0x0000000000003cf8        0xc drivers/built-in.o
 .text.default_serial_console
                0x0000000000003d04        0x8 drivers/built-in.o
                0x0000000000003d04                default_serial_console
 .text.NS16550_setbrg
                0x0000000000003d0c       0x32 drivers/built-in.o
 .text.ns16550_calc_divisor
                0x0000000000003d3e       0x10 drivers/built-in.o
                0x0000000000003d3e                ns16550_calc_divisor
 .text.NS16550_init
                0x0000000000003d4e       0x34 drivers/built-in.o
                0x0000000000003d4e                NS16550_init
 .text.NS16550_reinit
                0x0000000000003d82       0x2a drivers/built-in.o
                0x0000000000003d82                NS16550_reinit
 .text.NS16550_putc
                0x0000000000003dac       0x14 drivers/built-in.o
                0x0000000000003dac                NS16550_putc
 .text.NS16550_getc
                0x0000000000003dc0       0x16 drivers/built-in.o
                0x0000000000003dc0                NS16550_getc
 .text.NS16550_tstc
                0x0000000000003dd6        0xe drivers/built-in.o
                0x0000000000003dd6                NS16550_tstc
 .text.axp_set_dcdc2
                0x0000000000003de4       0x74 drivers/built-in.o
                0x0000000000003de4                axp_set_dcdc2
 .text.axp_set_dcdc3
                0x0000000000003e58       0x4c drivers/built-in.o
                0x0000000000003e58                axp_set_dcdc3
 .text.axp_set_aldo2
                0x0000000000003ea4       0x68 drivers/built-in.o
                0x0000000000003ea4                axp_set_aldo2
 .text.axp_set_aldo3
                0x0000000000003f0c       0x7c drivers/built-in.o
                0x0000000000003f0c                axp_set_aldo3
 .text.axp_set_aldo4
                0x0000000000003f88       0x50 drivers/built-in.o
                0x0000000000003f88                axp_set_aldo4
 .text.axp_init
                0x0000000000003fd8       0x58 drivers/built-in.o
                0x0000000000003fd8                axp_init
 .text.blk_driver_lookup_type
                0x0000000000004030       0x20 drivers/built-in.o
                0x0000000000004030                blk_driver_lookup_type
 .text.blk_dselect_hwpart
                0x0000000000004050       0x26 drivers/built-in.o
                0x0000000000004050                blk_dselect_hwpart
 *fill*         0x0000000000004076        0x2 
 .text.__udivsi3
                0x0000000000004078       0x9c arch/arm/lib/lib.a(lib1funcs.o)
                0x0000000000004078                __udivsi3
                0x0000000000004078                __aeabi_uidiv
 .text.__divsi3
                0x0000000000004114       0xcc arch/arm/lib/lib.a(lib1funcs.o)
                0x0000000000004114                __aeabi_idiv
                0x0000000000004114                __divsi3
 .text.__aeabi_uidivmod
                0x00000000000041e0       0x30 arch/arm/lib/lib.a(lib1funcs.o)
                0x00000000000041e0                __aeabi_uidivmod
                0x00000000000041f8                __aeabi_idivmod
 .text.Ldiv0    0x0000000000004210       0x10 arch/arm/lib/lib.a(lib1funcs.o)
 .text.__div0   0x0000000000004220        0x4 arch/arm/lib/lib.a(div0.o)
                0x0000000000004220                __div0

.glue_7         0x0000000000004224        0x0
 .glue_7        0x0000000000004224        0x0 linker stubs

.glue_7t        0x0000000000004224        0x0
 .glue_7t       0x0000000000004224        0x0 linker stubs

.vfp11_veneer   0x0000000000004224        0x0
 .vfp11_veneer  0x0000000000004224        0x0 linker stubs

.v4_bx          0x0000000000004224        0x0
 .v4_bx         0x0000000000004224        0x0 linker stubs

.iplt           0x0000000000004224        0x0
 .iplt          0x0000000000004224        0x0 arch/arm/cpu/armv7/start.o
                0x0000000000004224                . = ALIGN (0x4)

.rodata         0x0000000000004224      0x833
 *(SORT_BY_ALIGNMENT(.rodata*))
 .rodata.pll1_para
                0x0000000000004224       0x78 arch/arm/mach-sunxi/built-in.o
 .rodata.hpcr_value
                0x000000000000429c       0x80 arch/arm/mach-sunxi/built-in.o
 .rodata        0x000000000000431c       0x14 common/spl/built-in.o
 .rodata        0x0000000000004330        0x8 drivers/built-in.o
 .rodata.ext_csd_bus_width
                0x0000000000004338       0x3c drivers/built-in.o
 .rodata.fbase  0x0000000000004374       0x10 drivers/built-in.o
 .rodata.freqs.9965
                0x0000000000004384       0x38 drivers/built-in.o
 .rodata.mmc_modes_by_pref
                0x00000000000043bc       0x20 drivers/built-in.o
 .rodata.mmc_versions.10288
                0x00000000000043dc       0x24 drivers/built-in.o
 .rodata.sd_modes_by_pref
                0x0000000000004400       0x10 drivers/built-in.o
 .rodata.sunxi_mmc_ops
                0x0000000000004410       0x18 drivers/built-in.o
 .rodata.serial_ports
                0x0000000000004428       0x18 drivers/built-in.o
 .rodata.vindex.8464
                0x0000000000004440       0x40 drivers/built-in.o
 .rodata.tRFC_DDR3_table
                0x0000000000004480        0xc arch/arm/mach-sunxi/built-in.o
 .rodata.str1.1
                0x000000000000448c        0x4 arch/arm/mach-sunxi/built-in.o
 .rodata.sunxi_get_boot_device.str1.1
                0x0000000000004490       0x21 arch/arm/mach-sunxi/built-in.o
 .rodata.mctl_await_completion.str1.1
                0x00000000000044b1       0x1b arch/arm/mach-sunxi/built-in.o
 .rodata.clock_set_pll1.str1.1
                0x00000000000044cc       0x22 arch/arm/mach-sunxi/built-in.o
 .rodata.dramc_init_helper.str1.1
                0x00000000000044ee        0xe arch/arm/mach-sunxi/built-in.o
 .rodata.do_reset.str1.1
                0x00000000000044fc        0xf arch/arm/lib/built-in.o
 .rodata.get_spl_header.str1.1
                0x000000000000450b       0x35 board/sunxi/built-in.o
 .rodata.sunxi_board_init.str1.1
                0x0000000000004540       0x44 board/sunxi/built-in.o
 .rodata.board_init_r.str1.1
                0x0000000000004584       0x62 common/spl/built-in.o
 .rodata.preloader_console_init.str1.1
                0x00000000000045e6       0x34 common/spl/built-in.o
 .rodata.spl_set_header_raw_uboot.str1.1
                0x000000000000461a        0x7 common/spl/built-in.o
 .rodata.spl_mmc_load.str1.1
                0x0000000000004621      0x10e common/spl/built-in.o
 .rodata.str1.1
                0x000000000000472f       0x11 common/spl/built-in.o
 .rodata._ctype
                0x0000000000004740      0x100 lib/built-in.o
                0x0000000000004740                _ctype
 .rodata.hang.str1.1
                0x0000000000004840       0x2a lib/built-in.o
 .rodata.str1.1
                0x000000000000486a       0x17 disk/built-in.o
                                         0x1a (size before relaxing)
 .rodata.i2c_get_adapter.str1.1
                0x0000000000004881       0x2d drivers/built-in.o
 .rodata.str1.1
                0x00000000000048ae       0x10 drivers/built-in.o
 .rodata.twsi_get_base.isra.0.str1.1
                0x00000000000048be       0x23 drivers/built-in.o
 .rodata.mmc_bread.str1.1
                0x00000000000048e1       0x49 drivers/built-in.o
 .rodata.mmc_get_op_cond.str1.1
                0x000000000000492a       0x29 drivers/built-in.o
 .rodata.mmc_start_init.str1.1
                0x0000000000004953       0x16 drivers/built-in.o
 .rodata.mmc_startup.str1.1
                0x0000000000004969       0x5e drivers/built-in.o
 .rodata.multipliers
                0x00000000000049c7       0x10 drivers/built-in.o
 .rodata.find_mmc_device.str1.1
                0x00000000000049d7       0x19 drivers/built-in.o
 .rodata.mmc_set_mod_clk.str1.1
                0x00000000000049f0       0x25 drivers/built-in.o
 .rodata.sunxi_mmc_getcd_gpio.str1.1
                0x0000000000004a15        0x4 drivers/built-in.o
                                          0x5 (size before relaxing)
 .rodata.sunxi_mmc_init.str1.1
                0x0000000000004a19       0x29 drivers/built-in.o
 .rodata.get_current.str1.1
                0x0000000000004a42       0x15 drivers/built-in.o

.rel.dyn        0x0000000000004a58        0x0
 .rel.iplt      0x0000000000004a58        0x0 arch/arm/cpu/armv7/start.o
                0x0000000000004a58                . = ALIGN (0x4)

.data           0x0000000000004a58      0x1d0
 *(SORT_BY_ALIGNMENT(.data*))
 .data          0x0000000000004a58       0xd8 arch/arm/lib/built-in.o
                0x0000000000004a58                gdata
 .data          0x0000000000004b30       0x18 arch/arm/mach-sunxi/built-in.o
                0x0000000000004b30                fel_stash
 .data.needs_init.8802
                0x0000000000004b48        0x4 arch/arm/mach-sunxi/built-in.o
 .data.dram_para
                0x0000000000004b4c       0x58 board/sunxi/built-in.o
 .data          0x0000000000004ba4       0x50 common/spl/built-in.o
 .data.cur_dev_num
                0x0000000000004bf4        0x4 drivers/built-in.o
 .data.eserial1_device
                0x0000000000004bf8       0x30 drivers/built-in.o
                0x0000000000004bf8                eserial1_device

.igot.plt       0x0000000000004c28        0x0
 .igot.plt      0x0000000000004c28        0x0 arch/arm/cpu/armv7/start.o

.binman_sym     0x0000000000004c28        0x4
 .binman_sym    0x0000000000004c28        0x4 common/spl/built-in.o
                0x0000000000004c28                _binman_u_boot_any_prop_image_pos
                0x0000000000004c2c                . = ALIGN (0x4)

.u_boot_list    0x0000000000004c2c       0xb8
 *(SORT_BY_NAME(.u_boot_list*))
 .u_boot_list_2_blk_driver_1
                0x0000000000004c2c        0x0 drivers/built-in.o
 .u_boot_list_2_blk_driver_2_mmc
                0x0000000000004c2c       0x18 drivers/built-in.o
                0x0000000000004c2c                _u_boot_list_2_blk_driver_2_mmc
 .u_boot_list_2_blk_driver_3
                0x0000000000004c44        0x0 drivers/built-in.o
 .u_boot_list_2_cmd_1
                0x0000000000004c44        0x0 common/built-in.o
 .u_boot_list_2_cmd_3
                0x0000000000004c44        0x0 common/built-in.o
 .u_boot_list_2_env_driver_1
                0x0000000000004c44        0x0 env/built-in.o
 .u_boot_list_2_env_driver_3
                0x0000000000004c44        0x0 env/built-in.o
 .u_boot_list_2_i2c_1
                0x0000000000004c44        0x0 drivers/built-in.o
 .u_boot_list_2_i2c_2_twsi0
                0x0000000000004c44       0x2c drivers/built-in.o
                0x0000000000004c44                _u_boot_list_2_i2c_2_twsi0
 .u_boot_list_2_i2c_2_twsi1
                0x0000000000004c70       0x2c drivers/built-in.o
                0x0000000000004c70                _u_boot_list_2_i2c_2_twsi1
 .u_boot_list_2_i2c_3
                0x0000000000004c9c        0x0 drivers/built-in.o
 .u_boot_list_2_part_driver_1
                0x0000000000004c9c        0x0 disk/built-in.o
 .u_boot_list_2_part_driver_2_a_efi
                0x0000000000004c9c       0x18 disk/built-in.o
                0x0000000000004c9c                _u_boot_list_2_part_driver_2_a_efi
 .u_boot_list_2_part_driver_3
                0x0000000000004cb4        0x0 disk/built-in.o
 .u_boot_list_2_spl_image_loader_1
                0x0000000000004cb4        0x0 common/spl/built-in.o
 .u_boot_list_2_spl_image_loader_2_BOOT_DEVICE_BOARD0spl_board_load_image
                0x0000000000004cb4        0xc arch/arm/mach-sunxi/built-in.o
                0x0000000000004cb4                _u_boot_list_2_spl_image_loader_2_BOOT_DEVICE_BOARD0spl_board_load_image
 .u_boot_list_2_spl_image_loader_2_BOOT_DEVICE_MMC10spl_mmc_load_image
                0x0000000000004cc0        0xc common/spl/built-in.o
                0x0000000000004cc0                _u_boot_list_2_spl_image_loader_2_BOOT_DEVICE_MMC10spl_mmc_load_image
 .u_boot_list_2_spl_image_loader_2_BOOT_DEVICE_MMC20spl_mmc_load_image
                0x0000000000004ccc        0xc common/spl/built-in.o
                0x0000000000004ccc                _u_boot_list_2_spl_image_loader_2_BOOT_DEVICE_MMC20spl_mmc_load_image
 .u_boot_list_2_spl_image_loader_2_BOOT_DEVICE_MMC2_20spl_mmc_load_image
                0x0000000000004cd8        0xc common/spl/built-in.o
                0x0000000000004cd8                _u_boot_list_2_spl_image_loader_2_BOOT_DEVICE_MMC2_20spl_mmc_load_image
 .u_boot_list_2_spl_image_loader_3
                0x0000000000004ce4        0x0 common/spl/built-in.o
                0x0000000000004ce4                . = ALIGN (0x4)
                0x0000000000004ce4                __image_copy_end = .
                0x0000000000004ce4                _end = .

.bss            0x000000004ff80000      0x130
                0x000000004ff80000                . = ALIGN (0x4)
                0x000000004ff80000                __bss_start = .
 *(.bss*)
 .bss.mmc.9875  0x000000004ff80000        0x4 common/spl/built-in.o
 .bss.stdio_devices
                0x000000004ff80004        0xc common/built-in.o
                0x000000004ff80004                stdio_devices
 .bss.initialized.10390
                0x000000004ff80010        0x4 drivers/built-in.o
 .bss.mmc_devices
                0x000000004ff80014        0x8 drivers/built-in.o
 .bss.mmc_host  0x000000004ff8001c      0x110 drivers/built-in.o
                0x000000004ff8001c                mmc_host
 .bss.serial_current
                0x000000004ff8012c        0x4 drivers/built-in.o
                0x000000004ff80130                . = ALIGN (0x4)
                0x000000004ff80130                __bss_end = .
Address of section .text set to 0x60
LOAD arch/arm/cpu/armv7/start.o
START GROUP
LOAD arch/arm/mach-sunxi/built-in.o
LOAD arch/arm/cpu/armv7/built-in.o
LOAD arch/arm/cpu/built-in.o
LOAD arch/arm/lib/built-in.o
LOAD board/sunxi/built-in.o
LOAD common/spl/built-in.o
LOAD common/init/built-in.o
LOAD common/built-in.o
LOAD cmd/built-in.o
LOAD env/built-in.o
LOAD lib/built-in.o
LOAD disk/built-in.o
LOAD drivers/built-in.o
LOAD dts/built-in.o
LOAD fs/built-in.o
END GROUP
LOAD arch/arm/lib/eabi_compat.o
LOAD arch/arm/lib/lib.a
OUTPUT(u-boot-spl elf32-littlearm)

.ARM.attributes
                0x0000000000000000       0x2f
 .ARM.attributes
                0x0000000000000000       0x1f arch/arm/cpu/armv7/start.o
 .ARM.attributes
                0x000000000000001f       0x2d arch/arm/mach-sunxi/built-in.o
 .ARM.attributes
                0x000000000000004c       0x31 arch/arm/cpu/armv7/built-in.o
 .ARM.attributes
                0x000000000000007d       0x2b arch/arm/lib/built-in.o
 .ARM.attributes
                0x00000000000000a8       0x2d board/sunxi/built-in.o
 .ARM.attributes
                0x00000000000000d5       0x2d common/spl/built-in.o
 .ARM.attributes
                0x0000000000000102       0x2d common/init/built-in.o
 .ARM.attributes
                0x000000000000012f       0x2d common/built-in.o
 .ARM.attributes
                0x000000000000015c       0x2d env/built-in.o
 .ARM.attributes
                0x0000000000000189       0x2f lib/built-in.o
 .ARM.attributes
                0x00000000000001b8       0x2d disk/built-in.o
 .ARM.attributes
                0x00000000000001e5       0x2d drivers/built-in.o
 .ARM.attributes
                0x0000000000000212       0x1f arch/arm/lib/lib.a(lib1funcs.o)
 .ARM.attributes
                0x0000000000000231       0x2d arch/arm/lib/lib.a(div0.o)

.comment        0x0000000000000000       0x32
 .comment       0x0000000000000000       0x32 arch/arm/mach-sunxi/built-in.o
                                        0x198 (size before relaxing)
 .comment       0x0000000000000032      0x198 arch/arm/cpu/armv7/built-in.o
 .comment       0x0000000000000032      0x1fe arch/arm/lib/built-in.o
 .comment       0x0000000000000032       0x99 board/sunxi/built-in.o
 .comment       0x0000000000000032       0x66 common/spl/built-in.o
 .comment       0x0000000000000032       0x33 common/init/built-in.o
 .comment       0x0000000000000032      0x231 common/built-in.o
 .comment       0x0000000000000032       0x66 env/built-in.o
 .comment       0x0000000000000032      0x4fb lib/built-in.o
 .comment       0x0000000000000032       0x66 disk/built-in.o
 .comment       0x0000000000000032      0x231 drivers/built-in.o
 .comment       0x0000000000000032       0x33 arch/arm/lib/lib.a(div0.o)

.note.GNU-stack
                0x0000000000000000        0x0
 .note.GNU-stack
                0x0000000000000000        0x0 arch/arm/mach-sunxi/built-in.o
 .note.GNU-stack
                0x0000000000000000        0x0 arch/arm/cpu/armv7/built-in.o
 .note.GNU-stack
                0x0000000000000000        0x0 arch/arm/lib/built-in.o
 .note.GNU-stack
                0x0000000000000000        0x0 board/sunxi/built-in.o
 .note.GNU-stack
                0x0000000000000000        0x0 common/spl/built-in.o
 .note.GNU-stack
                0x0000000000000000        0x0 common/init/built-in.o
 .note.GNU-stack
                0x0000000000000000        0x0 common/built-in.o
 .note.GNU-stack
                0x0000000000000000        0x0 env/built-in.o
 .note.GNU-stack
                0x0000000000000000        0x0 lib/built-in.o
 .note.GNU-stack
                0x0000000000000000        0x0 disk/built-in.o
 .note.GNU-stack
                0x0000000000000000        0x0 drivers/built-in.o
 .note.GNU-stack
                0x0000000000000000        0x0 arch/arm/lib/lib.a(div0.o)

.debug_line     0x0000000000000000    0x10384
 .debug_line    0x0000000000000000       0x8f arch/arm/cpu/armv7/start.o
 .debug_line    0x000000000000008f     0x13a2 arch/arm/mach-sunxi/built-in.o
 .debug_line    0x0000000000001431     0x1223 arch/arm/cpu/armv7/built-in.o
 .debug_line    0x0000000000002654     0x1759 arch/arm/lib/built-in.o
 .debug_line    0x0000000000003dad      0x98e board/sunxi/built-in.o
 .debug_line    0x000000000000473b      0x7a3 common/spl/built-in.o
 .debug_line    0x0000000000004ede      0x224 common/init/built-in.o
 .debug_line    0x0000000000005102     0x2c80 common/built-in.o
 .debug_line    0x0000000000007d82      0x64f env/built-in.o
 .debug_line    0x00000000000083d1     0x4286 lib/built-in.o
 .debug_line    0x000000000000c657      0xdfe disk/built-in.o
 .debug_line    0x000000000000d455     0x2dfc drivers/built-in.o
 .debug_line    0x0000000000010251       0xf1 arch/arm/lib/lib.a(lib1funcs.o)
 .debug_line    0x0000000000010342       0x42 arch/arm/lib/lib.a(div0.o)

.debug_info     0x0000000000000000    0x6aacb
 .debug_info    0x0000000000000000       0x26 arch/arm/cpu/armv7/start.o
 .debug_info    0x0000000000000026     0x8cda arch/arm/mach-sunxi/built-in.o
 .debug_info    0x0000000000008d00     0x6144 arch/arm/cpu/armv7/built-in.o
 .debug_info    0x000000000000ee44     0x90b5 arch/arm/lib/built-in.o
 .debug_info    0x0000000000017ef9     0x538b board/sunxi/built-in.o
 .debug_info    0x000000000001d284     0x4a6e common/spl/built-in.o
 .debug_info    0x0000000000021cf2      0xff8 common/init/built-in.o
 .debug_info    0x0000000000022cea    0x12744 common/built-in.o
 .debug_info    0x000000000003542e     0x2e08 env/built-in.o
 .debug_info    0x0000000000038236    0x16e1f lib/built-in.o
 .debug_info    0x000000000004f055     0x552d disk/built-in.o
 .debug_info    0x0000000000054582    0x164d0 drivers/built-in.o
 .debug_info    0x000000000006aa52       0x22 arch/arm/lib/lib.a(lib1funcs.o)
 .debug_info    0x000000000006aa74       0x57 arch/arm/lib/lib.a(div0.o)

.debug_abbrev   0x0000000000000000    0x10ca4
 .debug_abbrev  0x0000000000000000       0x14 arch/arm/cpu/armv7/start.o
 .debug_abbrev  0x0000000000000014     0x16b8 arch/arm/mach-sunxi/built-in.o
 .debug_abbrev  0x00000000000016cc     0x13ba arch/arm/cpu/armv7/built-in.o
 .debug_abbrev  0x0000000000002a86     0x1848 arch/arm/lib/built-in.o
 .debug_abbrev  0x00000000000042ce      0xa3b board/sunxi/built-in.o
 .debug_abbrev  0x0000000000004d09      0xb34 common/spl/built-in.o
 .debug_abbrev  0x000000000000583d      0x2c0 common/init/built-in.o
 .debug_abbrev  0x0000000000005afd     0x2a74 common/built-in.o
 .debug_abbrev  0x0000000000008571      0x741 env/built-in.o
 .debug_abbrev  0x0000000000008cb2     0x44d8 lib/built-in.o
 .debug_abbrev  0x000000000000d18a      0xbf1 disk/built-in.o
 .debug_abbrev  0x000000000000dd7b     0x2eb9 drivers/built-in.o
 .debug_abbrev  0x0000000000010c34       0x12 arch/arm/lib/lib.a(lib1funcs.o)
 .debug_abbrev  0x0000000000010c46       0x5e arch/arm/lib/lib.a(div0.o)

.debug_aranges  0x0000000000000000     0x1e00
 .debug_aranges
                0x0000000000000000       0x20 arch/arm/cpu/armv7/start.o
 .debug_aranges
                0x0000000000000020      0x1d8 arch/arm/mach-sunxi/built-in.o
 .debug_aranges
                0x00000000000001f8      0x260 arch/arm/cpu/armv7/built-in.o
 .debug_aranges
                0x0000000000000458      0x2c8 arch/arm/lib/built-in.o
 .debug_aranges
                0x0000000000000720       0xb8 board/sunxi/built-in.o
 .debug_aranges
                0x00000000000007d8       0xd0 common/spl/built-in.o
 .debug_aranges
                0x00000000000008a8       0x38 common/init/built-in.o
 .debug_aranges
                0x00000000000008e0      0x520 common/built-in.o
 .debug_aranges
                0x0000000000000e00       0xb0 env/built-in.o
 .debug_aranges
                0x0000000000000eb0      0x780 lib/built-in.o
 .debug_aranges
                0x0000000000001630      0x128 disk/built-in.o
 .debug_aranges
                0x0000000000001758      0x640 drivers/built-in.o
 .debug_aranges
                0x0000000000001d98       0x48 arch/arm/lib/lib.a(lib1funcs.o)
 .debug_aranges
                0x0000000000001de0       0x20 arch/arm/lib/lib.a(div0.o)

.debug_str      0x0000000000000000     0x9702
 .debug_str     0x0000000000000000       0x6e arch/arm/cpu/armv7/start.o
 .debug_str     0x000000000000006e     0x1f8d arch/arm/mach-sunxi/built-in.o
                                       0x753f (size before relaxing)
 .debug_str     0x0000000000001ffb      0x6d6 arch/arm/cpu/armv7/built-in.o
                                       0x5abd (size before relaxing)
 .debug_str     0x00000000000026d1      0x688 arch/arm/lib/built-in.o
                                       0x8a46 (size before relaxing)
 .debug_str     0x0000000000002d59      0xbb8 board/sunxi/built-in.o
                                       0x4baa (size before relaxing)
 .debug_str     0x0000000000003911     0x1195 common/spl/built-in.o
                                       0x445f (size before relaxing)
 .debug_str     0x0000000000004aa6       0x78 common/init/built-in.o
                                       0x11f9 (size before relaxing)
 .debug_str     0x0000000000004b1e     0x1a89 common/built-in.o
                                       0xf58c (size before relaxing)
 .debug_str     0x00000000000065a7      0x2cb env/built-in.o
                                       0x2810 (size before relaxing)
 .debug_str     0x0000000000006872      0xe89 lib/built-in.o
                                      0x12494 (size before relaxing)
 .debug_str     0x00000000000076fb      0x830 disk/built-in.o
                                       0x2aa9 (size before relaxing)
 .debug_str     0x0000000000007f2b     0x17a3 drivers/built-in.o
                                       0xf495 (size before relaxing)
 .debug_str     0x00000000000096ce       0x19 arch/arm/lib/lib.a(lib1funcs.o)
                                         0x6c (size before relaxing)
 .debug_str     0x00000000000096e7       0x1b arch/arm/lib/lib.a(div0.o)
                                        0x1e8 (size before relaxing)

.debug_frame    0x0000000000000000     0x49bc
 .debug_frame   0x0000000000000000      0x3e0 arch/arm/mach-sunxi/built-in.o
 .debug_frame   0x00000000000003e0      0x36c arch/arm/cpu/armv7/built-in.o
 .debug_frame   0x000000000000074c      0x3f8 arch/arm/lib/built-in.o
 .debug_frame   0x0000000000000b44      0x1b8 board/sunxi/built-in.o
 .debug_frame   0x0000000000000cfc      0x1e8 common/spl/built-in.o
 .debug_frame   0x0000000000000ee4       0x58 common/init/built-in.o
 .debug_frame   0x0000000000000f3c      0xdd8 common/built-in.o
 .debug_frame   0x0000000000001d14      0x1cc env/built-in.o
 .debug_frame   0x0000000000001ee0     0x13e4 lib/built-in.o
 .debug_frame   0x00000000000032c4      0x4f4 disk/built-in.o
 .debug_frame   0x00000000000037b8     0x11e4 drivers/built-in.o
 .debug_frame   0x000000000000499c       0x20 arch/arm/lib/lib.a(div0.o)

.debug_loc      0x0000000000000000    0x22124
 .debug_loc     0x0000000000000000     0x19d2 arch/arm/mach-sunxi/built-in.o
 .debug_loc     0x00000000000019d2      0x6cf arch/arm/cpu/armv7/built-in.o
 .debug_loc     0x00000000000020a1      0xcc9 arch/arm/lib/built-in.o
 .debug_loc     0x0000000000002d6a      0x3cd board/sunxi/built-in.o
 .debug_loc     0x0000000000003137      0x9c3 common/spl/built-in.o
 .debug_loc     0x0000000000003afa       0xca common/init/built-in.o
 .debug_loc     0x0000000000003bc4     0x66cf common/built-in.o
 .debug_loc     0x000000000000a293      0x858 env/built-in.o
 .debug_loc     0x000000000000aaeb     0xef1f lib/built-in.o
 .debug_loc     0x0000000000019a0a     0x27d2 disk/built-in.o
 .debug_loc     0x000000000001c1dc     0x5f48 drivers/built-in.o

.debug_ranges   0x0000000000000000     0x35a8
 .debug_ranges  0x0000000000000000      0x468 arch/arm/mach-sunxi/built-in.o
 .debug_ranges  0x0000000000000468      0x238 arch/arm/cpu/armv7/built-in.o
 .debug_ranges  0x00000000000006a0      0x3e0 arch/arm/lib/built-in.o
 .debug_ranges  0x0000000000000a80       0xb8 board/sunxi/built-in.o
 .debug_ranges  0x0000000000000b38      0x1c8 common/spl/built-in.o
 .debug_ranges  0x0000000000000d00       0x28 common/init/built-in.o
 .debug_ranges  0x0000000000000d28      0x7d0 common/built-in.o
 .debug_ranges  0x00000000000014f8       0xf8 env/built-in.o
 .debug_ranges  0x00000000000015f0      0xd68 lib/built-in.o
 .debug_ranges  0x0000000000002358      0x4b8 disk/built-in.o
 .debug_ranges  0x0000000000002810      0xd48 drivers/built-in.o
 .debug_ranges  0x0000000000003558       0x40 arch/arm/lib/lib.a(lib1funcs.o)
 .debug_ranges  0x0000000000003598       0x10 arch/arm/lib/lib.a(div0.o)
