micrel_ksz90x1.c:45:12:ksz90xx_startup	16	static
micrel_ksz90x1.c:109:12:ksz90x1_of_config_group	48	static
micrel_ksz90x1.c:258:12:ksz9021_config	72	static
micrel_ksz90x1.c:344:12:ksz9031_config	80	static
micrel_ksz90x1.c:229:5:ksz9021_phy_extended_write	24	static
micrel_ksz90x1.c:252:12:ksz9021_phy_extwrite	0	static
micrel_ksz90x1.c:238:5:ksz9021_phy_extended_read	24	static
micrel_ksz90x1.c:246:12:ksz9021_phy_extread	0	static
micrel_ksz90x1.c:301:5:ksz9031_phy_extended_write	40	static
micrel_ksz90x1.c:337:12:ksz9031_phy_extwrite	0	static
micrel_ksz90x1.c:318:5:ksz9031_phy_extended_read	32	static
micrel_ksz90x1.c:330:12:ksz9031_phy_extread	0	static
micrel_ksz90x1.c:396:5:phy_micrel_ksz90x1_init	8	static
