phy-sun4i-usb.c:138:13:sun4i_usb_phy_write	24	static
phy-sun4i-usb.c:183:13:sun4i_usb_phy_passby	16	static
phy-sun4i-usb.c:346:12:sun4i_usb_phy_xlate	16	static
phy-sun4i-usb.c:230:12:sun4i_usb_phy_power_off	8	static
phy-sun4i-usb.c:210:12:sun4i_usb_phy_power_on	16	static
phy-sun4i-usb.c:314:12:sun4i_usb_phy_exit	16	static
phy-sun4i-usb.c:417:12:sun4i_usb_phy_probe	48	static
phy-sun4i-usb.c:260:12:sun4i_usb_phy_init	32	static
phy-sun4i-usb.c:366:5:sun4i_usb_phy_vbus_detect	16	static
phy-sun4i-usb.c:391:5:sun4i_usb_phy_id_detect	8	static
phy-sun4i-usb.c:404:6:sun4i_usb_phy_set_squelch_detect	0	static
