spl.c:52:13:show_boot_progress	0	static
spl.c:92:13:spl_perform_fixups	0	static
spl.c:96:6:spl_fixup_fdt	0	static
spl.c:128:13:spl_board_prepare_for_linux	0	static
spl.c:133:13:spl_board_prepare_for_boot	0	static
spl.c:138:29:spl_get_load_buffer	0	static
spl.c:143:6:spl_set_header_raw_uboot	0	static
spl.c:236:5:spl_parse_image_header	8	static
spl.c:335:24:jump_to_image_no_args	8	static
spl.c:451:6:spl_set_bd	0	static
spl.c:461:5:spl_early_init	8	static
spl.c:475:5:spl_init	8	static
spl.c:497:13:board_boot_order	8	static
spl.c:593:6:board_init_r	72	static
spl.c:743:6:preloader_console_init	8	static
spl.c:765:13:spl_relocate_stack_check	0	static
spl.c:801:7:spl_relocate_stack_gd	8	static
